Component: ARM Compiler 5.06 update 5 (build 528) Tool: armlink [4d35e2]

==============================================================================

Section Cross References

    startup_stm32l432xx.o(RESET) refers to startup_stm32l432xx.o(STACK) for __initial_sp
    startup_stm32l432xx.o(RESET) refers to startup_stm32l432xx.o(.text) for Reset_Handler
    startup_stm32l432xx.o(RESET) refers to stm32l4xx_it.o(i.NMI_Handler) for NMI_Handler
    startup_stm32l432xx.o(RESET) refers to stm32l4xx_it.o(i.HardFault_Handler) for HardFault_Handler
    startup_stm32l432xx.o(RESET) refers to stm32l4xx_it.o(i.MemManage_Handler) for MemManage_Handler
    startup_stm32l432xx.o(RESET) refers to stm32l4xx_it.o(i.BusFault_Handler) for BusFault_Handler
    startup_stm32l432xx.o(RESET) refers to stm32l4xx_it.o(i.UsageFault_Handler) for UsageFault_Handler
    startup_stm32l432xx.o(RESET) refers to stm32l4xx_it.o(i.SVC_Handler) for SVC_Handler
    startup_stm32l432xx.o(RESET) refers to stm32l4xx_it.o(i.DebugMon_Handler) for DebugMon_Handler
    startup_stm32l432xx.o(RESET) refers to stm32l4xx_it.o(i.PendSV_Handler) for PendSV_Handler
    startup_stm32l432xx.o(RESET) refers to stm32l4xx_it.o(i.SysTick_Handler) for SysTick_Handler
    startup_stm32l432xx.o(RESET) refers to stm32l4xx_it.o(i.DMA1_Channel4_IRQHandler) for DMA1_Channel4_IRQHandler
    startup_stm32l432xx.o(RESET) refers to stm32l4xx_it.o(i.DMA1_Channel5_IRQHandler) for DMA1_Channel5_IRQHandler
    startup_stm32l432xx.o(RESET) refers to stm32l4xx_it.o(i.DMA1_Channel7_IRQHandler) for DMA1_Channel7_IRQHandler
    startup_stm32l432xx.o(RESET) refers to stm32l4xx_it.o(i.TIM1_UP_TIM16_IRQHandler) for TIM1_UP_TIM16_IRQHandler
    startup_stm32l432xx.o(RESET) refers to stm32l4xx_it.o(i.USART1_IRQHandler) for USART1_IRQHandler
    startup_stm32l432xx.o(RESET) refers to stm32l4xx_it.o(i.USART2_IRQHandler) for USART2_IRQHandler
    startup_stm32l432xx.o(.text) refers to system_stm32l4xx.o(i.SystemInit) for SystemInit
    startup_stm32l432xx.o(.text) refers to entry.o(.ARM.Collect$$$$00000000) for __main
    me3616.o(i.AT_ResultReport) refers to me3616.o(i.DBG_Print) for DBG_Print
    me3616.o(i.Active_Report) refers to strlen.o(.text) for strlen
    me3616.o(i.Active_Report) refers to strncmp.o(.text) for strncmp
    me3616.o(i.Active_Report) refers to me3616.o(i.UnknowActiveReport_Callback) for UnknowActiveReport_Callback
    me3616.o(i.Active_Report) refers to me3616.o(.data) for AT_Report_String
    me3616.o(i.CFUN_Callback) refers to me3616.o(i.DBG_Print) for DBG_Print
    me3616.o(i.CFUN_Callback) refers to strstr.o(.text) for strstr
    me3616.o(i.CFUN_Callback) refers to me3616.o(i.Set_Sys_State) for Set_Sys_State
    me3616.o(i.CFUN_Callback) refers to me3616.o(i.Clear_Sys_State) for Clear_Sys_State
    me3616.o(i.CFUN_Callback) refers to me3616.o(i.State_Hex2Str) for State_Hex2Str
    me3616.o(i.CME_Callback) refers to me3616.o(i.DBG_Print) for DBG_Print
    me3616.o(i.CPIN_Callback) refers to me3616.o(i.DBG_Print) for DBG_Print
    me3616.o(i.CPIN_Callback) refers to strstr.o(.text) for strstr
    me3616.o(i.CPIN_Callback) refers to me3616.o(i.Set_Sys_State) for Set_Sys_State
    me3616.o(i.CPIN_Callback) refers to me3616.o(i.Clear_Sys_State) for Clear_Sys_State
    me3616.o(i.CPIN_Callback) refers to me3616.o(i.State_Hex2Str) for State_Hex2Str
    me3616.o(i.Check_Response) refers to strncmp.o(.text) for strncmp
    me3616.o(i.Check_Response) refers to me3616.o(i.Set_AT_Info) for Set_AT_Info
    me3616.o(i.Check_Response) refers to me3616.o(i.DBG_Print) for DBG_Print
    me3616.o(i.Check_Response) refers to me3616.o(i.AT_ResultReport) for AT_ResultReport
    me3616.o(i.Check_Response) refers to me3616.o(i.CME_Callback) for CME_Callback
    me3616.o(i.Check_Response) refers to me3616_app.o(i.Command_Response) for Command_Response
    me3616.o(i.Check_Response) refers to me3616.o(i.Active_Report) for Active_Report
    me3616.o(i.Command_Response) refers to me3616.o(i.DBG_Print) for DBG_Print
    me3616.o(i.DBG_Print) refers to stm32l4xx_hal.o(i.HAL_GetTick) for HAL_GetTick
    me3616.o(i.DBG_Print) refers to printfa.o(i.__0sprintf) for __2sprintf
    me3616.o(i.DBG_Print) refers to stm32l4xx_hal_uart.o(i.HAL_UART_Transmit_DMA) for HAL_UART_Transmit_DMA
    me3616.o(i.DBG_Print) refers to usart.o(.bss) for huart2
    me3616.o(i.DBG_Print) refers to me3616.o(.bss) for ME3616_Instance
    me3616.o(i.ECOAPNMI_Callback) refers to me3616.o(i.DBG_Print) for DBG_Print
    me3616.o(i.EMQDISCON_Callback) refers to me3616.o(i.DBG_Print) for DBG_Print
    me3616.o(i.EMQPUB_Callback) refers to me3616.o(i.DBG_Print) for DBG_Print
    me3616.o(i.ESODATA_Callback) refers to me3616.o(i.DBG_Print) for DBG_Print
    me3616.o(i.ESONMI_Callback) refers to me3616.o(i.DBG_Print) for DBG_Print
    me3616.o(i.Hex2Str) refers to printfa.o(i.__0sprintf) for __2sprintf
    me3616.o(i.HexStrToByte) refers to toupper.o(.text) for toupper
[...]
    i.UART_DMATransmitCplt                   0x080051d4   Section        0  stm32l4xx_hal_uart.o(i.UART_DMATransmitCplt)
    UART_DMATransmitCplt                     0x080051d5   Thumb Code    56  stm32l4xx_hal_uart.o(i.UART_DMATransmitCplt)
    i.UART_DMATxHalfCplt                     0x0800520c   Section        0  stm32l4xx_hal_uart.o(i.UART_DMATxHalfCplt)
    UART_DMATxHalfCplt                       0x0800520d   Thumb Code    14  stm32l4xx_hal_uart.o(i.UART_DMATxHalfCplt)
    i.UART_EndRxTransfer                     0x0800521a   Section        0  stm32l4xx_hal_uart.o(i.UART_EndRxTransfer)
    UART_EndRxTransfer                       0x0800521b   Thumb Code    36  stm32l4xx_hal_uart.o(i.UART_EndRxTransfer)
    i.UART_EndTransmit_IT                    0x0800523e   Section        0  stm32l4xx_hal_uart.o(i.UART_EndTransmit_IT)
    UART_EndTransmit_IT                      0x0800523f   Thumb Code    34  stm32l4xx_hal_uart.o(i.UART_EndTransmit_IT)
    i.UART_EndTxTransfer                     0x08005260   Section        0  stm32l4xx_hal_uart.o(i.UART_EndTxTransfer)
    UART_EndTxTransfer                       0x08005261   Thumb Code    20  stm32l4xx_hal_uart.o(i.UART_EndTxTransfer)
    i.UART_RxISR_16BIT                       0x08005274   Section        0  stm32l4xx_hal_uart.o(i.UART_RxISR_16BIT)
    UART_RxISR_16BIT                         0x08005275   Thumb Code   108  stm32l4xx_hal_uart.o(i.UART_RxISR_16BIT)
    i.UART_RxISR_8BIT                        0x080052e0   Section        0  stm32l4xx_hal_uart.o(i.UART_RxISR_8BIT)
    UART_RxISR_8BIT                          0x080052e1   Thumb Code   102  stm32l4xx_hal_uart.o(i.UART_RxISR_8BIT)
    i.UART_SetConfig                         0x08005348   Section        0  stm32l4xx_hal_uart.o(i.UART_SetConfig)
    i.UART_WaitOnFlagUntilTimeout            0x08005722   Section        0  stm32l4xx_hal_uart.o(i.UART_WaitOnFlagUntilTimeout)
    i.USART1_IRQHandler                      0x08005790   Section        0  stm32l4xx_it.o(i.USART1_IRQHandler)
    i.USART2_IRQHandler                      0x080057b4   Section        0  stm32l4xx_it.o(i.USART2_IRQHandler)
    i.UnknowActiveReport_Callback            0x080057d8   Section        0  me3616.o(i.UnknowActiveReport_Callback)
    i.UsageFault_Handler                     0x08005810   Section        0  stm32l4xx_it.o(i.UsageFault_Handler)
    i.UserCmdReqMsgDeserialize               0x08005814   Section        0  easyiot.o(i.UserCmdReqMsgDeserialize)
    i.UserCmdRspMsgSerialize                 0x080058f4   Section        0  easyiot.o(i.UserCmdRspMsgSerialize)
    i.UserUpAckMsgDeserialize                0x08005a34   Section        0  easyiot.o(i.UserUpAckMsgDeserialize)
    i.UserUpMsgSerialize                     0x08005a3c   Section        0  easyiot.o(i.UserUpMsgSerialize)
    i.Wait_AT_Response                       0x08005d26   Section        0  me3616_if.o(i.Wait_AT_Response)
    i.Wait_AT_SendReady                      0x08005d6c   Section        0  me3616_if.o(i.Wait_AT_SendReady)
    i.ZGPSR_Callback                         0x08005da8   Section        0  me3616.o(i.ZGPSR_Callback)
    i._Error_Handler                         0x08005dd4   Section        0  main.o(i._Error_Handler)
    i.__0sprintf                             0x08005dd8   Section        0  printfa.o(i.__0sprintf)
    i.__0vsprintf                            0x08005e00   Section        0  printfa.o(i.__0vsprintf)
    i.__aeabi_errno_addr                     0x08005e24   Section        0  errno.o(i.__aeabi_errno_addr)
    i.__scatterload_copy                     0x08005e2c   Section       14  handlers.o(i.__scatterload_copy)
    i.__scatterload_null                     0x08005e3a   Section        2  handlers.o(i.__scatterload_null)
    i.__scatterload_zeroinit                 0x08005e3c   Section       14  handlers.o(i.__scatterload_zeroinit)
    i._fp_digits                             0x08005e4c   Section        0  printfa.o(i._fp_digits)
    _fp_digits                               0x08005e4d   Thumb Code   366  printfa.o(i._fp_digits)
    i._printf_core                           0x08005fd8   Section        0  printfa.o(i._printf_core)
    _printf_core                             0x08005fd9   Thumb Code  1744  printfa.o(i._printf_core)
    i._printf_post_padding                   0x080066ba   Section        0  printfa.o(i._printf_post_padding)
    _printf_post_padding                     0x080066bb   Thumb Code    36  printfa.o(i._printf_post_padding)
    i._printf_pre_padding                    0x080066de   Section        0  printfa.o(i._printf_pre_padding)
    _printf_pre_padding                      0x080066df   Thumb Code    46  printfa.o(i._printf_pre_padding)
    i._sputc                                 0x0800670c   Section        0  printfa.o(i._sputc)
    _sputc                                   0x0800670d   Thumb Code    10  printfa.o(i._sputc)
    i.a2b_hex                                0x08006718   Section        0  easyiot.o(i.a2b_hex)
    i.ack_handler                            0x080067ec   Section        0  me3616_app.o(i.ack_handler)
    i.alignment_u16_r                        0x08006810   Section        0  easyiot.o(i.alignment_u16_r)
    i.alignment_u16_w                        0x0800681e   Section        0  easyiot.o(i.alignment_u16_w)
    i.alignment_u32_w                        0x0800682a   Section        0  easyiot.o(i.alignment_u32_w)
    i.alignment_u64_w                        0x08006834   Section        0  easyiot.o(i.alignment_u64_w)
    i.cmd_handler_callback                   0x08006844   Section        0  me3616_app.o(i.cmd_handler_callback)
    i.double_serialize                       0x080068c0   Section        0  easyiot.o(i.double_serialize)
    i.float_serialize                        0x080068d0   Section        0  easyiot.o(i.float_serialize)
    i.free                                   0x080068dc   Section        0  malloc.o(i.free)
    i.getBattery                             0x0800692c   Section        0  me3616_app.o(i.getBattery)
    i.getSignal                              0x08006938   Section        0  me3616_app.o(i.getSignal)
    i.getTimestamp                           0x08006944   Section        0  me3616_app.o(i.getTimestamp)
    i.get_tlv_from_msg                       0x08006950   Section        0  easyiot.o(i.get_tlv_from_msg)
    i.host2NetDouble                         0x08006a1c   Section        0  easyiot.o(i.host2NetDouble)
    i.host2NetFloat                          0x08006a48   Section        0  easyiot.o(i.host2NetFloat)
    i.host2NetInt16                          0x08006a9a   Section        0  easyiot.o(i.host2NetInt16)
    i.host2NetInt32                          0x08006aae   Section        0  easyiot.o(i.host2NetInt32)
    i.host2NetInt64                          0x08006ad0   Section        0  easyiot.o(i.host2NetInt64)
    i.host2NetInt8                           0x08006b6e   Section        0  easyiot.o(i.host2NetInt8)
    i.int16_serialize                        0x08006b76   Section        0  easyiot.o(i.int16_serialize)
    i.int32_serialize                        0x08006b80   Section        0  easyiot.o(i.int32_serialize)
    i.int64_serialize                        0x08006b84   Section        0  easyiot.o(i.int64_serialize)
    i.int8_serialize                         0x08006b90   Section        0  easyiot.o(i.int8_serialize)
    i.main                                   0x08006b9c   Section        0  main.o(i.main)
    i.malloc                                 0x08006c6c   Section        0  malloc.o(i.malloc)
    i.me3616_test_easyiot                    0x08006cd8   Section        0  me3616_app.o(i.me3616_test_easyiot)
    i.net2HostInt8                           0x08006fb0   Section        0  easyiot.o(i.net2HostInt8)
    i.pushMessageStackedBuffer               0x08006fb8   Section        0  easyiot.o(i.pushMessageStackedBuffer)
    i.pushMessageStatic                      0x0800703c   Section        0  easyiot.o(i.pushMessageStatic)
    i.pushMessages                           0x080070d0   Section        0  easyiot.o(i.pushMessages)
    i.setAckHandler                          0x0800712c   Section        0  easyiot.o(i.setAckHandler)
    i.setBatteryCb                           0x08007160   Section        0  easyiot.o(i.setBatteryCb)
    i.setCmdHandler                          0x08007198   Section        0  easyiot.o(i.setCmdHandler)
    i.setLogSerialOutputCb                   0x08007284   Section        0  easyiot.o(i.setLogSerialOutputCb)
    i.setMessages                            0x080072c8   Section        0  easyiot.o(i.setMessages)
    i.setNbSerialOutputCb                    0x08007308   Section        0  easyiot.o(i.setNbSerialOutputCb)
    i.setSignalCb                            0x08007348   Section        0  easyiot.o(i.setSignalCb)
    i.setsTimestampCb                        0x08007380   Section        0  easyiot.o(i.setsTimestampCb)
    i.value_serialize                        0x080073b8   Section        0  easyiot.o(i.value_serialize)
    .constdata                               0x08007478   Section       20  me3616.o(.constdata)
    .constdata                               0x0800748c   Section       72  system_stm32l4xx.o(.constdata)
    .constdata                               0x080074d4   Section      129  ctype_o.o(.constdata)
    .constdata                               0x08007558   Section        4  ctype_o.o(.constdata)
    table                                    0x08007558   Data           4  ctype_o.o(.constdata)
    .conststring                             0x0800755c   Section     1441  me3616.o(.conststring)
    .conststring                             0x08007b00   Section       32  me3616_app.o(.conststring)
    .conststring                             0x08007b20   Section       67  easyiot.o(.conststring)
    .data                                    0x20000000   Section      708  me3616.o(.data)
    .data                                    0x200002c4   Section       16  me3616_app.o(.data)
    .data                                    0x200002d4   Section        4  stm32l4xx_hal.o(.data)
    .data                                    0x200002d8   Section        4  system_stm32l4xx.o(.data)
    .data                                    0x200002dc   Section       29  easyiot.o(.data)
    gl_timestampcb                           0x200002dc   Data           4  easyiot.o(.data)
    gl_signalcb                              0x200002e0   Data           4  easyiot.o(.data)
    gl_batterycb                             0x200002e4   Data           4  easyiot.o(.data)
    gl_ackhandler                            0x200002e8   Data           4  easyiot.o(.data)
    gl_nb_out                                0x200002ec   Data           4  easyiot.o(.data)
    gl_log_out                               0x200002f0   Data           4  easyiot.o(.data)
    cmd_handler_count                        0x200002f4   Data           4  easyiot.o(.data)
    gl_loglevel                              0x200002f8   Data           1  easyiot.o(.data)
    .data                                    0x200002fc   Section        4  mvars.o(.data)
    .data                                    0x20000300   Section        4  mvars.o(.data)
    .data                                    0x20000304   Section        4  errno.o(.data)
    _errno                                   0x20000304   Data           4  errno.o(.data)
    .bss                                     0x20000308   Section     1104  me3616.o(.bss)
    .bss                                     0x20000758   Section     1600  me3616_app.o(.bss)
    .bss                                     0x20000d98   Section      456  usart.o(.bss)
    .bss                                     0x20000f60   Section       64  stm32l4xx_hal_timebase_tim.o(.bss)
    .bss                                     0x20000fa0   Section      104  easyiot.o(.bss)
    gl_imei                                  0x20000fa0   Data          20  easyiot.o(.bss)
    gl_imsi                                  0x20000fb4   Data          20  easyiot.o(.bss)
    gl_cmd_handlers                          0x20000fc8   Data          64  easyiot.o(.bss)
    HEAP                                     0x20001008   Section     1024  startup_stm32l432xx.o(HEAP)
    STACK                                    0x20001408   Section     4096  startup_stm32l432xx.o(STACK)

    Global Symbols

    Symbol Name                              Value     Ov Type        Size  Object(Section)

    BuildAttributes$$THM_ISAv4$E$P$D$K$B$S$7EM$VFPi3$EXTD16$VFPS$VFMA$PE$A:L22UL41UL21$X:L11$S22US41US21$IEEE1$IW$USESV6$~STKCKD$USESV7$~SHL$OSPACE$ROPI$EBA8$MICROLIB$REQ8$PRES8$EABIv2 0x00000000   Number         0  anon$$obj.o ABSOLUTE
    __ARM_use_no_argv                        0x00000000   Number         0  main.o ABSOLUTE
    _printf_a                                0x00000000   Number         0  stubs.o ABSOLUTE
    _printf_c                                0x00000000   Number         0  stubs.o ABSOLUTE
    _printf_charcount                        0x00000000   Number         0  stubs.o ABSOLUTE
    _printf_d                                0x00000000   Number         0  stubs.o ABSOLUTE
    _printf_e                                0x00000000   Number         0  stubs.o ABSOLUTE
    _printf_f                                0x00000000   Number         0  stubs.o ABSOLUTE
    _printf_flags                            0x00000000   Number         0  stubs.o ABSOLUTE
    _printf_fp_dec                           0x00000000   Number         0  stubs.o ABSOLUTE
    _printf_fp_hex                           0x00000000   Number         0  stubs.o ABSOLUTE
    _printf_g                                0x00000000   Number         0  stubs.o ABSOLUTE
    _printf_i                                0x00000000   Number         0  stubs.o ABSOLUTE
    _printf_int_dec                          0x00000000   Number         0  stubs.o ABSOLUTE
    _printf_l                                0x00000000   Number         0  stubs.o ABSOLUTE
    _printf_lc                               0x00000000   Number         0  stubs.o ABSOLUTE
    _printf_ll                               0x00000000   Number         0  stubs.o ABSOLUTE
    _printf_lld                              0x00000000   Number         0  stubs.o ABSOLUTE
    _printf_lli                              0x00000000   Number         0  stubs.o ABSOLUTE
    _printf_llo                              0x00000000   Number         0  stubs.o ABSOLUTE
    _printf_llu                              0x00000000   Number         0  stubs.o ABSOLUTE
    _printf_llx                              0x00000000   Number         0  stubs.o ABSOLUTE
    _printf_longlong_dec                     0x00000000   Number         0  stubs.o ABSOLUTE
    _printf_longlong_hex                     0x00000000   Number         0  stubs.o ABSOLUTE
    _printf_longlong_oct                     0x00000000   Number         0  stubs.o ABSOLUTE
    _printf_ls                               0x00000000   Number         0  stubs.o ABSOLUTE
    _printf_mbtowc                           0x00000000   Number         0  stubs.o ABSOLUTE
    _printf_n                                0x00000000   Number         0  stubs.o ABSOLUTE
    _printf_o                                0x00000000   Number         0  stubs.o ABSOLUTE
    _printf_p                                0x00000000   Number         0  stubs.o ABSOLUTE
    _printf_percent                          0x00000000   Number         0  stubs.o ABSOLUTE
    _printf_pre_padding                      0x00000000   Number         0  stubs.o ABSOLUTE
    _printf_return_value                     0x00000000   Number         0  stubs.o ABSOLUTE
    _printf_s                                0x00000000   Number         0  stubs.o ABSOLUTE
    _printf_sizespec                         0x00000000   Number         0  stubs.o ABSOLUTE
    _printf_str                              0x00000000   Number         0  stubs.o ABSOLUTE
    _printf_truncate_signed                  0x00000000   Number         0  stubs.o ABSOLUTE
    _printf_truncate_unsigned                0x00000000   Number         0  stubs.o ABSOLUTE
    _printf_u                                0x00000000   Number         0  stubs.o ABSOLUTE
    _printf_wc                               0x00000000   Number         0  stubs.o ABSOLUTE
    _printf_wctomb                           0x00000000   Number         0  stubs.o ABSOLUTE
    _printf_widthprec                        0x00000000   Number         0  stubs.o ABSOLUTE
    _printf_x                                0x00000000   Number         0  stubs.o ABSOLUTE
    __cpp_initialize__aeabi_                  - Undefined Weak Reference
    __cxa_finalize                            - Undefined Weak Reference
    _clock_init                               - Undefined Weak Reference
    _microlib_exit                            - Undefined Weak Reference
    __Vectors_Size                           0x0000018c   Number         0  startup_stm32l432xx.o ABSOLUTE
    __Vectors                                0x08000000   Data           4  startup_stm32l432xx.o(RESET)
    __Vectors_End                            0x0800018c   Data           0  startup_stm32l432xx.o(RESET)
    __main                                   0x0800018d   Thumb Code     0  entry.o(.ARM.Collect$$$$00000000)
    _main_stk                                0x0800018d   Thumb Code     0  entry2.o(.ARM.Collect$$$$00000001)
    _main_scatterload                        0x08000191   Thumb Code     0  entry5.o(.ARM.Collect$$$$00000004)
    __main_after_scatterload                 0x08000195   Thumb Code     0  entry5.o(.ARM.Collect$$$$00000004)
    _main_clock                              0x08000195   Thumb Code     0  entry7b.o(.ARM.Collect$$$$00000008)
    _main_cpp_init                           0x08000195   Thumb Code     0  entry8b.o(.ARM.Collect$$$$0000000A)
    _main_init                               0x08000195   Thumb Code     0  entry9a.o(.ARM.Collect$$$$0000000B)
    __rt_final_cpp                           0x0800019d   Thumb Code     0  entry10a.o(.ARM.Collect$$$$0000000D)
    __rt_final_exit                          0x0800019d   Thumb Code     0  entry11a.o(.ARM.Collect$$$$0000000F)
    Reset_Handler                            0x080001a1   Thumb Code     8  startup_stm32l432xx.o(.text)
    ADC1_IRQHandler                          0x080001bb   Thumb Code     0  startup_stm32l432xx.o(.text)
    CAN1_RX0_IRQHandler                      0x080001bb   Thumb Code     0  startup_stm32l432xx.o(.text)
    CAN1_RX1_IRQHandler                      0x080001bb   Thumb Code     0  startup_stm32l432xx.o(.text)
    CAN1_SCE_IRQHandler                      0x080001bb   Thumb Code     0  startup_stm32l432xx.o(.text)
    CAN1_TX_IRQHandler                       0x080001bb   Thumb Code     0  startup_stm32l432xx.o(.text)
    COMP_IRQHandler                          0x080001bb   Thumb Code     0  startup_stm32l432xx.o(.text)
    CRS_IRQHandler                           0x080001bb   Thumb Code     0  startup_stm32l432xx.o(.text)
    DMA1_Channel1_IRQHandler                 0x080001bb   Thumb Code     0  startup_stm32l432xx.o(.text)
    DMA1_Channel2_IRQHandler                 0x080001bb   Thumb Code     0  startup_stm32l432xx.o(.text)
    DMA1_Channel3_IRQHandler                 0x080001bb   Thumb Code     0  startup_stm32l432xx.o(.text)
    DMA1_Channel6_IRQHandler                 0x080001bb   Thumb Code     0  startup_stm32l432xx.o(.text)
    DMA2_Channel1_IRQHandler                 0x080001bb   Thumb Code     0  startup_stm32l432xx.o(.text)
    DMA2_Channel2_IRQHandler                 0x080001bb   Thumb Code     0  startup_stm32l432xx.o(.text)
    DMA2_Channel3_IRQHandler                 0x080001bb   Thumb Code     0  startup_stm32l432xx.o(.text)
    DMA2_Channel4_IRQHandler                 0x080001bb   Thumb Code     0  startup_stm32l432xx.o(.text)
    DMA2_Channel5_IRQHandler                 0x080001bb   Thumb Code     0  startup_stm32l432xx.o(.text)
    DMA2_Channel6_IRQHandler                 0x080001bb   Thumb Code     0  startup_stm32l432xx.o(.text)
    DMA2_Channel7_IRQHandler                 0x080001bb   Thumb Code     0  startup_stm32l432xx.o(.text)
    EXTI0_IRQHandler                         0x080001bb   Thumb Code     0  startup_stm32l432xx.o(.text)
    EXTI15_10_IRQHandler                     0x080001bb   Thumb Code     0  startup_stm32l432xx.o(.text)
    EXTI1_IRQHandler                         0x080001bb   Thumb Code     0  startup_stm32l432xx.o(.text)
    EXTI2_IRQHandler                         0x080001bb   Thumb Code     0  startup_stm32l432xx.o(.text)
    EXTI3_IRQHandler                         0x080001bb   Thumb Code     0  startup_stm32l432xx.o(.text)
    EXTI4_IRQHandler                         0x080001bb   Thumb Code     0  startup_stm32l432xx.o(.text)
    EXTI9_5_IRQHandler                       0x080001bb   Thumb Code     0  startup_stm32l432xx.o(.text)
    FLASH_IRQHandler                         0x080001bb   Thumb Code     0  startup_stm32l432xx.o(.text)
    FPU_IRQHandler                           0x080001bb   Thumb Code     0  startup_stm32l432xx.o(.text)
    I2C1_ER_IRQHandler                       0x080001bb   Thumb Code     0  startup_stm32l432xx.o(.text)
    I2C1_EV_IRQHandler                       0x080001bb   Thumb Code     0  startup_stm32l432xx.o(.text)
    I2C3_ER_IRQHandler                       0x080001bb   Thumb Code     0  startup_stm32l432xx.o(.text)
    I2C3_EV_IRQHandler                       0x080001bb   Thumb Code     0  startup_stm32l432xx.o(.text)
    LPTIM1_IRQHandler                        0x080001bb   Thumb Code     0  startup_stm32l432xx.o(.text)
    LPTIM2_IRQHandler                        0x080001bb   Thumb Code     0  startup_stm32l432xx.o(.text)
    LPUART1_IRQHandler                       0x080001bb   Thumb Code     0  startup_stm32l432xx.o(.text)
    PVD_PVM_IRQHandler                       0x080001bb   Thumb Code     0  startup_stm32l432xx.o(.text)
    QUADSPI_IRQHandler                       0x080001bb   Thumb Code     0  startup_stm32l432xx.o(.text)
    RCC_IRQHandler                           0x080001bb   Thumb Code     0  startup_stm32l432xx.o(.text)
    RNG_IRQHandler                           0x080001bb   Thumb Code     0  startup_stm32l432xx.o(.text)
    RTC_Alarm_IRQHandler                     0x080001bb   Thumb Code     0  startup_stm32l432xx.o(.text)
    RTC_WKUP_IRQHandler                      0x080001bb   Thumb Code     0  startup_stm32l432xx.o(.text)
    SAI1_IRQHandler                          0x080001bb   Thumb Code     0  startup_stm32l432xx.o(.text)
    SPI1_IRQHandler                          0x080001bb   Thumb Code     0  startup_stm32l432xx.o(.text)
    SPI3_IRQHandler                          0x080001bb   Thumb Code     0  startup_stm32l432xx.o(.text)
    SWPMI1_IRQHandler                        0x080001bb   Thumb Code     0  startup_stm32l432xx.o(.text)
    TAMP_STAMP_IRQHandler                    0x080001bb   Thumb Code     0  startup_stm32l432xx.o(.text)
    TIM1_BRK_TIM15_IRQHandler                0x080001bb   Thumb Code     0  startup_stm32l432xx.o(.text)
    TIM1_CC_IRQHandler                       0x080001bb   Thumb Code     0  startup_stm32l432xx.o(.text)
    TIM1_TRG_COM_IRQHandler                  0x080001bb   Thumb Code     0  startup_stm32l432xx.o(.text)
    TIM2_IRQHandler                          0x080001bb   Thumb Code     0  startup_stm32l432xx.o(.text)
    TIM6_DAC_IRQHandler                      0x080001bb   Thumb Code     0  startup_stm32l432xx.o(.text)
    TIM7_IRQHandler                          0x080001bb   Thumb Code     0  startup_stm32l432xx.o(.text)
    TSC_IRQHandler                           0x080001bb   Thumb Code     0  startup_stm32l432xx.o(.text)
    USB_IRQHandler                           0x080001bb   Thumb Code     0  startup_stm32l432xx.o(.text)
    WWDG_IRQHandler                          0x080001bb   Thumb Code     0  startup_stm32l432xx.o(.text)
    __aeabi_uldivmod                         0x080001c5   Thumb Code    98  uldiv.o(.text)
    __aeabi_memcpy                           0x0800022d   Thumb Code    36  memcpya.o(.text)
    __aeabi_memcpy4                          0x0800022d   Thumb Code     0  memcpya.o(.text)
    __aeabi_memcpy8                          0x0800022d   Thumb Code     0  memcpya.o(.text)
    __aeabi_memset                           0x08000251   Thumb Code    14  memseta.o(.text)
    __aeabi_memset4                          0x08000251   Thumb Code     0  memseta.o(.text)
    __aeabi_memset8                          0x08000251   Thumb Code     0  memseta.o(.text)
    __aeabi_memclr                           0x0800025f   Thumb Code     4  memseta.o(.text)
    __aeabi_memclr4                          0x0800025f   Thumb Code     0  memseta.o(.text)
    __aeabi_memclr8                          0x0800025f   Thumb Code     0  memseta.o(.text)
    _memset$wrapper                          0x08000263   Thumb Code    18  memseta.o(.text)
    strstr                                   0x08000275   Thumb Code    36  strstr.o(.text)
    strncpy                                  0x08000299   Thumb Code    24  strncpy.o(.text)
    strlen                                   0x080002b1   Thumb Code    14  strlen.o(.text)
    strcpy                                   0x080002bf   Thumb Code    18  strcpy.o(.text)
    strncmp                                  0x080002d1   Thumb Code    30  strncmp.o(.text)
    atoi                                     0x080002ef   Thumb Code    26  atoi.o(.text)
    __aeabi_uidiv                            0x08000309   Thumb Code     0  uidiv.o(.text)
    __aeabi_uidivmod                         0x08000309   Thumb Code    44  uidiv.o(.text)
    __aeabi_llsl                             0x08000335   Thumb Code    30  llshl.o(.text)
    _ll_shift_l                              0x08000335   Thumb Code     0  llshl.o(.text)
    __aeabi_llsr                             0x08000353   Thumb Code    32  llushr.o(.text)
    _ll_ushift_r                             0x08000353   Thumb Code     0  llushr.o(.text)
    strtol                                   0x08000373   Thumb Code   112  strtol.o(.text)
    __I$use$fp                               0x080003e3   Thumb Code     0  iusefp.o(.text)
    __aeabi_dadd                             0x080003e3   Thumb Code   322  dadd.o(.text)
    __aeabi_dsub                             0x08000525   Thumb Code     6  dadd.o(.text)
    __aeabi_drsub                            0x0800052b   Thumb Code     6  dadd.o(.text)
    __aeabi_dmul                             0x08000541   Thumb Code   228  dmul.o(.text)
    __aeabi_ddiv                             0x0800062b   Thumb Code   222  ddiv.o(.text)
    __aeabi_d2ulz                            0x08000709   Thumb Code    48  dfixul.o(.text)
    __aeabi_cdrcmple                         0x08000739   Thumb Code    48  cdrcmple.o(.text)
    __scatterload                            0x08000769   Thumb Code    28  init.o(.text)
    __scatterload_rt2                        0x08000769   Thumb Code     0  init.o(.text)
    __aeabi_lasr                             0x0800078d   Thumb Code    36  llsshr.o(.text)
    _ll_sshift_r                             0x0800078d   Thumb Code     0  llsshr.o(.text)
    __rt_ctype_table                         0x080007b1   Thumb Code     4  ctype_o.o(.text)
    _strtoul                                 0x080007b9   Thumb Code   158  _strtoul.o(.text)
    _double_round                            0x0800085d   Thumb Code    30  depilogue.o(.text)
    _double_epilogue                         0x0800087b   Thumb Code   156  depilogue.o(.text)
    _chval                                   0x08000917   Thumb Code    28  _chval.o(.text)
    __decompress                             0x08000933   Thumb Code     0  __dczerorl2.o(.text)
    __decompress1                            0x08000933   Thumb Code    86  __dczerorl2.o(.text)
    AT_ResultReport                          0x08000989   Thumb Code    30  me3616.o(i.AT_ResultReport)
    Active_Report                            0x080009b5   Thumb Code    96  me3616.o(i.Active_Report)
    AddBuffer                                0x08000a1d   Thumb Code   158  easyiot.o(i.AddBuffer)
    AddInt32                                 0x08000b15   Thumb Code    28  easyiot.o(i.AddInt32)
    AddInt8                                  0x08000b31   Thumb Code    28  easyiot.o(i.AddInt8)
    BusFault_Handler                         0x08000b4d   Thumb Code     4  stm32l4xx_it.o(i.BusFault_Handler)
    CFUN_Callback                            0x08000b51   Thumb Code    90  me3616.o(i.CFUN_Callback)
    CME_Callback                             0x08000be1   Thumb Code    26  me3616.o(i.CME_Callback)
    CPIN_Callback                            0x08000c09   Thumb Code    90  me3616.o(i.CPIN_Callback)
    CalcCheckSum                             0x08000c9d   Thumb Code    28  easyiot.o(i.CalcCheckSum)
    Check_Response                           0x08000cb9   Thumb Code   176  me3616.o(i.Check_Response)
    Clear_Sys_State                          0x08000da9   Thumb Code     8  me3616.o(i.Clear_Sys_State)
    CoapHexInputStatic                       0x08000db1   Thumb Code   118  easyiot.o(i.CoapHexInputStatic)
    CoapInput                                0x08000eb1   Thumb Code   228  easyiot.o(i.CoapInput)
    CoapOutput                               0x080010c9   Thumb Code    40  easyiot.o(i.CoapOutput)
    Command_Response                         0x080010f9   Thumb Code   212  me3616_app.o(i.Command_Response)
    DBG_Forward                              0x08001209   Thumb Code   106  me3616_if.o(i.DBG_Forward)
    DBG_Print                                0x08001295   Thumb Code   182  me3616.o(i.DBG_Print)
    DMA1_Channel4_IRQHandler                 0x080013a1   Thumb Code    10  stm32l4xx_it.o(i.DMA1_Channel4_IRQHandler)
    DMA1_Channel5_IRQHandler                 0x080013b1   Thumb Code    10  stm32l4xx_it.o(i.DMA1_Channel5_IRQHandler)
    DMA1_Channel7_IRQHandler                 0x080013c1   Thumb Code    10  stm32l4xx_it.o(i.DMA1_Channel7_IRQHandler)
    DebugMon_Handler                         0x08001401   Thumb Code     2  stm32l4xx_it.o(i.DebugMon_Handler)
    ECOAPNMI_Callback                        0x08001405   Thumb Code    26  me3616.o(i.ECOAPNMI_Callback)
    EMQDISCON_Callback                       0x08001431   Thumb Code    26  me3616.o(i.EMQDISCON_Callback)
    EMQPUB_Callback                          0x08001461   Thumb Code    26  me3616.o(i.EMQPUB_Callback)
    ESODATA_Callback                         0x0800148d   Thumb Code    26  me3616.o(i.ESODATA_Callback)
    ESONMI_Callback                          0x080014b9   Thumb Code    26  me3616.o(i.ESONMI_Callback)
    EasyIotInit                              0x080014e5   Thumb Code   142  easyiot.o(i.EasyIotInit)
    FreeMessage                              0x08001615   Thumb Code    84  easyiot.o(i.FreeMessage)
    FreeTLV                                  0x080016a1   Thumb Code    36  easyiot.o(i.FreeTLV)
    GetInt8                                  0x080016d5   Thumb Code    76  easyiot.o(i.GetInt8)
    Get_AT_State                             0x0800174d   Thumb Code     6  me3616.o(i.Get_AT_State)
    Get_Last_AT_CMD                          0x08001753   Thumb Code     6  me3616.o(i.Get_Last_AT_CMD)
    Get_Sys_State                            0x08001759   Thumb Code    16  me3616.o(i.Get_Sys_State)
    HAL_DMA_Abort_IT                         0x08001769   Thumb Code    92  stm32l4xx_hal_dma.o(i.HAL_DMA_Abort_IT)
    HAL_DMA_IRQHandler                       0x080017c5   Thumb Code   254  stm32l4xx_hal_dma.o(i.HAL_DMA_IRQHandler)
    HAL_DMA_Init                             0x080018c5   Thumb Code   258  stm32l4xx_hal_dma.o(i.HAL_DMA_Init)
    HAL_DMA_Start_IT                         0x080019d1   Thumb Code   156  stm32l4xx_hal_dma.o(i.HAL_DMA_Start_IT)
    HAL_Delay                                0x08001a6d   Thumb Code    32  stm32l4xx_hal.o(i.HAL_Delay)
    HAL_GPIO_Init                            0x08001a8d   Thumb Code   408  stm32l4xx_hal_gpio.o(i.HAL_GPIO_Init)
    HAL_GPIO_ReadPin                         0x08001c39   Thumb Code    16  stm32l4xx_hal_gpio.o(i.HAL_GPIO_ReadPin)
    HAL_GPIO_WritePin                        0x08001c49   Thumb Code    10  stm32l4xx_hal_gpio.o(i.HAL_GPIO_WritePin)
    HAL_GetTick                              0x08001c55   Thumb Code     6  stm32l4xx_hal.o(i.HAL_GetTick)
    HAL_IncTick                              0x08001c61   Thumb Code    12  stm32l4xx_hal.o(i.HAL_IncTick)
    HAL_Init                                 0x08001c71   Thumb Code    42  stm32l4xx_hal.o(i.HAL_Init)
    HAL_InitTick                             0x08001ca1   Thumb Code   118  stm32l4xx_hal_timebase_tim.o(i.HAL_InitTick)
    HAL_MspInit                              0x08001d29   Thumb Code   140  stm32l4xx_hal_msp.o(i.HAL_MspInit)
    HAL_NVIC_EnableIRQ                       0x08001db9   Thumb Code    26  stm32l4xx_hal_cortex.o(i.HAL_NVIC_EnableIRQ)
    HAL_NVIC_SetPriority                     0x08001dd3   Thumb Code   124  stm32l4xx_hal_cortex.o(i.HAL_NVIC_SetPriority)
    HAL_NVIC_SetPriorityGrouping             0x08001e55   Thumb Code    32  stm32l4xx_hal_cortex.o(i.HAL_NVIC_SetPriorityGrouping)
    HAL_PWREx_ControlVoltageScaling          0x08001e7d   Thumb Code   128  stm32l4xx_hal_pwr_ex.o(i.HAL_PWREx_ControlVoltageScaling)
    HAL_PWREx_GetVoltageRange                0x08001f09   Thumb Code    10  stm32l4xx_hal_pwr_ex.o(i.HAL_PWREx_GetVoltageRange)
    HAL_RCCEx_PeriphCLKConfig                0x08001f19   Thumb Code   834  stm32l4xx_hal_rcc_ex.o(i.HAL_RCCEx_PeriphCLKConfig)
    HAL_RCC_ClockConfig                      0x08002265   Thumb Code   358  stm32l4xx_hal_rcc.o(i.HAL_RCC_ClockConfig)
    HAL_RCC_GetClockConfig                   0x080023dd   Thumb Code    58  stm32l4xx_hal_rcc.o(i.HAL_RCC_GetClockConfig)
    HAL_RCC_GetHCLKFreq                      0x08002421   Thumb Code     6  stm32l4xx_hal_rcc.o(i.HAL_RCC_GetHCLKFreq)
    HAL_RCC_GetPCLK1Freq                     0x0800242d   Thumb Code    26  stm32l4xx_hal_rcc.o(i.HAL_RCC_GetPCLK1Freq)
    HAL_RCC_GetPCLK2Freq                     0x08002451   Thumb Code    26  stm32l4xx_hal_rcc.o(i.HAL_RCC_GetPCLK2Freq)
    HAL_RCC_GetSysClockFreq                  0x08002475   Thumb Code   266  stm32l4xx_hal_rcc.o(i.HAL_RCC_GetSysClockFreq)
    HAL_RCC_OscConfig                        0x08002591   Thumb Code  1660  stm32l4xx_hal_rcc.o(i.HAL_RCC_OscConfig)
    HAL_SYSTICK_CLKSourceConfig              0x08002c19   Thumb Code    40  stm32l4xx_hal_cortex.o(i.HAL_SYSTICK_CLKSourceConfig)
    HAL_SYSTICK_Callback                     0x08002c41   Thumb Code     2  stm32l4xx_hal_cortex.o(i.HAL_SYSTICK_Callback)
    HAL_SYSTICK_Config                       0x08002c43   Thumb Code    52  stm32l4xx_hal_cortex.o(i.HAL_SYSTICK_Config)
    HAL_SYSTICK_IRQHandler                   0x08002c77   Thumb Code     8  stm32l4xx_hal_cortex.o(i.HAL_SYSTICK_IRQHandler)
    HAL_TIMEx_Break2Callback                 0x08002c7f   Thumb Code     2  stm32l4xx_hal_tim_ex.o(i.HAL_TIMEx_Break2Callback)
    HAL_TIMEx_BreakCallback                  0x08002c81   Thumb Code     2  stm32l4xx_hal_tim_ex.o(i.HAL_TIMEx_BreakCallback)
    HAL_TIMEx_CommutationCallback            0x08002c83   Thumb Code     2  stm32l4xx_hal_tim_ex.o(i.HAL_TIMEx_CommutationCallback)
    HAL_TIM_Base_Init                        0x08002c85   Thumb Code    52  stm32l4xx_hal_tim.o(i.HAL_TIM_Base_Init)
    HAL_TIM_Base_MspInit                     0x08002cb9   Thumb Code     2  stm32l4xx_hal_tim.o(i.HAL_TIM_Base_MspInit)
    HAL_TIM_Base_Start_IT                    0x08002cbd   Thumb Code    62  stm32l4xx_hal_tim.o(i.HAL_TIM_Base_Start_IT)
    HAL_TIM_IC_CaptureCallback               0x08002d01   Thumb Code     2  stm32l4xx_hal_tim.o(i.HAL_TIM_IC_CaptureCallback)
    HAL_TIM_IRQHandler                       0x08002d03   Thumb Code   440  stm32l4xx_hal_tim.o(i.HAL_TIM_IRQHandler)
    HAL_TIM_OC_DelayElapsedCallback          0x08002ebb   Thumb Code     2  stm32l4xx_hal_tim.o(i.HAL_TIM_OC_DelayElapsedCallback)
    HAL_TIM_PWM_PulseFinishedCallback        0x08002ebd   Thumb Code     2  stm32l4xx_hal_tim.o(i.HAL_TIM_PWM_PulseFinishedCallback)
    HAL_TIM_PeriodElapsedCallback            0x08002ec1   Thumb Code    18  main.o(i.HAL_TIM_PeriodElapsedCallback)
    HAL_TIM_TriggerCallback                  0x08002ed9   Thumb Code     2  stm32l4xx_hal_tim.o(i.HAL_TIM_TriggerCallback)
    HAL_UARTEx_WakeupCallback                0x08002edb   Thumb Code     2  stm32l4xx_hal_uart_ex.o(i.HAL_UARTEx_WakeupCallback)
    HAL_UART_AbortReceiveCpltCallback        0x08002edd   Thumb Code    52  me3616_if.o(i.HAL_UART_AbortReceiveCpltCallback)
    HAL_UART_AbortReceive_IT                 0x08002f3d   Thumb Code   148  stm32l4xx_hal_uart.o(i.HAL_UART_AbortReceive_IT)
    HAL_UART_ErrorCallback                   0x08002fd5   Thumb Code    12  me3616_if.o(i.HAL_UART_ErrorCallback)
    HAL_UART_IRQHandler                      0x08002ff5   Thumb Code   392  stm32l4xx_hal_uart.o(i.HAL_UART_IRQHandler)
    HAL_UART_Init                            0x08003181   Thumb Code   120  stm32l4xx_hal_uart.o(i.HAL_UART_Init)
    HAL_UART_MspInit                         0x080031f9   Thumb Code   398  usart.o(i.HAL_UART_MspInit)
    HAL_UART_Receive_DMA                     0x080033b9   Thumb Code   156  stm32l4xx_hal_uart.o(i.HAL_UART_Receive_DMA)
    HAL_UART_Receive_IT                      0x08003461   Thumb Code   214  stm32l4xx_hal_uart.o(i.HAL_UART_Receive_IT)
    HAL_UART_RxCpltCallback                  0x08003541   Thumb Code     2  stm32l4xx_hal_uart.o(i.HAL_UART_RxCpltCallback)
    HAL_UART_RxHalfCpltCallback              0x08003543   Thumb Code     2  stm32l4xx_hal_uart.o(i.HAL_UART_RxHalfCpltCallback)
    HAL_UART_Transmit_DMA                    0x08003545   Thumb Code   142  stm32l4xx_hal_uart.o(i.HAL_UART_Transmit_DMA)
    HAL_UART_TxCpltCallback                  0x080035e1   Thumb Code     2  stm32l4xx_hal_uart.o(i.HAL_UART_TxCpltCallback)
    HAL_UART_TxHalfCpltCallback              0x080035e3   Thumb Code     2  stm32l4xx_hal_uart.o(i.HAL_UART_TxHalfCpltCallback)
    HardFault_Handler                        0x080035e5   Thumb Code     4  stm32l4xx_it.o(i.HardFault_Handler)
    Hex2Str                                  0x080035e9   Thumb Code    40  me3616.o(i.Hex2Str)
    IPERF_Callback                           0x08003619   Thumb Code    26  me3616.o(i.IPERF_Callback)
    IP_Callback                              0x08003645   Thumb Code   166  me3616.o(i.IP_Callback)
    Init_UART_CM                             0x08003721   Thumb Code    70  me3616_if.o(i.Init_UART_CM)
    Logging                                  0x08003769   Thumb Code    68  easyiot.o(i.Logging)
    M2MCLIRECV_Callback                      0x080037b5   Thumb Code    40  me3616_app.o(i.M2MCLIRECV_Callback)
    M2MCLI_Callback                          0x080037f5   Thumb Code   226  me3616.o(i.M2MCLI_Callback)
    MATREADY_Callback                        0x08003955   Thumb Code    90  me3616.o(i.MATREADY_Callback)
    ME3616_APP                               0x080039e9   Thumb Code    16  me3616_app.o(i.ME3616_APP)
    ME3616_APP_ErrorHandler                  0x080039f9   Thumb Code    22  me3616_app.o(i.ME3616_APP_ErrorHandler)
    ME3616_ErrorHandler                      0x08003a15   Thumb Code    22  me3616.o(i.ME3616_ErrorHandler)
    ME3616_IF_ErrorHandler                   0x08003a31   Thumb Code    22  me3616_if.o(i.ME3616_IF_ErrorHandler)
    ME3616_Init                              0x08003a4d   Thumb Code   272  me3616.o(i.ME3616_Init)
    ME3616_PowerOn                           0x08003b61   Thumb Code    34  me3616_if.o(i.ME3616_PowerOn)
    ME3616_Reset                             0x08003b89   Thumb Code    34  me3616_if.o(i.ME3616_Reset)
    ME3616_Send_AT_Command                   0x08003bb1   Thumb Code   428  me3616.o(i.ME3616_Send_AT_Command)
    ME3616_String_Receive                    0x08003e61   Thumb Code   310  me3616.o(i.ME3616_String_Receive)
    MIPLDISCOVER_Callback                    0x08003ffd   Thumb Code    26  me3616.o(i.MIPLDISCOVER_Callback)
    MIPLEVENT_Callback                       0x0800402d   Thumb Code    26  me3616.o(i.MIPLEVENT_Callback)
    MIPLOBSERVE_Callback                     0x0800405d   Thumb Code    26  me3616.o(i.MIPLOBSERVE_Callback)
    MIPLPARAMETER_Callback                   0x0800408d   Thumb Code    26  me3616.o(i.MIPLPARAMETER_Callback)
    MIPLREAD_Callback                        0x080040c1   Thumb Code    26  me3616.o(i.MIPLREAD_Callback)
    MIPLWRITE_Callback                       0x080040ed   Thumb Code    26  me3616.o(i.MIPLWRITE_Callback)
    MX_DMA_Init                              0x0800411d   Thumb Code    80  dma.o(i.MX_DMA_Init)
    MX_GPIO_Init                             0x08004171   Thumb Code   120  gpio.o(i.MX_GPIO_Init)
    MX_USART1_UART_Init                      0x080041f1   Thumb Code    60  usart.o(i.MX_USART1_UART_Init)
    MX_USART2_UART_Init                      0x08004249   Thumb Code    60  usart.o(i.MX_USART2_UART_Init)
    MemManage_Handler                        0x080042a1   Thumb Code     4  stm32l4xx_it.o(i.MemManage_Handler)
    MessageDeserializeBodyData               0x080042a5   Thumb Code    94  easyiot.o(i.MessageDeserializeBodyData)
    MessagesDeserialize                      0x08004375   Thumb Code   196  easyiot.o(i.MessagesDeserialize)
    MessagesSerialize                        0x080044f5   Thumb Code   100  easyiot.o(i.MessagesSerialize)
    MessagesStaticMalloc                     0x080045e9   Thumb Code    92  easyiot.o(i.MessagesStaticMalloc)
    NMI_Handler                              0x08004681   Thumb Code     2  stm32l4xx_it.o(i.NMI_Handler)
    NewMessageStatic                         0x080046bd   Thumb Code    72  easyiot.o(i.NewMessageStatic)
    NewTLV                                   0x08004791   Thumb Code    36  easyiot.o(i.NewTLV)
    NewTLVStatic                             0x080047d1   Thumb Code    42  easyiot.o(i.NewTLVStatic)
    PendSV_Handler                           0x0800481d   Thumb Code     2  stm32l4xx_it.o(i.PendSV_Handler)
    RxHandler                                0x08004a45   Thumb Code    54  me3616.o(i.RxHandler)
    SVC_Handler                              0x08004a7b   Thumb Code     2  stm32l4xx_it.o(i.SVC_Handler)
    SendtoDBG                                0x08004a7d   Thumb Code    16  me3616_app.o(i.SendtoDBG)
    SendtoModule                             0x08004a8d   Thumb Code    92  me3616_app.o(i.SendtoModule)
    SerializeBody                            0x08004b31   Thumb Code   118  easyiot.o(i.SerializeBody)
    Set_AT_Info                              0x08004bc1   Thumb Code    20  me3616.o(i.Set_AT_Info)
    Set_Last_AT_CMD_None                     0x08004bd5   Thumb Code     6  me3616.o(i.Set_Last_AT_CMD_None)
    Set_Sys_State                            0x08004bdb   Thumb Code     8  me3616.o(i.Set_Sys_State)
    SysTick_Handler                          0x08004bfd   Thumb Code     8  stm32l4xx_it.o(i.SysTick_Handler)
    SystemClock_Config                       0x08004c05   Thumb Code   174  main.o(i.SystemClock_Config)
    SystemInit                               0x08004cc9   Thumb Code    68  system_stm32l4xx.o(i.SystemInit)
    TIM1_UP_TIM16_IRQHandler                 0x08004d19   Thumb Code    10  stm32l4xx_it.o(i.TIM1_UP_TIM16_IRQHandler)
    TIM_Base_SetConfig                       0x08004d29   Thumb Code   104  stm32l4xx_hal_tim.o(i.TIM_Base_SetConfig)
    TLVSerialize                             0x08004d9d   Thumb Code   100  easyiot.o(i.TLVSerialize)
    UART_AT_Receive                          0x08004e7d   Thumb Code    22  me3616_if.o(i.UART_AT_Receive)
    UART_AT_Send                             0x08004e95   Thumb Code   126  me3616_if.o(i.UART_AT_Send)
    UART_AdvFeatureConfig                    0x08004f79   Thumb Code   248  stm32l4xx_hal_uart.o(i.UART_AdvFeatureConfig)
    UART_CheckIdleState                      0x08005071   Thumb Code   116  stm32l4xx_hal_uart.o(i.UART_CheckIdleState)
    UART_SetConfig                           0x08005349   Thumb Code   946  stm32l4xx_hal_uart.o(i.UART_SetConfig)
    UART_WaitOnFlagUntilTimeout              0x08005723   Thumb Code   108  stm32l4xx_hal_uart.o(i.UART_WaitOnFlagUntilTimeout)
    USART1_IRQHandler                        0x08005791   Thumb Code    28  stm32l4xx_it.o(i.USART1_IRQHandler)
    USART2_IRQHandler                        0x080057b5   Thumb Code    28  stm32l4xx_it.o(i.USART2_IRQHandler)
    UnknowActiveReport_Callback              0x080057d9   Thumb Code    26  me3616.o(i.UnknowActiveReport_Callback)
    UsageFault_Handler                       0x08005811   Thumb Code     4  stm32l4xx_it.o(i.UsageFault_Handler)
    UserCmdReqMsgDeserialize                 0x08005815   Thumb Code   128  easyiot.o(i.UserCmdReqMsgDeserialize)
    UserCmdRspMsgSerialize                   0x080058f5   Thumb Code   188  easyiot.o(i.UserCmdRspMsgSerialize)
    UserUpAckMsgDeserialize                  0x08005a35   Thumb Code     6  easyiot.o(i.UserUpAckMsgDeserialize)
    UserUpMsgSerialize                       0x08005a3d   Thumb Code   382  easyiot.o(i.UserUpMsgSerialize)
    Wait_AT_Response                         0x08005d27   Thumb Code    70  me3616_if.o(i.Wait_AT_Response)
    Wait_AT_SendReady                        0x08005d6d   Thumb Code    60  me3616_if.o(i.Wait_AT_SendReady)
    ZGPSR_Callback                           0x08005da9   Thumb Code    26  me3616.o(i.ZGPSR_Callback)
    _Error_Handler                           0x08005dd5   Thumb Code     4  main.o(i._Error_Handler)
    __0sprintf                               0x08005dd9   Thumb Code    34  printfa.o(i.__0sprintf)
    __1sprintf                               0x08005dd9   Thumb Code     0  printfa.o(i.__0sprintf)
    __2sprintf                               0x08005dd9   Thumb Code     0  printfa.o(i.__0sprintf)
    __c89sprintf                             0x08005dd9   Thumb Code     0  printfa.o(i.__0sprintf)
    sprintf                                  0x08005dd9   Thumb Code     0  printfa.o(i.__0sprintf)
    __0vsprintf                              0x08005e01   Thumb Code    30  printfa.o(i.__0vsprintf)
    __1vsprintf                              0x08005e01   Thumb Code     0  printfa.o(i.__0vsprintf)
    __2vsprintf                              0x08005e01   Thumb Code     0  printfa.o(i.__0vsprintf)
    __c89vsprintf                            0x08005e01   Thumb Code     0  printfa.o(i.__0vsprintf)
    vsprintf                                 0x08005e01   Thumb Code     0  printfa.o(i.__0vsprintf)
    __aeabi_errno_addr                       0x08005e25   Thumb Code     4  errno.o(i.__aeabi_errno_addr)
    __rt_errno_addr                          0x08005e25   Thumb Code     0  errno.o(i.__aeabi_errno_addr)
    __scatterload_copy                       0x08005e2d   Thumb Code    14  handlers.o(i.__scatterload_copy)
    __scatterload_null                       0x08005e3b   Thumb Code     2  handlers.o(i.__scatterload_null)
    __scatterload_zeroinit                   0x08005e3d   Thumb Code    14  handlers.o(i.__scatterload_zeroinit)
    a2b_hex                                  0x08006719   Thumb Code   150  easyiot.o(i.a2b_hex)
    ack_handler                              0x080067ed   Thumb Code    14  me3616_app.o(i.ack_handler)
    alignment_u16_r                          0x08006811   Thumb Code    14  easyiot.o(i.alignment_u16_r)
    alignment_u16_w                          0x0800681f   Thumb Code    12  easyiot.o(i.alignment_u16_w)
    alignment_u32_w                          0x0800682b   Thumb Code    10  easyiot.o(i.alignment_u32_w)
    alignment_u64_w                          0x08006835   Thumb Code    16  easyiot.o(i.alignment_u64_w)
    cmd_handler_callback                     0x08006845   Thumb Code    86  me3616_app.o(i.cmd_handler_callback)
    double_serialize                         0x080068c1   Thumb Code    16  easyiot.o(i.double_serialize)
    float_serialize                          0x080068d1   Thumb Code    12  easyiot.o(i.float_serialize)
    free                                     0x080068dd   Thumb Code    76  malloc.o(i.free)
    getBattery                               0x0800692d   Thumb Code     6  me3616_app.o(i.getBattery)
    getSignal                                0x08006939   Thumb Code     6  me3616_app.o(i.getSignal)
    getTimestamp                             0x08006945   Thumb Code    10  me3616_app.o(i.getTimestamp)
    get_tlv_from_msg                         0x08006951   Thumb Code   122  easyiot.o(i.get_tlv_from_msg)
    host2NetDouble                           0x08006a1d   Thumb Code    44  easyiot.o(i.host2NetDouble)
    host2NetFloat                            0x08006a49   Thumb Code    82  easyiot.o(i.host2NetFloat)
    host2NetInt16                            0x08006a9b   Thumb Code    20  easyiot.o(i.host2NetInt16)
    host2NetInt32                            0x08006aaf   Thumb Code    34  easyiot.o(i.host2NetInt32)
    host2NetInt64                            0x08006ad1   Thumb Code   158  easyiot.o(i.host2NetInt64)
    host2NetInt8                             0x08006b6f   Thumb Code     8  easyiot.o(i.host2NetInt8)
    int16_serialize                          0x08006b77   Thumb Code    10  easyiot.o(i.int16_serialize)
    int32_serialize                          0x08006b81   Thumb Code     4  easyiot.o(i.int32_serialize)
    int64_serialize                          0x08006b85   Thumb Code    12  easyiot.o(i.int64_serialize)
    int8_serialize                           0x08006b91   Thumb Code    10  easyiot.o(i.int8_serialize)
    main                                     0x08006b9d   Thumb Code    90  main.o(i.main)
    malloc                                   0x08006c6d   Thumb Code    92  malloc.o(i.malloc)
    me3616_test_easyiot                      0x08006cd9   Thumb Code   512  me3616_app.o(i.me3616_test_easyiot)
    net2HostInt8                             0x08006fb1   Thumb Code     8  easyiot.o(i.net2HostInt8)
    pushMessageStackedBuffer                 0x08006fb9   Thumb Code    78  easyiot.o(i.pushMessageStackedBuffer)
    pushMessageStatic                        0x0800703d   Thumb Code    94  easyiot.o(i.pushMessageStatic)
    pushMessages                             0x080070d1   Thumb Code    32  easyiot.o(i.pushMessages)
    setAckHandler                            0x0800712d   Thumb Code    20  easyiot.o(i.setAckHandler)
    setBatteryCb                             0x08007161   Thumb Code    20  easyiot.o(i.setBatteryCb)
    setCmdHandler                            0x08007199   Thumb Code    94  easyiot.o(i.setCmdHandler)
    setLogSerialOutputCb                     0x08007285   Thumb Code    20  easyiot.o(i.setLogSerialOutputCb)
    setMessages                              0x080072c9   Thumb Code    28  easyiot.o(i.setMessages)
    setNbSerialOutputCb                      0x08007309   Thumb Code    20  easyiot.o(i.setNbSerialOutputCb)
    setSignalCb                              0x08007349   Thumb Code    20  easyiot.o(i.setSignalCb)
    setsTimestampCb                          0x08007381   Thumb Code    20  easyiot.o(i.setsTimestampCb)
    value_serialize                          0x080073b9   Thumb Code   192  easyiot.o(i.value_serialize)
    AT_Header                                0x08007478   Data           4  me3616.o(.constdata)
    AT_Set                                   0x0800747c   Data           4  me3616.o(.constdata)
    AT_Read                                  0x08007480   Data           4  me3616.o(.constdata)
    AT_Test                                  0x08007484   Data           4  me3616.o(.constdata)
    AT_End                                   0x08007488   Data           4  me3616.o(.constdata)
    AHBPrescTable                            0x0800748c   Data          16  system_stm32l4xx.o(.constdata)
    APBPrescTable                            0x0800749c   Data           8  system_stm32l4xx.o(.constdata)
    MSIRangeTable                            0x080074a4   Data          48  system_stm32l4xx.o(.constdata)
    __ctype_table                            0x080074d4   Data         129  ctype_o.o(.constdata)
    Region$$Table$$Base                      0x08007b64   Number         0  anon$$obj.o(Region$$Table)
    Region$$Table$$Limit                     0x08007b84   Number         0  anon$$obj.o(Region$$Table)
    AT_CMD_String                            0x20000000   Data         548  me3616.o(.data)
    AT_Report_String                         0x20000224   Data          80  me3616.o(.data)
    AT_Report_Entry                          0x20000274   Data          80  me3616.o(.data)
    client_imei                              0x200002c4   Data           4  me3616_app.o(.data)
    client_imsi                              0x200002c8   Data           4  me3616_app.o(.data)
    Signal_val                               0x200002cc   Data           4  me3616_app.o(.data)
    Battery_val                              0x200002d0   Data           1  me3616_app.o(.data)
    last_dtag_mid                            0x200002d2   Data           2  me3616_app.o(.data)
    uwTick                                   0x200002d4   Data           4  stm32l4xx_hal.o(.data)
    SystemCoreClock                          0x200002d8   Data           4  system_stm32l4xx.o(.data)
    __microlib_freelist                      0x200002fc   Data           4  mvars.o(.data)
    __microlib_freelist_initialised          0x20000300   Data           4  mvars.o(.data)
    ME3616_Instance                          0x20000308   Data        1104  me3616.o(.bss)
    msg_buff                                 0x20000758   Data         400  me3616_app.o(.bss)
    cmd_buff                                 0x200008e8   Data         400  me3616_app.o(.bss)
    cmd_ack_buff                             0x20000a78   Data         400  me3616_app.o(.bss)
    convert_buff                             0x20000c08   Data         400  me3616_app.o(.bss)
    huart1                                   0x20000d98   Data         120  usart.o(.bss)
    huart2                                   0x20000e10   Data         120  usart.o(.bss)
    hdma_usart1_tx                           0x20000e88   Data          72  usart.o(.bss)
    hdma_usart1_rx                           0x20000ed0   Data          72  usart.o(.bss)
    hdma_usart2_tx                           0x20000f18   Data          72  usart.o(.bss)
    htim16                                   0x20000f60   Data          64  stm32l4xx_hal_timebase_tim.o(.bss)
    __heap_base                              0x20001008   Data           0  startup_stm32l432xx.o(HEAP)
    __heap_limit                             0x20001408   Data           0  startup_stm32l432xx.o(HEAP)
    __initial_sp                             0x20002408   Data           0  startup_stm32l432xx.o(STACK)



==============================================================================

Memory Map of the image

  Image Entry point : 0x0800018d

  Load Region LR_IROM1 (Base: 0x08000000, Size: 0x00007e8c, Max: 0x00040000, ABSOLUTE, COMPRESSED[0x00007d90])

    Execution Region ER_IROM1 (Exec base: 0x08000000, Load base: 0x08000000, Size: 0x00007b84, Max: 0x00040000, ABSOLUTE)

    Exec Addr    Load Addr    Size         Type   Attr      Idx    E Section Name        Object

    0x08000000   0x08000000   0x0000018c   Data   RO            3    RESET               startup_stm32l432xx.o
    0x0800018c   0x0800018c   0x00000000   Code   RO         4681  * .ARM.Collect$$$$00000000  mc_w.l(entry.o)
    0x0800018c   0x0800018c   0x00000004   Code   RO         4995    .ARM.Collect$$$$00000001  mc_w.l(entry2.o)
    0x08000190   0x08000190   0x00000004   Code   RO         4998    .ARM.Collect$$$$00000004  mc_w.l(entry5.o)
    0x08000194   0x08000194   0x00000000   Code   RO         5000    .ARM.Collect$$$$00000008  mc_w.l(entry7b.o)
    0x08000194   0x08000194   0x00000000   Code   RO         5002    .ARM.Collect$$$$0000000A  mc_w.l(entry8b.o)
    0x08000194   0x08000194   0x00000008   Code   RO         5003    .ARM.Collect$$$$0000000B  mc_w.l(entry9a.o)
    0x0800019c   0x0800019c   0x00000000   Code   RO         5005    .ARM.Collect$$$$0000000D  mc_w.l(entry10a.o)
    0x0800019c   0x0800019c   0x00000000   Code   RO         5007    .ARM.Collect$$$$0000000F  mc_w.l(entry11a.o)
    0x0800019c   0x0800019c   0x00000004   Code   RO         4996    .ARM.Collect$$$$00002712  mc_w.l(entry2.o)
    0x080001a0   0x080001a0   0x00000024   Code   RO            4    .text               startup_stm32l432xx.o
    0x080001c4   0x080001c4   0x00000068   Code   RO         4684    .text               mc_w.l(uldiv.o)
    0x0800022c   0x0800022c   0x00000024   Code   RO         4688    .text               mc_w.l(memcpya.o)
    0x08000250   0x08000250   0x00000024   Code   RO         4690    .text               mc_w.l(memseta.o)
    0x08000274   0x08000274   0x00000024   Code   RO         4692    .text               mc_w.l(strstr.o)
    0x08000298   0x08000298   0x00000018   Code   RO         4694    .text               mc_w.l(strncpy.o)
    0x080002b0   0x080002b0   0x0000000e   Code   RO         4696    .text               mc_w.l(strlen.o)
    0x080002be   0x080002be   0x00000012   Code   RO         4698    .text               mc_w.l(strcpy.o)
    0x080002d0   0x080002d0   0x0000001e   Code   RO         4700    .text               mc_w.l(strncmp.o)
    0x080002ee   0x080002ee   0x0000001a   Code   RO         4993    .text               mc_w.l(atoi.o)
    0x08000308   0x08000308   0x0000002c   Code   RO         5012    .text               mc_w.l(uidiv.o)
    0x08000334   0x08000334   0x0000001e   Code   RO         5014    .text               mc_w.l(llshl.o)
    0x08000352   0x08000352   0x00000020   Code   RO         5016    .text               mc_w.l(llushr.o)
    0x08000372   0x08000372   0x00000070   Code   RO         5027    .text               mc_w.l(strtol.o)
    0x080003e2   0x080003e2   0x00000000   Code   RO         5029    .text               mc_w.l(iusefp.o)
    0x080003e2   0x080003e2   0x0000015e   Code   RO         5030    .text               mf_w.l(dadd.o)
    0x08000540   0x08000540   0x000000ea   Code   RO         5032    .text               mf_w.l(dmul.o)
    0x0800062a   0x0800062a   0x000000de   Code   RO         5034    .text               mf_w.l(ddiv.o)
    0x08000708   0x08000708   0x00000030   Code   RO         5036    .text               mf_w.l(dfixul.o)
    0x08000738   0x08000738   0x00000030   Code   RO         5038    .text               mf_w.l(cdrcmple.o)
    0x08000768   0x08000768   0x00000024   Code   RO         5040    .text               mc_w.l(init.o)
    0x0800078c   0x0800078c   0x00000024   Code   RO         5043    .text               mc_w.l(llsshr.o)
    0x080007b0   0x080007b0   0x00000008   Code   RO         5045    .text               mc_w.l(ctype_o.o)
    0x080007b8   0x080007b8   0x000000a4   Code   RO         5073    .text               mc_w.l(_strtoul.o)
    0x0800085c   0x0800085c   0x000000ba   Code   RO         5076    .text               mf_w.l(depilogue.o)
    0x08000916   0x08000916   0x0000001c   Code   RO         5078    .text               mc_w.l(_chval.o)
    0x08000932   0x08000932   0x00000056   Code   RO         5088    .text               mc_w.l(__dczerorl2.o)
    0x08000988   0x08000988   0x0000002c   Code   RO           13    i.AT_ResultReport   me3616.o
    0x080009b4   0x080009b4   0x00000068   Code   RO           14    i.Active_Report     me3616.o
    0x08000a1c   0x08000a1c   0x000000f8   Code   RO         4197    i.AddBuffer         easyiot.o
    0x08000b14   0x08000b14   0x0000001c   Code   RO         4201    i.AddInt32          easyiot.o
    0x08000b30   0x08000b30   0x0000001c   Code   RO         4203    i.AddInt8           easyiot.o
    0x08000b4c   0x08000b4c   0x00000004   Code   RO          804    i.BusFault_Handler  stm32l4xx_it.o
    0x08000b50   0x08000b50   0x00000090   Code   RO           15    i.CFUN_Callback     me3616.o
    0x08000be0   0x08000be0   0x00000028   Code   RO           16    i.CME_Callback      me3616.o
    0x08000c08   0x08000c08   0x00000094   Code   RO           17    i.CPIN_Callback     me3616.o
    0x08000c9c   0x08000c9c   0x0000001c   Code   RO         4205    i.CalcCheckSum      easyiot.o
    0x08000cb8   0x08000cb8   0x000000f0   Code   RO           18    i.Check_Response    me3616.o
    0x08000da8   0x08000da8   0x00000008   Code   RO          244    i.Clear_Sys_State   me3616.o
    0x08000db0   0x08000db0   0x00000100   Code   RO         4207    i.CoapHexInputStatic  easyiot.o
    0x08000eb0   0x08000eb0   0x00000218   Code   RO         4208    i.CoapInput         easyiot.o
    0x080010c8   0x080010c8   0x00000030   Code   RO         4209    i.CoapOutput        easyiot.o
    0x080010f8   0x080010f8   0x00000110   Code   RO          417    i.Command_Response  me3616_app.o
    0x08001208   0x08001208   0x0000008c   Code   RO          550    i.DBG_Forward       me3616_if.o
    0x08001294   0x08001294   0x0000010c   Code   RO           20    i.DBG_Print         me3616.o
    0x080013a0   0x080013a0   0x00000010   Code   RO          805    i.DMA1_Channel4_IRQHandler  stm32l4xx_it.o
    0x080013b0   0x080013b0   0x00000010   Code   RO          806    i.DMA1_Channel5_IRQHandler  stm32l4xx_it.o
    0x080013c0   0x080013c0   0x00000010   Code   RO          807    i.DMA1_Channel7_IRQHandler  stm32l4xx_it.o
    0x080013d0   0x080013d0   0x00000030   Code   RO         3597    i.DMA_SetConfig     stm32l4xx_hal_dma.o
    0x08001400   0x08001400   0x00000002   Code   RO          808    i.DebugMon_Handler  stm32l4xx_it.o
    0x08001402   0x08001402   0x00000002   PAD
    0x08001404   0x08001404   0x0000002c   Code   RO           21    i.ECOAPNMI_Callback  me3616.o
    0x08001430   0x08001430   0x00000030   Code   RO           22    i.EMQDISCON_Callback  me3616.o
    0x08001460   0x08001460   0x0000002c   Code   RO           23    i.EMQPUB_Callback   me3616.o
    0x0800148c   0x0800148c   0x0000002c   Code   RO           24    i.ESODATA_Callback  me3616.o
    0x080014b8   0x080014b8   0x0000002c   Code   RO           25    i.ESONMI_Callback   me3616.o
    0x080014e4   0x080014e4   0x00000130   Code   RO         4210    i.EasyIotInit       easyiot.o
    0x08001614   0x08001614   0x0000008c   Code   RO         4211    i.FreeMessage       easyiot.o
    0x080016a0   0x080016a0   0x00000034   Code   RO         4212    i.FreeTLV           easyiot.o
    0x080016d4   0x080016d4   0x00000078   Code   RO         4218    i.GetInt8           easyiot.o
    0x0800174c   0x0800174c   0x00000006   Code   RO          267    i.Get_AT_State      me3616.o
    0x08001752   0x08001752   0x00000006   Code   RO          249    i.Get_Last_AT_CMD   me3616.o
    0x08001758   0x08001758   0x00000010   Code   RO          239    i.Get_Sys_State     me3616.o
    0x08001768   0x08001768   0x0000005c   Code   RO         3599    i.HAL_DMA_Abort_IT  stm32l4xx_hal_dma.o
    0x080017c4   0x080017c4   0x000000fe   Code   RO         3603    i.HAL_DMA_IRQHandler  stm32l4xx_hal_dma.o
    0x080018c2   0x080018c2   0x00000002   PAD
    0x080018c4   0x080018c4   0x0000010c   Code   RO         3604    i.HAL_DMA_Init      stm32l4xx_hal_dma.o
    0x080019d0   0x080019d0   0x0000009c   Code   RO         3608    i.HAL_DMA_Start_IT  stm32l4xx_hal_dma.o
    0x08001a6c   0x08001a6c   0x00000020   Code   RO         2328    i.HAL_Delay         stm32l4xx_hal.o
    0x08001a8c   0x08001a8c   0x000001ac   Code   RO         3534    i.HAL_GPIO_Init     stm32l4xx_hal_gpio.o
    0x08001c38   0x08001c38   0x00000010   Code   RO         3536    i.HAL_GPIO_ReadPin  stm32l4xx_hal_gpio.o
    0x08001c48   0x08001c48   0x0000000a   Code   RO         3538    i.HAL_GPIO_WritePin  stm32l4xx_hal_gpio.o
    0x08001c52   0x08001c52   0x00000002   PAD
    0x08001c54   0x08001c54   0x0000000c   Code   RO         2332    i.HAL_GetTick       stm32l4xx_hal.o
    0x08001c60   0x08001c60   0x00000010   Code   RO         2336    i.HAL_IncTick       stm32l4xx_hal.o
    0x08001c70   0x08001c70   0x00000030   Code   RO         2337    i.HAL_Init          stm32l4xx_hal.o
    0x08001ca0   0x08001ca0   0x00000088   Code   RO          940    i.HAL_InitTick      stm32l4xx_hal_timebase_tim.o
    0x08001d28   0x08001d28   0x00000090   Code   RO          916    i.HAL_MspInit       stm32l4xx_hal_msp.o
    0x08001db8   0x08001db8   0x0000001a   Code   RO         4027    i.HAL_NVIC_EnableIRQ  stm32l4xx_hal_cortex.o
    0x08001dd2   0x08001dd2   0x00000082   Code   RO         4033    i.HAL_NVIC_SetPriority  stm32l4xx_hal_cortex.o
    0x08001e54   0x08001e54   0x00000028   Code   RO         4034    i.HAL_NVIC_SetPriorityGrouping  stm32l4xx_hal_cortex.o
    0x08001e7c   0x08001e7c   0x0000008c   Code   RO         3825    i.HAL_PWREx_ControlVoltageScaling  stm32l4xx_hal_pwr_ex.o
    0x08001f08   0x08001f08   0x00000010   Code   RO         3850    i.HAL_PWREx_GetVoltageRange  stm32l4xx_hal_pwr_ex.o
    0x08001f18   0x08001f18   0x0000034c   Code   RO         3141    i.HAL_RCCEx_PeriphCLKConfig  stm32l4xx_hal_rcc_ex.o
    0x08002264   0x08002264   0x00000178   Code   RO         3019    i.HAL_RCC_ClockConfig  stm32l4xx_hal_rcc.o
    0x080023dc   0x080023dc   0x00000044   Code   RO         3022    i.HAL_RCC_GetClockConfig  stm32l4xx_hal_rcc.o
    0x08002420   0x08002420   0x0000000c   Code   RO         3023    i.HAL_RCC_GetHCLKFreq  stm32l4xx_hal_rcc.o
    0x0800242c   0x0800242c   0x00000024   Code   RO         3025    i.HAL_RCC_GetPCLK1Freq  stm32l4xx_hal_rcc.o
    0x08002450   0x08002450   0x00000024   Code   RO         3026    i.HAL_RCC_GetPCLK2Freq  stm32l4xx_hal_rcc.o
    0x08002474   0x08002474   0x0000011c   Code   RO         3027    i.HAL_RCC_GetSysClockFreq  stm32l4xx_hal_rcc.o
    0x08002590   0x08002590   0x00000688   Code   RO         3030    i.HAL_RCC_OscConfig  stm32l4xx_hal_rcc.o
    0x08002c18   0x08002c18   0x00000028   Code   RO         4036    i.HAL_SYSTICK_CLKSourceConfig  stm32l4xx_hal_cortex.o
    0x08002c40   0x08002c40   0x00000002   Code   RO         4037    i.HAL_SYSTICK_Callback  stm32l4xx_hal_cortex.o
    0x08002c42   0x08002c42   0x00000034   Code   RO         4038    i.HAL_SYSTICK_Config  stm32l4xx_hal_cortex.o
    0x08002c76   0x08002c76   0x00000008   Code   RO         4039    i.HAL_SYSTICK_IRQHandler  stm32l4xx_hal_cortex.o
    0x08002c7e   0x08002c7e   0x00000002   Code   RO         1632    i.HAL_TIMEx_Break2Callback  stm32l4xx_hal_tim_ex.o
    0x08002c80   0x08002c80   0x00000002   Code   RO         1633    i.HAL_TIMEx_BreakCallback  stm32l4xx_hal_tim_ex.o
    0x08002c82   0x08002c82   0x00000002   Code   RO         1634    i.HAL_TIMEx_CommutationCallback  stm32l4xx_hal_tim_ex.o
    0x08002c84   0x08002c84   0x00000034   Code   RO          982    i.HAL_TIM_Base_Init  stm32l4xx_hal_tim.o
    0x08002cb8   0x08002cb8   0x00000002   Code   RO          984    i.HAL_TIM_Base_MspInit  stm32l4xx_hal_tim.o
    0x08002cba   0x08002cba   0x00000002   PAD
    0x08002cbc   0x08002cbc   0x00000044   Code   RO          987    i.HAL_TIM_Base_Start_IT  stm32l4xx_hal_tim.o
    0x08002d00   0x08002d00   0x00000002   Code   RO         1011    i.HAL_TIM_IC_CaptureCallback  stm32l4xx_hal_tim.o
    0x08002d02   0x08002d02   0x000001b8   Code   RO         1024    i.HAL_TIM_IRQHandler  stm32l4xx_hal_tim.o
    0x08002eba   0x08002eba   0x00000002   Code   RO         1027    i.HAL_TIM_OC_DelayElapsedCallback  stm32l4xx_hal_tim.o
    0x08002ebc   0x08002ebc   0x00000002   Code   RO         1054    i.HAL_TIM_PWM_PulseFinishedCallback  stm32l4xx_hal_tim.o
    0x08002ebe   0x08002ebe   0x00000002   PAD
    0x08002ec0   0x08002ec0   0x00000018   Code   RO          641    i.HAL_TIM_PeriodElapsedCallback  main.o
    0x08002ed8   0x08002ed8   0x00000002   Code   RO         1065    i.HAL_TIM_TriggerCallback  stm32l4xx_hal_tim.o
    0x08002eda   0x08002eda   0x00000002   Code   RO         2257    i.HAL_UARTEx_WakeupCallback  stm32l4xx_hal_uart_ex.o
    0x08002edc   0x08002edc   0x00000060   Code   RO          551    i.HAL_UART_AbortReceiveCpltCallback  me3616_if.o
    0x08002f3c   0x08002f3c   0x00000098   Code   RO         1902    i.HAL_UART_AbortReceive_IT  stm32l4xx_hal_uart.o
    0x08002fd4   0x08002fd4   0x00000020   Code   RO          552    i.HAL_UART_ErrorCallback  me3616_if.o
    0x08002ff4   0x08002ff4   0x0000018c   Code   RO         1914    i.HAL_UART_IRQHandler  stm32l4xx_hal_uart.o
    0x08003180   0x08003180   0x00000078   Code   RO         1915    i.HAL_UART_Init     stm32l4xx_hal_uart.o
    0x080031f8   0x080031f8   0x000001c0   Code   RO          757    i.HAL_UART_MspInit  usart.o
    0x080033b8   0x080033b8   0x000000a8   Code   RO         1919    i.HAL_UART_Receive_DMA  stm32l4xx_hal_uart.o
    0x08003460   0x08003460   0x000000e0   Code   RO         1920    i.HAL_UART_Receive_IT  stm32l4xx_hal_uart.o
    0x08003540   0x08003540   0x00000002   Code   RO         1921    i.HAL_UART_RxCpltCallback  stm32l4xx_hal_uart.o
    0x08003542   0x08003542   0x00000002   Code   RO         1922    i.HAL_UART_RxHalfCpltCallback  stm32l4xx_hal_uart.o
    0x08003544   0x08003544   0x0000009c   Code   RO         1924    i.HAL_UART_Transmit_DMA  stm32l4xx_hal_uart.o
    0x080035e0   0x080035e0   0x00000002   Code   RO         1926    i.HAL_UART_TxCpltCallback  stm32l4xx_hal_uart.o
    0x080035e2   0x080035e2   0x00000002   Code   RO         1927    i.HAL_UART_TxHalfCpltCallback  stm32l4xx_hal_uart.o
    0x080035e4   0x080035e4   0x00000004   Code   RO          809    i.HardFault_Handler  stm32l4xx_it.o
    0x080035e8   0x080035e8   0x00000030   Code   RO           26    i.Hex2Str           me3616.o
    0x08003618   0x08003618   0x0000002c   Code   RO           28    i.IPERF_Callback    me3616.o
    0x08003644   0x08003644   0x000000dc   Code   RO           29    i.IP_Callback       me3616.o
    0x08003720   0x08003720   0x00000046   Code   RO          553    i.Init_UART_CM      me3616_if.o
    0x08003766   0x08003766   0x00000002   PAD
    0x08003768   0x08003768   0x0000004c   Code   RO         4221    i.Logging           easyiot.o
    0x080037b4   0x080037b4   0x00000040   Code   RO          418    i.M2MCLIRECV_Callback  me3616_app.o
    0x080037f4   0x080037f4   0x00000160   Code   RO           31    i.M2MCLI_Callback   me3616.o
    0x08003954   0x08003954   0x00000094   Code   RO           32    i.MATREADY_Callback  me3616.o
    0x080039e8   0x080039e8   0x00000010   Code   RO          419    i.ME3616_APP        me3616_app.o
    0x080039f8   0x080039f8   0x0000001c   Code   RO          420    i.ME3616_APP_ErrorHandler  me3616_app.o
    0x08003a14   0x08003a14   0x0000001c   Code   RO           33    i.ME3616_ErrorHandler  me3616.o
    0x08003a30   0x08003a30   0x0000001c   Code   RO          554    i.ME3616_IF_ErrorHandler  me3616_if.o
    0x08003a4c   0x08003a4c   0x00000114   Code   RO           34    i.ME3616_Init       me3616.o
    0x08003b60   0x08003b60   0x00000028   Code   RO          556    i.ME3616_PowerOn    me3616_if.o
    0x08003b88   0x08003b88   0x00000028   Code   RO          557    i.ME3616_Reset      me3616_if.o
    0x08003bb0   0x08003bb0   0x000002ae   Code   RO           35    i.ME3616_Send_AT_Command  me3616.o
    0x08003e5e   0x08003e5e   0x00000002   PAD
    0x08003e60   0x08003e60   0x0000019a   Code   RO           36    i.ME3616_String_Receive  me3616.o
    0x08003ffa   0x08003ffa   0x00000002   PAD
    0x08003ffc   0x08003ffc   0x00000030   Code   RO           37    i.MIPLDISCOVER_Callback  me3616.o
    0x0800402c   0x0800402c   0x00000030   Code   RO           38    i.MIPLEVENT_Callback  me3616.o
    0x0800405c   0x0800405c   0x00000030   Code   RO           39    i.MIPLOBSERVE_Callback  me3616.o
    0x0800408c   0x0800408c   0x00000034   Code   RO           40    i.MIPLPARAMETER_Callback  me3616.o
    0x080040c0   0x080040c0   0x0000002c   Code   RO           41    i.MIPLREAD_Callback  me3616.o
    0x080040ec   0x080040ec   0x00000030   Code   RO           42    i.MIPLWRITE_Callback  me3616.o
    0x0800411c   0x0800411c   0x00000054   Code   RO          732    i.MX_DMA_Init       dma.o
    0x08004170   0x08004170   0x00000080   Code   RO          708    i.MX_GPIO_Init      gpio.o
    0x080041f0   0x080041f0   0x00000058   Code   RO          758    i.MX_USART1_UART_Init  usart.o
    0x08004248   0x08004248   0x00000058   Code   RO          759    i.MX_USART2_UART_Init  usart.o
    0x080042a0   0x080042a0   0x00000004   Code   RO          810    i.MemManage_Handler  stm32l4xx_it.o
    0x080042a4   0x080042a4   0x000000d0   Code   RO         4222    i.MessageDeserializeBodyData  easyiot.o
    0x08004374   0x08004374   0x0000017e   Code   RO         4223    i.MessagesDeserialize  easyiot.o
    0x080044f2   0x080044f2   0x00000002   PAD
    0x080044f4   0x080044f4   0x000000f4   Code   RO         4224    i.MessagesSerialize  easyiot.o
    0x080045e8   0x080045e8   0x00000098   Code   RO         4225    i.MessagesStaticMalloc  easyiot.o
    0x08004680   0x08004680   0x00000002   Code   RO          811    i.NMI_Handler       stm32l4xx_it.o
    0x08004682   0x08004682   0x00000002   PAD
    0x08004684   0x08004684   0x00000010   Code   RO         4040    i.NVIC_GetPriorityGrouping  stm32l4xx_hal_cortex.o
    0x08004694   0x08004694   0x00000028   Code   RO         4041    i.NVIC_SetPriority  stm32l4xx_hal_cortex.o
    0x080046bc   0x080046bc   0x000000d4   Code   RO         4227    i.NewMessageStatic  easyiot.o
    0x08004790   0x08004790   0x00000040   Code   RO         4228    i.NewTLV            easyiot.o
    0x080047d0   0x080047d0   0x0000004c   Code   RO         4229    i.NewTLVStatic      easyiot.o
    0x0800481c   0x0800481c   0x00000002   Code   RO          812    i.PendSV_Handler    stm32l4xx_it.o
    0x0800481e   0x0800481e   0x00000002   PAD
    0x08004820   0x08004820   0x00000188   Code   RO         3145    i.RCCEx_PLLSAI1_Config  stm32l4xx_hal_rcc_ex.o
    0x080049a8   0x080049a8   0x0000009c   Code   RO         3031    i.RCC_SetFlashLatencyFromMSIRange  stm32l4xx_hal_rcc.o
    0x08004a44   0x08004a44   0x00000036   Code   RO           43    i.RxHandler         me3616.o
    0x08004a7a   0x08004a7a   0x00000002   Code   RO          813    i.SVC_Handler       stm32l4xx_it.o
    0x08004a7c   0x08004a7c   0x00000010   Code   RO          421    i.SendtoDBG         me3616_app.o
    0x08004a8c   0x08004a8c   0x000000a4   Code   RO          422    i.SendtoModule      me3616_app.o
    0x08004b30   0x08004b30   0x00000090   Code   RO         4230    i.SerializeBody     easyiot.o
    0x08004bc0   0x08004bc0   0x00000014   Code   RO          272    i.Set_AT_Info       me3616.o
    0x08004bd4   0x08004bd4   0x00000006   Code   RO          255    i.Set_Last_AT_CMD_None  me3616.o
    0x08004bda   0x08004bda   0x00000008   Code   RO          234    i.Set_Sys_State     me3616.o
    0x08004be2   0x08004be2   0x00000002   PAD
    0x08004be4   0x08004be4   0x00000018   Code   RO           44    i.State_Hex2Str     me3616.o
    0x08004bfc   0x08004bfc   0x00000008   Code   RO          814    i.SysTick_Handler   stm32l4xx_it.o
    0x08004c04   0x08004c04   0x000000c4   Code   RO          642    i.SystemClock_Config  main.o
    0x08004cc8   0x08004cc8   0x00000050   Code   RO         4163    i.SystemInit        system_stm32l4xx.o
    0x08004d18   0x08004d18   0x00000010   Code   RO          815    i.TIM1_UP_TIM16_IRQHandler  stm32l4xx_it.o
    0x08004d28   0x08004d28   0x00000074   Code   RO         1066    i.TIM_Base_SetConfig  stm32l4xx_hal_tim.o
    0x08004d9c   0x08004d9c   0x000000e0   Code   RO         4232    i.TLVSerialize      easyiot.o
    0x08004e7c   0x08004e7c   0x00000016   Code   RO          558    i.UART_AT_Receive   me3616_if.o
    0x08004e92   0x08004e92   0x00000002   PAD
    0x08004e94   0x08004e94   0x000000e4   Code   RO          559    i.UART_AT_Send      me3616_if.o
    0x08004f78   0x08004f78   0x000000f8   Code   RO         1928    i.UART_AdvFeatureConfig  stm32l4xx_hal_uart.o
    0x08005070   0x08005070   0x00000074   Code   RO         1929    i.UART_CheckIdleState  stm32l4xx_hal_uart.o
    0x080050e4   0x080050e4   0x00000018   Code   RO         1930    i.UART_DMAAbortOnError  stm32l4xx_hal_uart.o
    0x080050fc   0x080050fc   0x00000056   Code   RO         1931    i.UART_DMAError     stm32l4xx_hal_uart.o
    0x08005152   0x08005152   0x00000048   Code   RO         1932    i.UART_DMAReceiveCplt  stm32l4xx_hal_uart.o
    0x0800519a   0x0800519a   0x0000000e   Code   RO         1934    i.UART_DMARxHalfCplt  stm32l4xx_hal_uart.o
    0x080051a8   0x080051a8   0x0000002c   Code   RO         1935    i.UART_DMARxOnlyAbortCallback  stm32l4xx_hal_uart.o
    0x080051d4   0x080051d4   0x00000038   Code   RO         1936    i.UART_DMATransmitCplt  stm32l4xx_hal_uart.o
    0x0800520c   0x0800520c   0x0000000e   Code   RO         1938    i.UART_DMATxHalfCplt  stm32l4xx_hal_uart.o
    0x0800521a   0x0800521a   0x00000024   Code   RO         1940    i.UART_EndRxTransfer  stm32l4xx_hal_uart.o
    0x0800523e   0x0800523e   0x00000022   Code   RO         1941    i.UART_EndTransmit_IT  stm32l4xx_hal_uart.o
    0x08005260   0x08005260   0x00000014   Code   RO         1942    i.UART_EndTxTransfer  stm32l4xx_hal_uart.o
    0x08005274   0x08005274   0x0000006c   Code   RO         1943    i.UART_RxISR_16BIT  stm32l4xx_hal_uart.o
    0x080052e0   0x080052e0   0x00000066   Code   RO         1944    i.UART_RxISR_8BIT   stm32l4xx_hal_uart.o
    0x08005346   0x08005346   0x00000002   PAD
    0x08005348   0x08005348   0x000003da   Code   RO         1945    i.UART_SetConfig    stm32l4xx_hal_uart.o
    0x08005722   0x08005722   0x0000006c   Code   RO         1948    i.UART_WaitOnFlagUntilTimeout  stm32l4xx_hal_uart.o
    0x0800578e   0x0800578e   0x00000002   PAD
    0x08005790   0x08005790   0x00000024   Code   RO          816    i.USART1_IRQHandler  stm32l4xx_it.o
    0x080057b4   0x080057b4   0x00000024   Code   RO          817    i.USART2_IRQHandler  stm32l4xx_it.o
    0x080057d8   0x080057d8   0x00000038   Code   RO           45    i.UnknowActiveReport_Callback  me3616.o
    0x08005810   0x08005810   0x00000004   Code   RO          818    i.UsageFault_Handler  stm32l4xx_it.o
    0x08005814   0x08005814   0x000000e0   Code   RO         4233    i.UserCmdReqMsgDeserialize  easyiot.o
    0x080058f4   0x080058f4   0x00000140   Code   RO         4234    i.UserCmdRspMsgSerialize  easyiot.o
    0x08005a34   0x08005a34   0x00000006   Code   RO         4235    i.UserUpAckMsgDeserialize  easyiot.o
    0x08005a3a   0x08005a3a   0x00000002   PAD
    0x08005a3c   0x08005a3c   0x000002ea   Code   RO         4236    i.UserUpMsgSerialize  easyiot.o
    0x08005d26   0x08005d26   0x00000046   Code   RO          560    i.Wait_AT_Response  me3616_if.o
    0x08005d6c   0x08005d6c   0x0000003c   Code   RO          561    i.Wait_AT_SendReady  me3616_if.o
    0x08005da8   0x08005da8   0x0000002c   Code   RO           46    i.ZGPSR_Callback    me3616.o
    0x08005dd4   0x08005dd4   0x00000004   Code   RO          643    i._Error_Handler    main.o
    0x08005dd8   0x08005dd8   0x00000028   Code   RO         4939    i.__0sprintf        mc_w.l(printfa.o)
    0x08005e00   0x08005e00   0x00000024   Code   RO         4943    i.__0vsprintf       mc_w.l(printfa.o)
    0x08005e24   0x08005e24   0x00000008   Code   RO         5020    i.__aeabi_errno_addr  mc_w.l(errno.o)
    0x08005e2c   0x08005e2c   0x0000000e   Code   RO         5082    i.__scatterload_copy  mc_w.l(handlers.o)
    0x08005e3a   0x08005e3a   0x00000002   Code   RO         5083    i.__scatterload_null  mc_w.l(handlers.o)
    0x08005e3c   0x08005e3c   0x0000000e   Code   RO         5084    i.__scatterload_zeroinit  mc_w.l(handlers.o)
    0x08005e4a   0x08005e4a   0x00000002   PAD
    0x08005e4c   0x08005e4c   0x0000018a   Code   RO         4944    i._fp_digits        mc_w.l(printfa.o)
    0x08005fd6   0x08005fd6   0x00000002   PAD
    0x08005fd8   0x08005fd8   0x000006e2   Code   RO         4945    i._printf_core      mc_w.l(printfa.o)
    0x080066ba   0x080066ba   0x00000024   Code   RO         4946    i._printf_post_padding  mc_w.l(printfa.o)
    0x080066de   0x080066de   0x0000002e   Code   RO         4947    i._printf_pre_padding  mc_w.l(printfa.o)
    0x0800670c   0x0800670c   0x0000000a   Code   RO         4949    i._sputc            mc_w.l(printfa.o)
    0x08006716   0x08006716   0x00000002   PAD
    0x08006718   0x08006718   0x000000d4   Code   RO         4237    i.a2b_hex           easyiot.o
    0x080067ec   0x080067ec   0x00000024   Code   RO          423    i.ack_handler       me3616_app.o
    0x08006810   0x08006810   0x0000000e   Code   RO         4238    i.alignment_u16_r   easyiot.o
    0x0800681e   0x0800681e   0x0000000c   Code   RO         4239    i.alignment_u16_w   easyiot.o
    0x0800682a   0x0800682a   0x0000000a   Code   RO         4240    i.alignment_u32_w   easyiot.o
    0x08006834   0x08006834   0x00000010   Code   RO         4241    i.alignment_u64_w   easyiot.o
    0x08006844   0x08006844   0x0000007c   Code   RO          424    i.cmd_handler_callback  me3616_app.o
    0x080068c0   0x080068c0   0x00000010   Code   RO         4242    i.double_serialize  easyiot.o
    0x080068d0   0x080068d0   0x0000000c   Code   RO         4243    i.float_serialize   easyiot.o
    0x080068dc   0x080068dc   0x00000050   Code   RO         4965    i.free              mc_w.l(malloc.o)
    0x0800692c   0x0800692c   0x0000000c   Code   RO          425    i.getBattery        me3616_app.o
    0x08006938   0x08006938   0x0000000c   Code   RO          426    i.getSignal         me3616_app.o
    0x08006944   0x08006944   0x0000000a   Code   RO          427    i.getTimestamp      me3616_app.o
    0x0800694e   0x0800694e   0x00000002   PAD
    0x08006950   0x08006950   0x000000cc   Code   RO         4244    i.get_tlv_from_msg  easyiot.o
    0x08006a1c   0x08006a1c   0x0000002c   Code   RO         4245    i.host2NetDouble    easyiot.o
    0x08006a48   0x08006a48   0x00000052   Code   RO         4246    i.host2NetFloat     easyiot.o
    0x08006a9a   0x08006a9a   0x00000014   Code   RO         4247    i.host2NetInt16     easyiot.o
    0x08006aae   0x08006aae   0x00000022   Code   RO         4248    i.host2NetInt32     easyiot.o
    0x08006ad0   0x08006ad0   0x0000009e   Code   RO         4249    i.host2NetInt64     easyiot.o
    0x08006b6e   0x08006b6e   0x00000008   Code   RO         4250    i.host2NetInt8      easyiot.o
    0x08006b76   0x08006b76   0x0000000a   Code   RO         4251    i.int16_serialize   easyiot.o
    0x08006b80   0x08006b80   0x00000004   Code   RO         4252    i.int32_serialize   easyiot.o
    0x08006b84   0x08006b84   0x0000000c   Code   RO         4253    i.int64_serialize   easyiot.o
    0x08006b90   0x08006b90   0x0000000a   Code   RO         4254    i.int8_serialize    easyiot.o
    0x08006b9a   0x08006b9a   0x00000002   PAD
    0x08006b9c   0x08006b9c   0x000000d0   Code   RO          644    i.main              main.o
    0x08006c6c   0x08006c6c   0x0000006c   Code   RO         4966    i.malloc            mc_w.l(malloc.o)
    0x08006cd8   0x08006cd8   0x000002d8   Code   RO          428    i.me3616_test_easyiot  me3616_app.o
    0x08006fb0   0x08006fb0   0x00000008   Code   RO         4260    i.net2HostInt8      easyiot.o
    0x08006fb8   0x08006fb8   0x00000084   Code   RO         4261    i.pushMessageStackedBuffer  easyiot.o
    0x0800703c   0x0800703c   0x00000094   Code   RO         4262    i.pushMessageStatic  easyiot.o
    0x080070d0   0x080070d0   0x0000005c   Code   RO         4263    i.pushMessages      easyiot.o
    0x0800712c   0x0800712c   0x00000034   Code   RO         4264    i.setAckHandler     easyiot.o
    0x08007160   0x08007160   0x00000038   Code   RO         4265    i.setBatteryCb      easyiot.o
    0x08007198   0x08007198   0x000000ec   Code   RO         4266    i.setCmdHandler     easyiot.o
    0x08007284   0x08007284   0x00000044   Code   RO         4267    i.setLogSerialOutputCb  easyiot.o
    0x080072c8   0x080072c8   0x00000040   Code   RO         4268    i.setMessages       easyiot.o
    0x08007308   0x08007308   0x00000040   Code   RO         4269    i.setNbSerialOutputCb  easyiot.o
    0x08007348   0x08007348   0x00000038   Code   RO         4270    i.setSignalCb       easyiot.o
    0x08007380   0x08007380   0x00000038   Code   RO         4271    i.setsTimestampCb   easyiot.o
    0x080073b8   0x080073b8   0x000000c0   Code   RO         4272    i.value_serialize   easyiot.o
    0x08007478   0x08007478   0x00000014   Data   RO           48    .constdata          me3616.o
    0x0800748c   0x0800748c   0x00000048   Data   RO         4164    .constdata          system_stm32l4xx.o
    0x080074d4   0x080074d4   0x00000081   Data   RO         5046    .constdata          mc_w.l(ctype_o.o)
    0x08007555   0x08007555   0x00000003   PAD
    0x08007558   0x08007558   0x00000004   Data   RO         5047    .constdata          mc_w.l(ctype_o.o)
    0x0800755c   0x0800755c   0x000005a1   Data   RO           49    .conststring        me3616.o
    0x08007afd   0x08007afd   0x00000003   PAD
    0x08007b00   0x08007b00   0x00000020   Data   RO          432    .conststring        me3616_app.o
    0x08007b20   0x08007b20   0x00000043   Data   RO         4274    .conststring        easyiot.o
    0x08007b63   0x08007b63   0x00000001   PAD
    0x08007b64   0x08007b64   0x00000020   Data   RO         5080    Region$$Table       anon$$obj.o


    Execution Region RW_IRAM1 (Exec base: 0x20000000, Load base: 0x08007b84, Size: 0x00002408, Max: 0x00010000, ABSOLUTE, COMPRESSED[0x0000020c])

    Exec Addr    Load Addr    Size         Type   Attr      Idx    E Section Name        Object

    0x20000000   COMPRESSED   0x000002c4   Data   RW           50    .data               me3616.o
    0x200002c4   COMPRESSED   0x00000010   Data   RW          433    .data               me3616_app.o
    0x200002d4   COMPRESSED   0x00000004   Data   RW         2348    .data               stm32l4xx_hal.o
    0x200002d8   COMPRESSED   0x00000004   Data   RW         4165    .data               system_stm32l4xx.o
    0x200002dc   COMPRESSED   0x0000001d   Data   RW         4275    .data               easyiot.o
    0x200002f9   COMPRESSED   0x00000003   PAD
    0x200002fc   COMPRESSED   0x00000004   Data   RW         5018    .data               mc_w.l(mvars.o)
    0x20000300   COMPRESSED   0x00000004   Data   RW         5019    .data               mc_w.l(mvars.o)
    0x20000304   COMPRESSED   0x00000004   Data   RW         5023    .data               mc_w.l(errno.o)
    0x20000308        -       0x00000450   Zero   RW           47    .bss                me3616.o
    0x20000758        -       0x00000640   Zero   RW          431    .bss                me3616_app.o
    0x20000d98        -       0x000001c8   Zero   RW          760    .bss                usart.o
    0x20000f60        -       0x00000040   Zero   RW          943    .bss                stm32l4xx_hal_timebase_tim.o
    0x20000fa0        -       0x00000068   Zero   RW         4273    .bss                easyiot.o
    0x20001008        -       0x00000400   Zero   RW            2    HEAP                startup_stm32l432xx.o
    0x20001408        -       0x00001000   Zero   RW            1    STACK               startup_stm32l432xx.o


==============================================================================

Image component sizes


      Code (inc. data)   RO Data    RW Data    ZI Data      Debug   Object Name

        84          4          0          0          0        830   dma.o
      6968       2998         67         29        104      43017   easyiot.o
       128          8          0          0          0        971   gpio.o
       432        146          0          0          0       2945   main.o
      3960       1198       1461        708       1104     690949   me3616.o
      1482        450         32         16       1600      16329   me3616_app.o
       826        218          0          0          0       7548   me3616_if.o
        36          8        396          0       5120        864   startup_stm32l432xx.o
       108         16          0          4          0       3664   stm32l4xx_hal.o
       354         22          0          0          0      32889   stm32l4xx_hal_cortex.o
       818         10          0          0          0       4454   stm32l4xx_hal_dma.o
       454         20          0          0          0       3051   stm32l4xx_hal_gpio.o
       144          4          0          0          0        966   stm32l4xx_hal_msp.o
       156         18          0          0          0       1410   stm32l4xx_hal_pwr_ex.o
      2640        108          0          0          0       8229   stm32l4xx_hal_rcc.o
      1236         26          0          0          0       2928   stm32l4xx_hal_rcc_ex.o
       686         18          0          0          0       6562   stm32l4xx_hal_tim.o
         6          0          0          0          0       2273   stm32l4xx_hal_tim_ex.o
       136         18          0          0         64       1597   stm32l4xx_hal_timebase_tim.o
      3292         78          0          0          0      19803   stm32l4xx_hal_uart.o
         2          0          0          0          0       1012   stm32l4xx_hal_uart_ex.o
       168         40          0          0          0       7690   stm32l4xx_it.o
        80         12         72          4          0       1325   system_stm32l4xx.o
       624        106          0          0        456       2752   usart.o

    ----------------------------------------------------------------------
     24856       5526       2064        764       8448     864058   Object Totals
         0          0         32          0          0          0   (incl. Generated)
        36          0          4          3          0          0   (incl. Padding)

    ----------------------------------------------------------------------

      Code (inc. data)   RO Data    RW Data    ZI Data      Debug   Library Member Name

        86          0          0          0          0          0   __dczerorl2.o
        28          0          0          0          0         68   _chval.o
       164          0          0          0          0         92   _strtoul.o
        26          0          0          0          0         80   atoi.o
         8          4        133          0          0         68   ctype_o.o
         0          0          0          0          0          0   entry.o
         0          0          0          0          0          0   entry10a.o
         0          0          0          0          0          0   entry11a.o
         8          4          0          0          0          0   entry2.o
         4          0          0          0          0          0   entry5.o
         0          0          0          0          0          0   entry7b.o
         0          0          0          0          0          0   entry8b.o
         8          4          0          0          0          0   entry9a.o
         8          4          0          4          0         68   errno.o
        30          0          0          0          0          0   handlers.o
        36          8          0          0          0         68   init.o
         0          0          0          0          0          0   iusefp.o
        30          0          0          0          0         68   llshl.o
        36          0          0          0          0         68   llsshr.o
        32          0          0          0          0         68   llushr.o
       188         20          0          0          0        160   malloc.o
        36          0          0          0          0         68   memcpya.o
        36          0          0          0          0        108   memseta.o
         0          0          0          8          0          0   mvars.o
      2324         92          0          0          0        600   printfa.o
        18          0          0          0          0         68   strcpy.o
        14          0          0          0          0         68   strlen.o
        30          0          0          0          0         80   strncmp.o
        24          0          0          0          0         76   strncpy.o
        36          0          0          0          0         80   strstr.o
       112          0          0          0          0         88   strtol.o
        44          0          0          0          0         80   uidiv.o
       104          0          0          0          0         92   uldiv.o
        48          0          0          0          0         68   cdrcmple.o
       350          0          0          0          0        148   dadd.o
       222          0          0          0          0        100   ddiv.o
       186          0          0          0          0        176   depilogue.o
        48          0          0          0          0         68   dfixul.o
       234          0          0          0          0         96   dmul.o

    ----------------------------------------------------------------------
      4564        136        136         12          0       2872   Library Totals
         6          0          3          0          0          0   (incl. Padding)

    ----------------------------------------------------------------------

      Code (inc. data)   RO Data    RW Data    ZI Data      Debug   Library Name

      3470        136        133         12          0       2216   mc_w.l
      1088          0          0          0          0        656   mf_w.l

    ----------------------------------------------------------------------
      4564        136        136         12          0       2872   Library Totals

    ----------------------------------------------------------------------

==============================================================================


      Code (inc. data)   RO Data    RW Data    ZI Data      Debug   

     29420       5662       2200        776       8448     844954   Grand Totals
     29420       5662       2200        524       8448     844954   ELF Image Totals (compressed)
     29420       5662       2200        524          0          0   ROM Totals

==============================================================================

    Total RO  Size (Code + RO Data)                31620 (  30.88kB)
    Total RW  Size (RW Data + ZI Data)              9224 (   9.01kB)
    Total ROM Size (Code + RO Data + RW Data)      32144 (  31.39kB)

==============================================================================

