Component: ARM Compiler 6.10.1 Tool: armlink [5d142800]

==============================================================================

Section Cross References

    startup_stm32l432xx.o(RESET) refers to startup_stm32l432xx.o(STACK) for __initial_sp
    startup_stm32l432xx.o(RESET) refers to startup_stm32l432xx.o(.text) for Reset_Handler
    startup_stm32l432xx.o(RESET) refers to stm32l4xx_it.o(.text.NMI_Handler) for NMI_Handler
    startup_stm32l432xx.o(RESET) refers to stm32l4xx_it.o(.text.HardFault_Handler) for HardFault_Handler
    startup_stm32l432xx.o(RESET) refers to stm32l4xx_it.o(.text.MemManage_Handler) for MemManage_Handler
    startup_stm32l432xx.o(RESET) refers to stm32l4xx_it.o(.text.BusFault_Handler) for BusFault_Handler
    startup_stm32l432xx.o(RESET) refers to stm32l4xx_it.o(.text.UsageFault_Handler) for UsageFault_Handler
    startup_stm32l432xx.o(RESET) refers to stm32l4xx_it.o(.text.SVC_Handler) for SVC_Handler
    startup_stm32l432xx.o(RESET) refers to stm32l4xx_it.o(.text.DebugMon_Handler) for DebugMon_Handler
    startup_stm32l432xx.o(RESET) refers to stm32l4xx_it.o(.text.PendSV_Handler) for PendSV_Handler
    startup_stm32l432xx.o(RESET) refers to stm32l4xx_it.o(.text.SysTick_Handler) for SysTick_Handler
    startup_stm32l432xx.o(RESET) refers to stm32l4xx_it.o(.text.DMA1_Channel4_IRQHandler) for DMA1_Channel4_IRQHandler
    startup_stm32l432xx.o(RESET) refers to stm32l4xx_it.o(.text.DMA1_Channel5_IRQHandler) for DMA1_Channel5_IRQHandler
    startup_stm32l432xx.o(RESET) refers to stm32l4xx_it.o(.text.DMA1_Channel7_IRQHandler) for DMA1_Channel7_IRQHandler
    startup_stm32l432xx.o(RESET) refers to stm32l4xx_it.o(.text.TIM1_UP_TIM16_IRQHandler) for TIM1_UP_TIM16_IRQHandler
    startup_stm32l432xx.o(RESET) refers to stm32l4xx_it.o(.text.USART1_IRQHandler) for USART1_IRQHandler
    startup_stm32l432xx.o(RESET) refers to stm32l4xx_it.o(.text.USART2_IRQHandler) for USART2_IRQHandler
    startup_stm32l432xx.o(.text) refers to system_stm32l4xx.o(.text.SystemInit) for SystemInit
    startup_stm32l432xx.o(.text) refers to entry.o(.ARM.Collect$$$$00000000) for __main
    me3616.o(.text.MATREADY_Callback) refers to strchr.o(.text) for strchr
    me3616.o(.text.MATREADY_Callback) refers to me3616.o(.text.State_Hex2Str) for State_Hex2Str
    me3616.o(.text.MATREADY_Callback) refers to me3616.o(.text.DBG_Print) for DBG_Print
    me3616.o(.text.MATREADY_Callback) refers to me3616.o(.rodata.str1.1) for .L.str.170
    me3616.o(.ARM.exidx.text.MATREADY_Callback) refers to me3616.o(.text.MATREADY_Callback) for [Anonymous Symbol]
    me3616.o(.text.CFUN_Callback) refers to strchr.o(.text) for strchr
    me3616.o(.text.CFUN_Callback) refers to me3616.o(.text.State_Hex2Str) for State_Hex2Str
    me3616.o(.text.CFUN_Callback) refers to me3616.o(.text.DBG_Print) for DBG_Print
    me3616.o(.text.CFUN_Callback) refers to me3616.o(.rodata.str1.1) for .L.str.170
    me3616.o(.ARM.exidx.text.CFUN_Callback) refers to me3616.o(.text.CFUN_Callback) for [Anonymous Symbol]
    me3616.o(.text.CPIN_Callback) refers to strstr.o(.text) for strstr
    me3616.o(.text.CPIN_Callback) refers to me3616.o(.text.State_Hex2Str) for State_Hex2Str
    me3616.o(.text.CPIN_Callback) refers to me3616.o(.text.DBG_Print) for DBG_Print
    me3616.o(.text.CPIN_Callback) refers to me3616.o(.rodata.str1.1) for .L.str.170
    me3616.o(.ARM.exidx.text.CPIN_Callback) refers to me3616.o(.text.CPIN_Callback) for [Anonymous Symbol]
    me3616.o(.text.IP_Callback) refers to me3616.o(.text.DBG_Print) for DBG_Print
    me3616.o(.text.IP_Callback) refers to strchr.o(.text) for strchr
    me3616.o(.text.IP_Callback) refers to memcpya.o(.text) for __aeabi_memcpy
    me3616.o(.text.IP_Callback) refers to memseta.o(.text) for __aeabi_memclr
    me3616.o(.text.IP_Callback) refers to me3616.o(.text.State_Hex2Str) for State_Hex2Str
    me3616.o(.text.IP_Callback) refers to me3616.o(.rodata.str1.1) for .L.str.170
    me3616.o(.ARM.exidx.text.IP_Callback) refers to me3616.o(.text.IP_Callback) for [Anonymous Symbol]
    me3616.o(.text.ESONMI_Callback) refers to me3616.o(.text.DBG_Print) for DBG_Print
    me3616.o(.ARM.exidx.text.ESONMI_Callback) refers to me3616.o(.text.ESONMI_Callback) for [Anonymous Symbol]
    me3616.o(.text.ESODATA_Callback) refers to me3616.o(.text.DBG_Print) for DBG_Print
    me3616.o(.ARM.exidx.text.ESODATA_Callback) refers to me3616.o(.text.ESODATA_Callback) for [Anonymous Symbol]
    me3616.o(.text.EMQDISCON_Callback) refers to me3616.o(.text.DBG_Print) for DBG_Print
    me3616.o(.ARM.exidx.text.EMQDISCON_Callback) refers to me3616.o(.text.EMQDISCON_Callback) for [Anonymous Symbol]
    me3616.o(.text.EMQPUB_Callback) refers to me3616.o(.text.DBG_Print) for DBG_Print
    me3616.o(.ARM.exidx.text.EMQPUB_Callback) refers to me3616.o(.text.EMQPUB_Callback) for [Anonymous Symbol]
    me3616.o(.text.ECOAPNMI_Callback) refers to me3616.o(.text.DBG_Print) for DBG_Print
[...]
    .L.str.104                               0x080061a4   Data          10  me3616.o(.rodata.str1.1)
    .L.str.31                                0x080061ae   Data           6  me3616.o(.rodata.str1.1)
    .L.str.65                                0x080061b4   Data           8  me3616.o(.rodata.str1.1)
    .L.str.88                                0x080061bc   Data          10  me3616.o(.rodata.str1.1)
    .L.str.77                                0x080061c6   Data           8  me3616.o(.rodata.str1.1)
    .L.str.89                                0x080061ce   Data          13  me3616.o(.rodata.str1.1)
    .L.str.78                                0x080061db   Data          11  me3616.o(.rodata.str1.1)
    .L.str.12                                0x080061e6   Data           5  me3616.o(.rodata.str1.1)
    .L.str.13                                0x080061eb   Data           6  me3616.o(.rodata.str1.1)
    .L.str.22                                0x080061f1   Data           6  me3616.o(.rodata.str1.1)
    .L.str.113                               0x080061f7   Data           7  me3616.o(.rodata.str1.1)
    .L.str.45                                0x080061fe   Data          10  me3616.o(.rodata.str1.1)
    .L.str.111                               0x08006208   Data           8  me3616.o(.rodata.str1.1)
    .L.str.55                                0x08006210   Data          11  me3616.o(.rodata.str1.1)
    .L.str.48                                0x0800621b   Data          10  me3616.o(.rodata.str1.1)
    .L.str.56                                0x08006225   Data           4  me3616.o(.rodata.str1.1)
    .L.str.127                               0x08006229   Data          13  me3616.o(.rodata.str1.1)
    .L.str.129                               0x08006236   Data          14  me3616.o(.rodata.str1.1)
    .L.str.131                               0x08006244   Data          15  me3616.o(.rodata.str1.1)
    .L.str.133                               0x08006253   Data          16  me3616.o(.rodata.str1.1)
    .L.str.137                               0x08006263   Data          18  me3616.o(.rodata.str1.1)
    .L.str.135                               0x08006275   Data          17  me3616.o(.rodata.str1.1)
    .L.str.37                                0x08006286   Data           5  me3616.o(.rodata.str1.1)
    .L.str.36                                0x0800628b   Data           6  me3616.o(.rodata.str1.1)
    .L.str.19                                0x0800628f   Data           2  me3616.o(.rodata.str1.1)
    .L.str.136                               0x08006291   Data          15  me3616.o(.rodata.str1.1)
    .L.str.139                               0x080062a0   Data           9  me3616.o(.rodata.str1.1)
    .L.str.134                               0x080062a9   Data          14  me3616.o(.rodata.str1.1)
    .L.str.50                                0x080062b7   Data           6  me3616.o(.rodata.str1.1)
    .L.str.10                                0x080062bd   Data           5  me3616.o(.rodata.str1.1)
    .L.str.11                                0x080062c2   Data           6  me3616.o(.rodata.str1.1)
    .L.str.162                               0x080062c8   Data           6  me3616.o(.rodata.str1.1)
    .L.str.25                                0x080062ce   Data           5  me3616.o(.rodata.str1.1)
    .L.str.69                                0x080062d3   Data           8  me3616.o(.rodata.str1.1)
    .L.str.94                                0x080062db   Data          10  me3616.o(.rodata.str1.1)
    .L.str.117                               0x080062e5   Data           7  me3616.o(.rodata.str1.1)
    .L.str.102                               0x080062ec   Data           9  me3616.o(.rodata.str1.1)
    .L.str.39                                0x080062f5   Data           6  me3616.o(.rodata.str1.1)
    .L.str.49                                0x080062fb   Data           7  me3616.o(.rodata.str1.1)
    .L.str.63                                0x08006302   Data           6  me3616.o(.rodata.str1.1)
    .L.str.35                                0x08006308   Data           6  me3616.o(.rodata.str1.1)
    .L.str.47                                0x0800630e   Data           8  me3616.o(.rodata.str1.1)
    .L.str                                   0x08006316   Data           3  me3616.o(.rodata.str1.1)
    .L.str.2                                 0x08006316   Data           3  me3616.o(.rodata.str1.1)
    .L.str.57                                0x08006319   Data           7  me3616.o(.rodata.str1.1)
    .L.str.107                               0x08006320   Data           9  me3616.o(.rodata.str1.1)
    .L.str.140                               0x08006329   Data          11  me3616.o(.rodata.str1.1)
    .L.str.52                                0x08006334   Data          13  me3616.o(.rodata.str1.1)
    .L.str.54                                0x08006341   Data          12  me3616.o(.rodata.str1.1)
    .L.str.70                                0x0800634d   Data          11  me3616.o(.rodata.str1.1)
    .L.str.28                                0x08006358   Data           9  me3616.o(.rodata.str1.1)
    .L.str.116                               0x08006361   Data           7  me3616.o(.rodata.str1.1)
    .L.str.59                                0x08006368   Data           6  me3616.o(.rodata.str1.1)
    .L.str.115                               0x0800636e   Data           9  me3616.o(.rodata.str1.1)
    .L.str.108                               0x08006377   Data           9  me3616.o(.rodata.str1.1)
    .L.str.38                                0x08006380   Data           6  me3616.o(.rodata.str1.1)
    .L.str.17                                0x08006386   Data           3  me3616.o(.rodata.str1.1)
    .L.str.98                                0x08006389   Data          12  me3616.o(.rodata.str1.1)
    .L.str.101                               0x08006395   Data           8  me3616.o(.rodata.str1.1)
    .L.str.21                                0x0800639b   Data           2  me3616.o(.rodata.str1.1)
    .L.str.74                                0x0800639d   Data          12  me3616.o(.rodata.str1.1)
    .L.str.95                                0x080063a9   Data          11  me3616.o(.rodata.str1.1)
    .L.str.83                                0x080063b4   Data          10  me3616.o(.rodata.str1.1)
    .L.str.76                                0x080063be   Data           8  me3616.o(.rodata.str1.1)
    .L.str.26                                0x080063c6   Data           6  me3616.o(.rodata.str1.1)
    .L.str.53                                0x080063cc   Data          14  me3616.o(.rodata.str1.1)
    .L.str.142                               0x080063da   Data          10  me3616.o(.rodata.str1.1)
    .L.str.138                               0x080063e4   Data          12  me3616.o(.rodata.str1.1)
    .L.str.90                                0x080063f0   Data          14  me3616.o(.rodata.str1.1)
    .L.str.18                                0x080063fe   Data           2  me3616.o(.rodata.str1.1)
    .L.str.151                               0x08006400   Data          31  me3616.o(.rodata.str1.1)
    .L.str.144                               0x0800641f   Data           7  me3616.o(.rodata.str1.1)
    .L.str.156                               0x08006426   Data           9  me3616.o(.rodata.str1.1)
    .L.str.141                               0x0800642e   Data           1  me3616.o(.rodata.str1.1)
    [Anonymous Symbol]                       0x0800642f   Section        0  me3616_app.o(.rodata.str1.1)
    .L.str.22                                0x0800642f   Data          48  me3616_app.o(.rodata.str1.1)
    .L.str.6                                 0x08006452   Data          25  me3616_app.o(.rodata.str1.1)
    .L.str                                   0x0800645f   Data          16  me3616_app.o(.rodata.str1.1)
    .L.str.1                                 0x0800646f   Data          16  me3616_app.o(.rodata.str1.1)
    .L.str.14                                0x0800647f   Data          11  me3616_app.o(.rodata.str1.1)
    [Anonymous Symbol]                       0x0800648a   Section        0  usart.o(.rodata.str1.1)
    .L.str                                   0x0800648a   Data          20  usart.o(.rodata.str1.1)
    [Anonymous Symbol]                       0x0800649e   Section        0  easyiot.o(.rodata.str1.1)
    .L.str.61                                0x0800649e   Data          35  easyiot.o(.rodata.str1.1)
    .L.str.62                                0x080064c1   Data          41  easyiot.o(.rodata.str1.1)
    .L.str.67                                0x080064ea   Data          67  easyiot.o(.rodata.str1.1)
    .L.str.66                                0x0800652d   Data          33  easyiot.o(.rodata.str1.1)
    .L.str.41                                0x0800654e   Data          53  easyiot.o(.rodata.str1.1)
    .L.str.42                                0x08006583   Data          43  easyiot.o(.rodata.str1.1)
    .L.str.35                                0x080065ae   Data          27  easyiot.o(.rodata.str1.1)
    .L.str.36                                0x080065c9   Data          27  easyiot.o(.rodata.str1.1)
    .L.str.49                                0x080065e4   Data          55  easyiot.o(.rodata.str1.1)
    .L.str.24                                0x0800661b   Data          25  easyiot.o(.rodata.str1.1)
    .L.str.55                                0x08006634   Data          27  easyiot.o(.rodata.str1.1)
    .L.str.38                                0x0800664f   Data          33  easyiot.o(.rodata.str1.1)
    .L.str.58                                0x08006670   Data          29  easyiot.o(.rodata.str1.1)
    .L.str.72                                0x0800668d   Data          28  easyiot.o(.rodata.str1.1)
    .L.str.56                                0x080066a9   Data          21  easyiot.o(.rodata.str1.1)
    .L.str.70                                0x080066be   Data          29  easyiot.o(.rodata.str1.1)
    .L.str.54                                0x080066db   Data          23  easyiot.o(.rodata.str1.1)
    .L.str.60                                0x080066f2   Data          11  easyiot.o(.rodata.str1.1)
    .L.str.37                                0x080066fd   Data          38  easyiot.o(.rodata.str1.1)
    .L.str.17                                0x08006723   Data          46  easyiot.o(.rodata.str1.1)
    .L.str.28                                0x08006751   Data          41  easyiot.o(.rodata.str1.1)
    .data                                    0x20000000   Section        4  mvars.o(.data)
    .data                                    0x20000004   Section        4  mvars.o(.data)
    .data                                    0x20000008   Section        4  errno.o(.data)
    _errno                                   0x20000008   Data           4  errno.o(.data)
    [Anonymous Symbol]                       0x20000010   Section        0  me3616.o(.data..L_MergedGlobals)
    [Anonymous Symbol]                       0x20000060   Section        0  me3616_app.o(.data..L_MergedGlobals)
    [Anonymous Symbol]                       0x20000070   Section        0  me3616.o(.data..L_MergedGlobals.198)
    [Anonymous Symbol]                       0x200003f0   Section        0  usart.o(.bss..L_MergedGlobals)
    [Anonymous Symbol]                       0x20000440   Section        0  easyiot.o(.bss..L_MergedGlobals)
    gl_loglevel                              0x20000440   Data           1  easyiot.o(.bss..L_MergedGlobals)
    gl_timestampcb                           0x20000444   Data           4  easyiot.o(.bss..L_MergedGlobals)
    gl_signalcb                              0x20000448   Data           4  easyiot.o(.bss..L_MergedGlobals)
    gl_batterycb                             0x2000044c   Data           4  easyiot.o(.bss..L_MergedGlobals)
    gl_ackhandler                            0x20000450   Data           4  easyiot.o(.bss..L_MergedGlobals)
    cmd_handler_count                        0x20000454   Data           4  easyiot.o(.bss..L_MergedGlobals)
    gl_log_out                               0x20000458   Data           4  easyiot.o(.bss..L_MergedGlobals)
    gl_imei                                  0x2000045c   Data          20  easyiot.o(.bss..L_MergedGlobals)
    gl_imsi                                  0x20000470   Data          20  easyiot.o(.bss..L_MergedGlobals)
    [Anonymous Symbol]                       0x20000490   Section        0  usart.o(.bss..L_MergedGlobals.1)
    [Anonymous Symbol]                       0x200004e0   Section        0  usart.o(.bss..L_MergedGlobals.2)
    [Anonymous Symbol]                       0x20000530   Section        0  easyiot.o(.bss..L_MergedGlobals.76)
    gl_cmd_handlers                          0x20000530   Data          64  easyiot.o(.bss..L_MergedGlobals.76)
    [Anonymous Symbol]                       0x20000b50   Section        0  easyiot.o(.bss.gl_nb_out)
    gl_nb_out                                0x20000b50   Data           4  easyiot.o(.bss.gl_nb_out)
    HEAP                                     0x20000d50   Section     1024  startup_stm32l432xx.o(HEAP)
    STACK                                    0x20001150   Section     4096  startup_stm32l432xx.o(STACK)

    Global Symbols

    Symbol Name                              Value     Ov Type        Size  Object(Section)

    BuildAttributes$$THM_ISAv4$E$P$D$K$B$S$7EM$VFPi3$EXTD16$VFPS$VFMA$PE$A:L22UL41UL21$X:L11$S22US41US21$IEEE1$IW$~IW$USESV6$~STKCKD$USESV7$~SHL$OSPACE$ROPI$EBA8$MICROLIB$REQ8$PRES8$EABIv2 0x00000000   Number         0  anon$$obj.o ABSOLUTE
    _printf_a                                0x00000000   Number         0  stubs.o ABSOLUTE
    _printf_c                                0x00000000   Number         0  stubs.o ABSOLUTE
    _printf_charcount                        0x00000000   Number         0  stubs.o ABSOLUTE
    _printf_d                                0x00000000   Number         0  stubs.o ABSOLUTE
    _printf_e                                0x00000000   Number         0  stubs.o ABSOLUTE
    _printf_f                                0x00000000   Number         0  stubs.o ABSOLUTE
    _printf_flags                            0x00000000   Number         0  stubs.o ABSOLUTE
    _printf_fp_dec                           0x00000000   Number         0  stubs.o ABSOLUTE
    _printf_fp_hex                           0x00000000   Number         0  stubs.o ABSOLUTE
    _printf_g                                0x00000000   Number         0  stubs.o ABSOLUTE
    _printf_i                                0x00000000   Number         0  stubs.o ABSOLUTE
    _printf_int_dec                          0x00000000   Number         0  stubs.o ABSOLUTE
    _printf_l                                0x00000000   Number         0  stubs.o ABSOLUTE
    _printf_lc                               0x00000000   Number         0  stubs.o ABSOLUTE
    _printf_ll                               0x00000000   Number         0  stubs.o ABSOLUTE
    _printf_lld                              0x00000000   Number         0  stubs.o ABSOLUTE
    _printf_lli                              0x00000000   Number         0  stubs.o ABSOLUTE
    _printf_llo                              0x00000000   Number         0  stubs.o ABSOLUTE
    _printf_llu                              0x00000000   Number         0  stubs.o ABSOLUTE
    _printf_llx                              0x00000000   Number         0  stubs.o ABSOLUTE
    _printf_longlong_dec                     0x00000000   Number         0  stubs.o ABSOLUTE
    _printf_longlong_hex                     0x00000000   Number         0  stubs.o ABSOLUTE
    _printf_longlong_oct                     0x00000000   Number         0  stubs.o ABSOLUTE
    _printf_ls                               0x00000000   Number         0  stubs.o ABSOLUTE
    _printf_mbtowc                           0x00000000   Number         0  stubs.o ABSOLUTE
    _printf_n                                0x00000000   Number         0  stubs.o ABSOLUTE
    _printf_o                                0x00000000   Number         0  stubs.o ABSOLUTE
    _printf_p                                0x00000000   Number         0  stubs.o ABSOLUTE
    _printf_percent                          0x00000000   Number         0  stubs.o ABSOLUTE
    _printf_pre_padding                      0x00000000   Number         0  stubs.o ABSOLUTE
    _printf_return_value                     0x00000000   Number         0  stubs.o ABSOLUTE
    _printf_s                                0x00000000   Number         0  stubs.o ABSOLUTE
    _printf_sizespec                         0x00000000   Number         0  stubs.o ABSOLUTE
    _printf_str                              0x00000000   Number         0  stubs.o ABSOLUTE
    _printf_truncate_signed                  0x00000000   Number         0  stubs.o ABSOLUTE
    _printf_truncate_unsigned                0x00000000   Number         0  stubs.o ABSOLUTE
    _printf_u                                0x00000000   Number         0  stubs.o ABSOLUTE
    _printf_wc                               0x00000000   Number         0  stubs.o ABSOLUTE
    _printf_wctomb                           0x00000000   Number         0  stubs.o ABSOLUTE
    _printf_widthprec                        0x00000000   Number         0  stubs.o ABSOLUTE
    _printf_x                                0x00000000   Number         0  stubs.o ABSOLUTE
    __cpp_initialize__aeabi_                  - Undefined Weak Reference
    __cxa_finalize                            - Undefined Weak Reference
    _clock_init                               - Undefined Weak Reference
    _microlib_exit                            - Undefined Weak Reference
    __Vectors_Size                           0x0000018c   Number         0  startup_stm32l432xx.o ABSOLUTE
    __Vectors                                0x08000000   Data           4  startup_stm32l432xx.o(RESET)
    __Vectors_End                            0x0800018c   Data           0  startup_stm32l432xx.o(RESET)
    __main                                   0x0800018d   Thumb Code     0  entry.o(.ARM.Collect$$$$00000000)
    _main_stk                                0x0800018d   Thumb Code     0  entry2.o(.ARM.Collect$$$$00000001)
    _main_scatterload                        0x08000191   Thumb Code     0  entry5.o(.ARM.Collect$$$$00000004)
    __main_after_scatterload                 0x08000195   Thumb Code     0  entry5.o(.ARM.Collect$$$$00000004)
    _main_clock                              0x08000195   Thumb Code     0  entry7b.o(.ARM.Collect$$$$00000008)
    _main_cpp_init                           0x08000195   Thumb Code     0  entry8b.o(.ARM.Collect$$$$0000000A)
    _main_init                               0x08000195   Thumb Code     0  entry9a.o(.ARM.Collect$$$$0000000B)
    __rt_final_cpp                           0x0800019d   Thumb Code     0  entry10a.o(.ARM.Collect$$$$0000000D)
    __rt_final_exit                          0x0800019d   Thumb Code     0  entry11a.o(.ARM.Collect$$$$0000000F)
    Reset_Handler                            0x080001a1   Thumb Code     8  startup_stm32l432xx.o(.text)
    ADC1_IRQHandler                          0x080001bb   Thumb Code     0  startup_stm32l432xx.o(.text)
    CAN1_RX0_IRQHandler                      0x080001bb   Thumb Code     0  startup_stm32l432xx.o(.text)
    CAN1_RX1_IRQHandler                      0x080001bb   Thumb Code     0  startup_stm32l432xx.o(.text)
    CAN1_SCE_IRQHandler                      0x080001bb   Thumb Code     0  startup_stm32l432xx.o(.text)
    CAN1_TX_IRQHandler                       0x080001bb   Thumb Code     0  startup_stm32l432xx.o(.text)
    COMP_IRQHandler                          0x080001bb   Thumb Code     0  startup_stm32l432xx.o(.text)
    CRS_IRQHandler                           0x080001bb   Thumb Code     0  startup_stm32l432xx.o(.text)
    DMA1_Channel1_IRQHandler                 0x080001bb   Thumb Code     0  startup_stm32l432xx.o(.text)
    DMA1_Channel2_IRQHandler                 0x080001bb   Thumb Code     0  startup_stm32l432xx.o(.text)
    DMA1_Channel3_IRQHandler                 0x080001bb   Thumb Code     0  startup_stm32l432xx.o(.text)
    DMA1_Channel6_IRQHandler                 0x080001bb   Thumb Code     0  startup_stm32l432xx.o(.text)
    DMA2_Channel1_IRQHandler                 0x080001bb   Thumb Code     0  startup_stm32l432xx.o(.text)
    DMA2_Channel2_IRQHandler                 0x080001bb   Thumb Code     0  startup_stm32l432xx.o(.text)
    DMA2_Channel3_IRQHandler                 0x080001bb   Thumb Code     0  startup_stm32l432xx.o(.text)
    DMA2_Channel4_IRQHandler                 0x080001bb   Thumb Code     0  startup_stm32l432xx.o(.text)
    DMA2_Channel5_IRQHandler                 0x080001bb   Thumb Code     0  startup_stm32l432xx.o(.text)
    DMA2_Channel6_IRQHandler                 0x080001bb   Thumb Code     0  startup_stm32l432xx.o(.text)
    DMA2_Channel7_IRQHandler                 0x080001bb   Thumb Code     0  startup_stm32l432xx.o(.text)
    EXTI0_IRQHandler                         0x080001bb   Thumb Code     0  startup_stm32l432xx.o(.text)
    EXTI15_10_IRQHandler                     0x080001bb   Thumb Code     0  startup_stm32l432xx.o(.text)
    EXTI1_IRQHandler                         0x080001bb   Thumb Code     0  startup_stm32l432xx.o(.text)
    EXTI2_IRQHandler                         0x080001bb   Thumb Code     0  startup_stm32l432xx.o(.text)
    EXTI3_IRQHandler                         0x080001bb   Thumb Code     0  startup_stm32l432xx.o(.text)
    EXTI4_IRQHandler                         0x080001bb   Thumb Code     0  startup_stm32l432xx.o(.text)
    EXTI9_5_IRQHandler                       0x080001bb   Thumb Code     0  startup_stm32l432xx.o(.text)
    FLASH_IRQHandler                         0x080001bb   Thumb Code     0  startup_stm32l432xx.o(.text)
    FPU_IRQHandler                           0x080001bb   Thumb Code     0  startup_stm32l432xx.o(.text)
    I2C1_ER_IRQHandler                       0x080001bb   Thumb Code     0  startup_stm32l432xx.o(.text)
    I2C1_EV_IRQHandler                       0x080001bb   Thumb Code     0  startup_stm32l432xx.o(.text)
    I2C3_ER_IRQHandler                       0x080001bb   Thumb Code     0  startup_stm32l432xx.o(.text)
    I2C3_EV_IRQHandler                       0x080001bb   Thumb Code     0  startup_stm32l432xx.o(.text)
    LPTIM1_IRQHandler                        0x080001bb   Thumb Code     0  startup_stm32l432xx.o(.text)
    LPTIM2_IRQHandler                        0x080001bb   Thumb Code     0  startup_stm32l432xx.o(.text)
    LPUART1_IRQHandler                       0x080001bb   Thumb Code     0  startup_stm32l432xx.o(.text)
    PVD_PVM_IRQHandler                       0x080001bb   Thumb Code     0  startup_stm32l432xx.o(.text)
    QUADSPI_IRQHandler                       0x080001bb   Thumb Code     0  startup_stm32l432xx.o(.text)
    RCC_IRQHandler                           0x080001bb   Thumb Code     0  startup_stm32l432xx.o(.text)
    RNG_IRQHandler                           0x080001bb   Thumb Code     0  startup_stm32l432xx.o(.text)
    RTC_Alarm_IRQHandler                     0x080001bb   Thumb Code     0  startup_stm32l432xx.o(.text)
    RTC_WKUP_IRQHandler                      0x080001bb   Thumb Code     0  startup_stm32l432xx.o(.text)
    SAI1_IRQHandler                          0x080001bb   Thumb Code     0  startup_stm32l432xx.o(.text)
    SPI1_IRQHandler                          0x080001bb   Thumb Code     0  startup_stm32l432xx.o(.text)
    SPI3_IRQHandler                          0x080001bb   Thumb Code     0  startup_stm32l432xx.o(.text)
    SWPMI1_IRQHandler                        0x080001bb   Thumb Code     0  startup_stm32l432xx.o(.text)
    TAMP_STAMP_IRQHandler                    0x080001bb   Thumb Code     0  startup_stm32l432xx.o(.text)
    TIM1_BRK_TIM15_IRQHandler                0x080001bb   Thumb Code     0  startup_stm32l432xx.o(.text)
    TIM1_CC_IRQHandler                       0x080001bb   Thumb Code     0  startup_stm32l432xx.o(.text)
    TIM1_TRG_COM_IRQHandler                  0x080001bb   Thumb Code     0  startup_stm32l432xx.o(.text)
    TIM2_IRQHandler                          0x080001bb   Thumb Code     0  startup_stm32l432xx.o(.text)
    TIM6_DAC_IRQHandler                      0x080001bb   Thumb Code     0  startup_stm32l432xx.o(.text)
    TIM7_IRQHandler                          0x080001bb   Thumb Code     0  startup_stm32l432xx.o(.text)
    TSC_IRQHandler                           0x080001bb   Thumb Code     0  startup_stm32l432xx.o(.text)
    USB_IRQHandler                           0x080001bb   Thumb Code     0  startup_stm32l432xx.o(.text)
    WWDG_IRQHandler                          0x080001bb   Thumb Code     0  startup_stm32l432xx.o(.text)
    __aeabi_uldivmod                         0x080001c5   Thumb Code    98  uldiv.o(.text)
    __aeabi_memcpy                           0x0800022d   Thumb Code    36  memcpya.o(.text)
    __aeabi_memcpy4                          0x0800022d   Thumb Code     0  memcpya.o(.text)
    __aeabi_memcpy8                          0x0800022d   Thumb Code     0  memcpya.o(.text)
    __aeabi_memset                           0x08000251   Thumb Code    14  memseta.o(.text)
    __aeabi_memset4                          0x08000251   Thumb Code     0  memseta.o(.text)
    __aeabi_memset8                          0x08000251   Thumb Code     0  memseta.o(.text)
    __aeabi_memclr                           0x0800025f   Thumb Code     4  memseta.o(.text)
    __aeabi_memclr4                          0x0800025f   Thumb Code     0  memseta.o(.text)
    __aeabi_memclr8                          0x0800025f   Thumb Code     0  memseta.o(.text)
    _memset$wrapper                          0x08000263   Thumb Code    18  memseta.o(.text)
    strstr                                   0x08000275   Thumb Code    36  strstr.o(.text)
    strncpy                                  0x08000299   Thumb Code    24  strncpy.o(.text)
    strchr                                   0x080002b1   Thumb Code    20  strchr.o(.text)
    strlen                                   0x080002c5   Thumb Code    14  strlen.o(.text)
    strcpy                                   0x080002d3   Thumb Code    18  strcpy.o(.text)
    strncmp                                  0x080002e5   Thumb Code    30  strncmp.o(.text)
    atoi                                     0x08000303   Thumb Code    26  atoi.o(.text)
    __aeabi_uidiv                            0x0800031d   Thumb Code     0  uidiv.o(.text)
    __aeabi_uidivmod                         0x0800031d   Thumb Code    44  uidiv.o(.text)
    __aeabi_llsl                             0x08000349   Thumb Code    30  llshl.o(.text)
    _ll_shift_l                              0x08000349   Thumb Code     0  llshl.o(.text)
    __aeabi_llsr                             0x08000367   Thumb Code    32  llushr.o(.text)
    _ll_ushift_r                             0x08000367   Thumb Code     0  llushr.o(.text)
    strtol                                   0x08000387   Thumb Code   112  strtol.o(.text)
    __I$use$fp                               0x080003f7   Thumb Code     0  iusefp.o(.text)
    __aeabi_dadd                             0x080003f7   Thumb Code   322  dadd.o(.text)
    __aeabi_dsub                             0x08000539   Thumb Code     6  dadd.o(.text)
    __aeabi_drsub                            0x0800053f   Thumb Code     6  dadd.o(.text)
    __aeabi_dmul                             0x08000555   Thumb Code   228  dmul.o(.text)
    __aeabi_ddiv                             0x0800063f   Thumb Code   222  ddiv.o(.text)
    __aeabi_d2ulz                            0x0800071d   Thumb Code    48  dfixul.o(.text)
    __aeabi_cdrcmple                         0x0800074d   Thumb Code    48  cdrcmple.o(.text)
    __scatterload                            0x0800077d   Thumb Code    28  init.o(.text)
    __scatterload_rt2                        0x0800077d   Thumb Code     0  init.o(.text)
    __aeabi_lasr                             0x080007a1   Thumb Code    36  llsshr.o(.text)
    _ll_sshift_r                             0x080007a1   Thumb Code     0  llsshr.o(.text)
    __rt_ctype_table                         0x080007c5   Thumb Code     4  ctype_o.o(.text)
    _strtoul                                 0x080007cd   Thumb Code   158  _strtoul.o(.text)
    _double_round                            0x08000871   Thumb Code    30  depilogue.o(.text)
    _double_epilogue                         0x0800088f   Thumb Code   156  depilogue.o(.text)
    _chval                                   0x0800092b   Thumb Code    28  _chval.o(.text)
    __decompress                             0x08000947   Thumb Code     0  __dclz77c.o(.text)
    __decompress2                            0x08000947   Thumb Code    94  __dclz77c.o(.text)
    AT_ResultReport                          0x080009a5   Thumb Code    24  me3616.o(.text.AT_ResultReport)
    Active_Report                            0x080009b5   Thumb Code   100  me3616.o(.text.Active_Report)
    AddBuffer                                0x08000a19   Thumb Code   188  easyiot.o(.text.AddBuffer)
    AddInt32                                 0x08000ad5   Thumb Code    20  easyiot.o(.text.AddInt32)
    AddInt8                                  0x08000ae9   Thumb Code    24  easyiot.o(.text.AddInt8)
    BusFault_Handler                         0x08000b01   Thumb Code     2  stm32l4xx_it.o(.text.BusFault_Handler)
    CFUN_Callback                            0x08000b05   Thumb Code    96  me3616.o(.text.CFUN_Callback)
    CME_Callback                             0x08000b61   Thumb Code    36  me3616.o(.text.CME_Callback)
    CPIN_Callback                            0x08000b85   Thumb Code   104  me3616.o(.text.CPIN_Callback)
    Check_Response                           0x08000bed   Thumb Code   196  me3616.o(.text.Check_Response)
    Clear_Sys_State                          0x08000cb1   Thumb Code    10  me3616.o(.text.Clear_Sys_State)
    CoapHexInputStatic                       0x08000cbd   Thumb Code   196  easyiot.o(.text.CoapHexInputStatic)
    CoapInput                                0x08000d81   Thumb Code   364  easyiot.o(.text.CoapInput)
    CoapOutput                               0x08000eed   Thumb Code    40  easyiot.o(.text.CoapOutput)
    Command_Response                         0x08000f15   Thumb Code   264  me3616_app.o(.text.Command_Response)
    DBG_Forward                              0x0800101d   Thumb Code   128  me3616_if.o(.text.DBG_Forward)
    DBG_Print                                0x08001099   Thumb Code   144  me3616.o(.text.DBG_Print)
    DMA1_Channel4_IRQHandler                 0x08001125   Thumb Code    12  stm32l4xx_it.o(.text.DMA1_Channel4_IRQHandler)
    DMA1_Channel5_IRQHandler                 0x08001131   Thumb Code    12  stm32l4xx_it.o(.text.DMA1_Channel5_IRQHandler)
    DMA1_Channel7_IRQHandler                 0x0800113d   Thumb Code    12  stm32l4xx_it.o(.text.DMA1_Channel7_IRQHandler)
    DebugMon_Handler                         0x08001175   Thumb Code     2  stm32l4xx_it.o(.text.DebugMon_Handler)
    ECOAPNMI_Callback                        0x08001179   Thumb Code    40  me3616.o(.text.ECOAPNMI_Callback)
    EMQDISCON_Callback                       0x080011a1   Thumb Code    44  me3616.o(.text.EMQDISCON_Callback)
    EMQPUB_Callback                          0x080011cd   Thumb Code    40  me3616.o(.text.EMQPUB_Callback)
    ESODATA_Callback                         0x080011f5   Thumb Code    40  me3616.o(.text.ESODATA_Callback)
    ESONMI_Callback                          0x0800121d   Thumb Code    40  me3616.o(.text.ESONMI_Callback)
    EasyIotInit                              0x08001245   Thumb Code   276  easyiot.o(.text.EasyIotInit)
    FreeMessage                              0x08001359   Thumb Code    88  easyiot.o(.text.FreeMessage)
    FreeTLV                                  0x080013b1   Thumb Code    52  easyiot.o(.text.FreeTLV)
    GetInt8                                  0x080013e5   Thumb Code    52  easyiot.o(.text.GetInt8)
    Get_AT_State                             0x08001419   Thumb Code     4  me3616.o(.text.Get_AT_State)
    Get_Last_AT_CMD                          0x0800141d   Thumb Code     4  me3616.o(.text.Get_Last_AT_CMD)
    Get_Sys_State                            0x08001421   Thumb Code    10  me3616.o(.text.Get_Sys_State)
    HAL_DMA_Abort_IT                         0x0800142b   Thumb Code    78  stm32l4xx_hal_dma.o(.text.HAL_DMA_Abort_IT)
    HAL_DMA_IRQHandler                       0x08001479   Thumb Code   170  stm32l4xx_hal_dma.o(.text.HAL_DMA_IRQHandler)
    HAL_DMA_Init                             0x08001525   Thumb Code   188  stm32l4xx_hal_dma.o(.text.HAL_DMA_Init)
    HAL_DMA_Start_IT                         0x080015eb   Thumb Code   110  stm32l4xx_hal_dma.o(.text.HAL_DMA_Start_IT)
    HAL_Delay                                0x08001659   Thumb Code    26  stm32l4xx_hal.o(.text.HAL_Delay)
    HAL_GPIO_Init                            0x08001675   Thumb Code   408  stm32l4xx_hal_gpio.o(.text.HAL_GPIO_Init)
    HAL_GPIO_ReadPin                         0x08001813   Thumb Code    10  stm32l4xx_hal_gpio.o(.text.HAL_GPIO_ReadPin)
    HAL_GPIO_WritePin                        0x0800181d   Thumb Code    12  stm32l4xx_hal_gpio.o(.text.HAL_GPIO_WritePin)
    HAL_GetTick                              0x08001829   Thumb Code    12  stm32l4xx_hal.o(.text.HAL_GetTick)
    HAL_IncTick                              0x08001831   Thumb Code    16  stm32l4xx_hal.o(.text.HAL_IncTick)
    HAL_Init                                 0x08001841   Thumb Code    44  stm32l4xx_hal.o(.text.HAL_Init)
    HAL_InitTick                             0x0800186d   Thumb Code   120  stm32l4xx_hal_timebase_tim.o(.text.HAL_InitTick)
    HAL_MspInit                              0x080018e1   Thumb Code   136  stm32l4xx_hal_msp.o(.text.HAL_MspInit)
    HAL_NVIC_EnableIRQ                       0x08001969   Thumb Code    24  stm32l4xx_hal_cortex.o(.text.HAL_NVIC_EnableIRQ)
    HAL_NVIC_SetPriority                     0x08001981   Thumb Code    72  stm32l4xx_hal_cortex.o(.text.HAL_NVIC_SetPriority)
    HAL_NVIC_SetPriorityGrouping             0x080019c5   Thumb Code    32  stm32l4xx_hal_cortex.o(.text.HAL_NVIC_SetPriorityGrouping)
    HAL_PWREx_ControlVoltageScaling          0x080019e5   Thumb Code   104  stm32l4xx_hal_pwr_ex.o(.text.HAL_PWREx_ControlVoltageScaling)
    HAL_PWREx_GetVoltageRange                0x08001a45   Thumb Code    16  stm32l4xx_hal_pwr_ex.o(.text.HAL_PWREx_GetVoltageRange)
    HAL_RCCEx_PeriphCLKConfig                0x08001a51   Thumb Code   592  stm32l4xx_hal_rcc_ex.o(.text.HAL_RCCEx_PeriphCLKConfig)
    HAL_RCC_ClockConfig                      0x08001ca1   Thumb Code   300  stm32l4xx_hal_rcc.o(.text.HAL_RCC_ClockConfig)
    HAL_RCC_GetClockConfig                   0x08001dc9   Thumb Code    64  stm32l4xx_hal_rcc.o(.text.HAL_RCC_GetClockConfig)
    HAL_RCC_GetHCLKFreq                      0x08001e05   Thumb Code    12  stm32l4xx_hal_rcc.o(.text.HAL_RCC_GetHCLKFreq)
    HAL_RCC_GetPCLK1Freq                     0x08001e0d   Thumb Code    36  stm32l4xx_hal_rcc.o(.text.HAL_RCC_GetPCLK1Freq)
    HAL_RCC_GetPCLK2Freq                     0x08001e25   Thumb Code    36  stm32l4xx_hal_rcc.o(.text.HAL_RCC_GetPCLK2Freq)
    HAL_RCC_GetSysClockFreq                  0x08001e49   Thumb Code   168  stm32l4xx_hal_rcc.o(.text.HAL_RCC_GetSysClockFreq)
    HAL_RCC_OscConfig                        0x08001ef1   Thumb Code  1372  stm32l4xx_hal_rcc.o(.text.HAL_RCC_OscConfig)
    HAL_SYSTICK_CLKSourceConfig              0x0800244d   Thumb Code    24  stm32l4xx_hal_cortex.o(.text.HAL_SYSTICK_CLKSourceConfig)
    HAL_SYSTICK_Callback                     0x08002461   Thumb Code     2  stm32l4xx_hal_cortex.o(.text.HAL_SYSTICK_Callback)
    HAL_SYSTICK_Config                       0x08002465   Thumb Code    40  stm32l4xx_hal_cortex.o(.text.HAL_SYSTICK_Config)
    HAL_SYSTICK_IRQHandler                   0x0800248d   Thumb Code     4  stm32l4xx_hal_cortex.o(.text.HAL_SYSTICK_IRQHandler)
    HAL_TIMEx_Break2Callback                 0x08002491   Thumb Code     2  stm32l4xx_hal_tim_ex.o(.text.HAL_TIMEx_Break2Callback)
    HAL_TIMEx_BreakCallback                  0x08002493   Thumb Code     2  stm32l4xx_hal_tim_ex.o(.text.HAL_TIMEx_BreakCallback)
    HAL_TIMEx_CommutationCallback            0x08002495   Thumb Code     2  stm32l4xx_hal_tim_ex.o(.text.HAL_TIMEx_CommutationCallback)
    HAL_TIM_Base_Init                        0x08002497   Thumb Code    52  stm32l4xx_hal_tim.o(.text.HAL_TIM_Base_Init)
    HAL_TIM_Base_MspInit                     0x080024cb   Thumb Code     2  stm32l4xx_hal_tim.o(.text.HAL_TIM_Base_MspInit)
    HAL_TIM_Base_Start_IT                    0x080024cd   Thumb Code    48  stm32l4xx_hal_tim.o(.text.HAL_TIM_Base_Start_IT)
    HAL_TIM_IC_CaptureCallback               0x080024fd   Thumb Code     2  stm32l4xx_hal_tim.o(.text.HAL_TIM_IC_CaptureCallback)
    HAL_TIM_IRQHandler                       0x08002501   Thumb Code   404  stm32l4xx_hal_tim.o(.text.HAL_TIM_IRQHandler)
    HAL_TIM_OC_DelayElapsedCallback          0x08002695   Thumb Code     2  stm32l4xx_hal_tim.o(.text.HAL_TIM_OC_DelayElapsedCallback)
    HAL_TIM_PWM_PulseFinishedCallback        0x08002697   Thumb Code     2  stm32l4xx_hal_tim.o(.text.HAL_TIM_PWM_PulseFinishedCallback)
    HAL_TIM_PeriodElapsedCallback            0x08002699   Thumb Code    20  main.o(.text.HAL_TIM_PeriodElapsedCallback)
    HAL_TIM_TriggerCallback                  0x080026ad   Thumb Code     2  stm32l4xx_hal_tim.o(.text.HAL_TIM_TriggerCallback)
    HAL_UARTEx_WakeupCallback                0x080026af   Thumb Code     2  stm32l4xx_hal_uart_ex.o(.text.HAL_UARTEx_WakeupCallback)
    HAL_UART_AbortReceiveCpltCallback        0x080026b1   Thumb Code   104  me3616_if.o(.text.HAL_UART_AbortReceiveCpltCallback)
    HAL_UART_AbortReceive_IT                 0x08002719   Thumb Code   116  stm32l4xx_hal_uart.o(.text.HAL_UART_AbortReceive_IT)
    HAL_UART_ErrorCallback                   0x0800278d   Thumb Code    32  me3616_if.o(.text.HAL_UART_ErrorCallback)
    HAL_UART_IRQHandler                      0x080027ad   Thumb Code   336  stm32l4xx_hal_uart.o(.text.HAL_UART_IRQHandler)
    HAL_UART_Init                            0x080028fd   Thumb Code   100  stm32l4xx_hal_uart.o(.text.HAL_UART_Init)
    HAL_UART_MspInit                         0x08002961   Thumb Code   388  usart.o(.text.HAL_UART_MspInit)
    HAL_UART_Receive_DMA                     0x08002ae5   Thumb Code   136  stm32l4xx_hal_uart.o(.text.HAL_UART_Receive_DMA)
    HAL_UART_Receive_IT                      0x08002b69   Thumb Code   160  stm32l4xx_hal_uart.o(.text.HAL_UART_Receive_IT)
    HAL_UART_RxCpltCallback                  0x08002c09   Thumb Code     2  stm32l4xx_hal_uart.o(.text.HAL_UART_RxCpltCallback)
    HAL_UART_RxHalfCpltCallback              0x08002c0b   Thumb Code     2  stm32l4xx_hal_uart.o(.text.HAL_UART_RxHalfCpltCallback)
    HAL_UART_Transmit_DMA                    0x08002c0d   Thumb Code   124  stm32l4xx_hal_uart.o(.text.HAL_UART_Transmit_DMA)
    HAL_UART_TxCpltCallback                  0x08002c89   Thumb Code     2  stm32l4xx_hal_uart.o(.text.HAL_UART_TxCpltCallback)
    HAL_UART_TxHalfCpltCallback              0x08002c8b   Thumb Code     2  stm32l4xx_hal_uart.o(.text.HAL_UART_TxHalfCpltCallback)
    HardFault_Handler                        0x08002c8d   Thumb Code     2  stm32l4xx_it.o(.text.HardFault_Handler)
    Hex2Str                                  0x08002c91   Thumb Code    56  me3616.o(.text.Hex2Str)
    IPERF_Callback                           0x08002cc9   Thumb Code    40  me3616.o(.text.IPERF_Callback)
    IP_Callback                              0x08002cf1   Thumb Code   164  me3616.o(.text.IP_Callback)
    Init_UART_CM                             0x08002d91   Thumb Code    50  me3616_if.o(.text.Init_UART_CM)
    Logging                                  0x08002dc5   Thumb Code    64  easyiot.o(.text.Logging)
    M2MCLIRECV_Callback                      0x08002e05   Thumb Code    60  me3616_app.o(.text.M2MCLIRECV_Callback)
    M2MCLI_Callback                          0x08002e41   Thumb Code   224  me3616.o(.text.M2MCLI_Callback)
    MATREADY_Callback                        0x08002f21   Thumb Code   100  me3616.o(.text.MATREADY_Callback)
    ME3616_APP                               0x08002f85   Thumb Code    18  me3616_app.o(.text.ME3616_APP)
    ME3616_APP_ErrorHandler                  0x08002f99   Thumb Code    24  me3616_app.o(.text.ME3616_APP_ErrorHandler)
    ME3616_ErrorHandler                      0x08002fad   Thumb Code    28  me3616.o(.text.ME3616_ErrorHandler)
    ME3616_IF_ErrorHandler                   0x08002fc5   Thumb Code    24  me3616_if.o(.text.ME3616_IF_ErrorHandler)
    ME3616_Init                              0x08002fdd   Thumb Code   228  me3616.o(.text.ME3616_Init)
    ME3616_PowerOn                           0x080030c1   Thumb Code    40  me3616_if.o(.text.ME3616_PowerOn)
    ME3616_Reset                             0x080030e5   Thumb Code    40  me3616_if.o(.text.ME3616_Reset)
    ME3616_Send_AT_Command                   0x0800310d   Thumb Code   568  me3616.o(.text.ME3616_Send_AT_Command)
    ME3616_String_Receive                    0x08003345   Thumb Code   284  me3616.o(.text.ME3616_String_Receive)
    MIPLDISCOVER_Callback                    0x08003469   Thumb Code    44  me3616.o(.text.MIPLDISCOVER_Callback)
    MIPLEVENT_Callback                       0x08003495   Thumb Code    44  me3616.o(.text.MIPLEVENT_Callback)
    MIPLOBSERVE_Callback                     0x080034c1   Thumb Code    44  me3616.o(.text.MIPLOBSERVE_Callback)
    MIPLPARAMETER_Callback                   0x080034ed   Thumb Code    48  me3616.o(.text.MIPLPARAMETER_Callback)
    MIPLREAD_Callback                        0x0800351d   Thumb Code    40  me3616.o(.text.MIPLREAD_Callback)
    MIPLWRITE_Callback                       0x08003545   Thumb Code    44  me3616.o(.text.MIPLWRITE_Callback)
    MX_DMA_Init                              0x08003571   Thumb Code    80  dma.o(.text.MX_DMA_Init)
    MX_GPIO_Init                             0x080035c1   Thumb Code   108  gpio.o(.text.MX_GPIO_Init)
    MX_USART1_UART_Init                      0x0800362d   Thumb Code    68  usart.o(.text.MX_USART1_UART_Init)
    MX_USART2_UART_Init                      0x0800366d   Thumb Code    68  usart.o(.text.MX_USART2_UART_Init)
    MemManage_Handler                        0x080036b1   Thumb Code     2  stm32l4xx_it.o(.text.MemManage_Handler)
    MessageDeserializeBodyData               0x080036b5   Thumb Code   180  easyiot.o(.text.MessageDeserializeBodyData)
    MessagesDeserialize                      0x08003769   Thumb Code   260  easyiot.o(.text.MessagesDeserialize)
    MessagesSerialize                        0x0800386d   Thumb Code   212  easyiot.o(.text.MessagesSerialize)
    MessagesStaticMalloc                     0x08003941   Thumb Code   108  easyiot.o(.text.MessagesStaticMalloc)
    NMI_Handler                              0x080039ad   Thumb Code     2  stm32l4xx_it.o(.text.NMI_Handler)
    NewMessageStatic                         0x080039d5   Thumb Code   160  easyiot.o(.text.NewMessageStatic)
    NewTLV                                   0x08003a75   Thumb Code    36  easyiot.o(.text.NewTLV)
    NewTLVStatic                             0x08003a99   Thumb Code    68  easyiot.o(.text.NewTLVStatic)
    PendSV_Handler                           0x08003add   Thumb Code     2  stm32l4xx_it.o(.text.PendSV_Handler)
    RxHandler                                0x08003c9d   Thumb Code    52  me3616.o(.text.RxHandler)
    SVC_Handler                              0x08003cd1   Thumb Code     2  stm32l4xx_it.o(.text.SVC_Handler)
    SendtoDBG                                0x08003cd3   Thumb Code     6  me3616_app.o(.text.SendtoDBG)
    SendtoModule                             0x08003cd9   Thumb Code   108  me3616_app.o(.text.SendtoModule)
    SerializeBody                            0x08003d45   Thumb Code   124  easyiot.o(.text.SerializeBody)
    Set_AT_Info                              0x08003dc7   Thumb Code    20  me3616.o(.text.Set_AT_Info)
    Set_Last_AT_CMD_None                     0x08003ddb   Thumb Code     6  me3616.o(.text.Set_Last_AT_CMD_None)
    Set_Sys_State                            0x08003de1   Thumb Code     8  me3616.o(.text.Set_Sys_State)
    State_Hex2Str                            0x08003de9   Thumb Code    12  me3616.o(.text.State_Hex2Str)
    SysTick_Handler                          0x08003df5   Thumb Code     4  stm32l4xx_it.o(.text.SysTick_Handler)
    SystemClock_Config                       0x08003df9   Thumb Code   126  main.o(.text.SystemClock_Config)
    SystemInit                               0x08003e79   Thumb Code    76  system_stm32l4xx.o(.text.SystemInit)
    TIM1_UP_TIM16_IRQHandler                 0x08003ec5   Thumb Code    12  stm32l4xx_it.o(.text.TIM1_UP_TIM16_IRQHandler)
    TIM_Base_SetConfig                       0x08003ed1   Thumb Code   148  stm32l4xx_hal_tim.o(.text.TIM_Base_SetConfig)
    TLVSerialize                             0x08003f65   Thumb Code   196  easyiot.o(.text.TLVSerialize)
    UART_AT_Receive                          0x08004029   Thumb Code    20  me3616_if.o(.text.UART_AT_Receive)
    UART_AT_Send                             0x0800403d   Thumb Code   176  me3616_if.o(.text.UART_AT_Send)
    UART_AdvFeatureConfig                    0x080040ed   Thumb Code   212  stm32l4xx_hal_uart.o(.text.UART_AdvFeatureConfig)
    UART_CheckIdleState                      0x080041c1   Thumb Code   104  stm32l4xx_hal_uart.o(.text.UART_CheckIdleState)
    UART_SetConfig                           0x080043f5   Thumb Code   520  stm32l4xx_hal_uart.o(.text.UART_SetConfig)
    UART_WaitOnFlagUntilTimeout              0x080045fd   Thumb Code   108  stm32l4xx_hal_uart.o(.text.UART_WaitOnFlagUntilTimeout)
    USART1_IRQHandler                        0x08004669   Thumb Code    40  stm32l4xx_it.o(.text.USART1_IRQHandler)
    USART2_IRQHandler                        0x0800468d   Thumb Code    40  stm32l4xx_it.o(.text.USART2_IRQHandler)
    UnknowActiveReport_Callback              0x080046b5   Thumb Code    52  me3616.o(.text.UnknowActiveReport_Callback)
    UsageFault_Handler                       0x080046e9   Thumb Code     2  stm32l4xx_it.o(.text.UsageFault_Handler)
    UserCmdReqMsgDeserialize                 0x080046ed   Thumb Code   196  easyiot.o(.text.UserCmdReqMsgDeserialize)
    UserCmdRspMsgSerialize                   0x080047b1   Thumb Code   144  easyiot.o(.text.UserCmdRspMsgSerialize)
    UserUpMsgSerialize                       0x08004831   Thumb Code   440  easyiot.o(.text.UserUpMsgSerialize)
    Wait_AT_Response                         0x080049ef   Thumb Code    64  me3616_if.o(.text.Wait_AT_Response)
    Wait_AT_SendReady                        0x08004a2f   Thumb Code    56  me3616_if.o(.text.Wait_AT_SendReady)
    ZGPSR_Callback                           0x08004a69   Thumb Code    40  me3616.o(.text.ZGPSR_Callback)
    _Error_Handler                           0x08004a91   Thumb Code     2  main.o(.text._Error_Handler)
    a2b_hex                                  0x08004a95   Thumb Code   172  easyiot.o(.text.a2b_hex)
    ack_handler                              0x08004b41   Thumb Code    28  me3616_app.o(.text.ack_handler)
    cmd_handler_callback                     0x08004b5d   Thumb Code   116  me3616_app.o(.text.cmd_handler_callback)
    getBattery                               0x08004bc9   Thumb Code    12  me3616_app.o(.text.getBattery)
    getSignal                                0x08004bd1   Thumb Code    12  me3616_app.o(.text.getSignal)
    getTimestamp                             0x08004bd9   Thumb Code    10  me3616_app.o(.text.getTimestamp)
    get_tlv_from_msg                         0x08004be5   Thumb Code   164  easyiot.o(.text.get_tlv_from_msg)
    host2NetDouble                           0x08004c89   Thumb Code    34  easyiot.o(.text.host2NetDouble)
    main                                     0x08004cad   Thumb Code   208  main.o(.text.main)
    me3616_test_easyiot                      0x08004d7d   Thumb Code   628  me3616_app.o(.text.me3616_test_easyiot)
    pushMessageStackedBuffer                 0x08004ff1   Thumb Code    68  easyiot.o(.text.pushMessageStackedBuffer)
    pushMessageStatic                        0x0800502d   Thumb Code    76  easyiot.o(.text.pushMessageStatic)
    pushMessages                             0x08005079   Thumb Code    96  easyiot.o(.text.pushMessages)
    setAckHandler                            0x080050d9   Thumb Code    52  easyiot.o(.text.setAckHandler)
    setBatteryCb                             0x08005109   Thumb Code    56  easyiot.o(.text.setBatteryCb)
    setCmdHandler                            0x0800513d   Thumb Code   220  easyiot.o(.text.setCmdHandler)
    setLogSerialOutputCb                     0x08005219   Thumb Code    68  easyiot.o(.text.setLogSerialOutputCb)
    setMessages                              0x08005259   Thumb Code    64  easyiot.o(.text.setMessages)
    setNbSerialOutputCb                      0x08005299   Thumb Code    64  easyiot.o(.text.setNbSerialOutputCb)
    setSignalCb                              0x080052d9   Thumb Code    56  easyiot.o(.text.setSignalCb)
    setsTimestampCb                          0x0800530d   Thumb Code    56  easyiot.o(.text.setsTimestampCb)
    value_serialize                          0x08005345   Thumb Code   110  easyiot.o(.text.value_serialize)
    __0sprintf                               0x080053b5   Thumb Code    34  printfa.o(i.__0sprintf)
    __1sprintf                               0x080053b5   Thumb Code     0  printfa.o(i.__0sprintf)
    __2sprintf                               0x080053b5   Thumb Code     0  printfa.o(i.__0sprintf)
    __c89sprintf                             0x080053b5   Thumb Code     0  printfa.o(i.__0sprintf)
    sprintf                                  0x080053b5   Thumb Code     0  printfa.o(i.__0sprintf)
    __0vsprintf                              0x080053dd   Thumb Code    30  printfa.o(i.__0vsprintf)
    __1vsprintf                              0x080053dd   Thumb Code     0  printfa.o(i.__0vsprintf)
    __2vsprintf                              0x080053dd   Thumb Code     0  printfa.o(i.__0vsprintf)
    __c89vsprintf                            0x080053dd   Thumb Code     0  printfa.o(i.__0vsprintf)
    vsprintf                                 0x080053dd   Thumb Code     0  printfa.o(i.__0vsprintf)
    __aeabi_errno_addr                       0x08005401   Thumb Code     4  errno.o(i.__aeabi_errno_addr)
    __rt_errno_addr                          0x08005401   Thumb Code     0  errno.o(i.__aeabi_errno_addr)
    __scatterload_copy                       0x08005409   Thumb Code    14  handlers.o(i.__scatterload_copy)
    __scatterload_null                       0x08005417   Thumb Code     2  handlers.o(i.__scatterload_null)
    __scatterload_zeroinit                   0x08005419   Thumb Code    14  handlers.o(i.__scatterload_zeroinit)
    free                                     0x08005cf5   Thumb Code    76  malloc.o(i.free)
    malloc                                   0x08005d45   Thumb Code    92  malloc.o(i.malloc)
    __ctype_table                            0x08005db0   Data         129  ctype_o.o(.constdata)
    AHBPrescTable                            0x08005e48   Data          16  system_stm32l4xx.o(.rodata.AHBPrescTable)
    APBPrescTable                            0x08005e58   Data           8  system_stm32l4xx.o(.rodata.APBPrescTable)
    MSIRangeTable                            0x08005e60   Data          48  system_stm32l4xx.o(.rodata.MSIRangeTable)
    Region$$Table$$Base                      0x0800677c   Number         0  anon$$obj.o(Region$$Table)
    Region$$Table$$Limit                     0x0800679c   Number         0  anon$$obj.o(Region$$Table)
    __microlib_freelist                      0x20000000   Data           4  mvars.o(.data)
    __microlib_freelist_initialised          0x20000004   Data           4  mvars.o(.data)
    AT_Report_String                         0x20000010   Data          80  me3616.o(.data..L_MergedGlobals)
    Battery_val                              0x20000060   Data           1  me3616_app.o(.data..L_MergedGlobals)
    last_dtag_mid                            0x20000062   Data           2  me3616_app.o(.data..L_MergedGlobals)
    client_imei                              0x20000064   Data           4  me3616_app.o(.data..L_MergedGlobals)
    client_imsi                              0x20000068   Data           4  me3616_app.o(.data..L_MergedGlobals)
    Signal_val                               0x2000006c   Data           4  me3616_app.o(.data..L_MergedGlobals)
    AT_Report_Entry                          0x20000070   Data          80  me3616.o(.data..L_MergedGlobals.198)
    AT_CMD_String                            0x200000c0   Data         548  me3616.o(.data.AT_CMD_String)
    SystemCoreClock                          0x200002e4   Data           4  system_stm32l4xx.o(.data.SystemCoreClock)
    receive_buff                             0x200002e8   Data         250  me3616_app.o(.data.receive_buff)
    hdma_usart1_tx                           0x200003f0   Data          72  usart.o(.bss..L_MergedGlobals)
    hdma_usart1_rx                           0x20000490   Data          72  usart.o(.bss..L_MergedGlobals.1)
    hdma_usart2_tx                           0x200004e0   Data          72  usart.o(.bss..L_MergedGlobals.2)
    ME3616_Instance                          0x20000570   Data        1104  me3616.o(.bss.ME3616_Instance)
    cmd_ack_buff                             0x200009c0   Data         200  me3616_app.o(.bss.cmd_ack_buff)
    convert_buff                             0x20000a88   Data         200  me3616_app.o(.bss.convert_buff)
    htim16                                   0x20000b54   Data          64  stm32l4xx_hal_timebase_tim.o(.bss.htim16)
    huart1                                   0x20000b94   Data         120  usart.o(.bss.huart1)
    huart2                                   0x20000c0c   Data         120  usart.o(.bss.huart2)
    msg_buff                                 0x20000c84   Data         200  me3616_app.o(.bss.msg_buff)
    uwTick                                   0x20000d4c   Data           4  stm32l4xx_hal.o(.bss.uwTick)
    __heap_base                              0x20000d50   Data           0  startup_stm32l432xx.o(HEAP)
    __heap_limit                             0x20001150   Data           0  startup_stm32l432xx.o(HEAP)
    __initial_sp                             0x20002150   Data           0  startup_stm32l432xx.o(STACK)



==============================================================================

Memory Map of the image

  Image Entry point : 0x0800018d

  Load Region LR_IROM1 (Base: 0x08000000, Size: 0x00006b90, Max: 0x00040000, ABSOLUTE, COMPRESSED[0x000069c0])

    Execution Region ER_IROM1 (Exec base: 0x08000000, Load base: 0x08000000, Size: 0x0000679c, Max: 0x00040000, ABSOLUTE)

    Exec Addr    Load Addr    Size         Type   Attr      Idx    E Section Name        Object

    0x08000000   0x08000000   0x0000018c   Data   RO            3    RESET               startup_stm32l432xx.o
    0x0800018c   0x0800018c   0x00000000   Code   RO         1656  * .ARM.Collect$$$$00000000  mc_w.l(entry.o)
    0x0800018c   0x0800018c   0x00000004   Code   RO         1972    .ARM.Collect$$$$00000001  mc_w.l(entry2.o)
    0x08000190   0x08000190   0x00000004   Code   RO         1975    .ARM.Collect$$$$00000004  mc_w.l(entry5.o)
    0x08000194   0x08000194   0x00000000   Code   RO         1977    .ARM.Collect$$$$00000008  mc_w.l(entry7b.o)
    0x08000194   0x08000194   0x00000000   Code   RO         1979    .ARM.Collect$$$$0000000A  mc_w.l(entry8b.o)
    0x08000194   0x08000194   0x00000008   Code   RO         1980    .ARM.Collect$$$$0000000B  mc_w.l(entry9a.o)
    0x0800019c   0x0800019c   0x00000000   Code   RO         1982    .ARM.Collect$$$$0000000D  mc_w.l(entry10a.o)
    0x0800019c   0x0800019c   0x00000000   Code   RO         1984    .ARM.Collect$$$$0000000F  mc_w.l(entry11a.o)
    0x0800019c   0x0800019c   0x00000004   Code   RO         1973    .ARM.Collect$$$$00002712  mc_w.l(entry2.o)
    0x080001a0   0x080001a0   0x00000024   Code   RO            4    .text               startup_stm32l432xx.o
    0x080001c4   0x080001c4   0x00000068   Code   RO         1659    .text               mc_w.l(uldiv.o)
    0x0800022c   0x0800022c   0x00000024   Code   RO         1663    .text               mc_w.l(memcpya.o)
    0x08000250   0x08000250   0x00000024   Code   RO         1665    .text               mc_w.l(memseta.o)
    0x08000274   0x08000274   0x00000024   Code   RO         1667    .text               mc_w.l(strstr.o)
    0x08000298   0x08000298   0x00000018   Code   RO         1669    .text               mc_w.l(strncpy.o)
    0x080002b0   0x080002b0   0x00000014   Code   RO         1671    .text               mc_w.l(strchr.o)
    0x080002c4   0x080002c4   0x0000000e   Code   RO         1673    .text               mc_w.l(strlen.o)
    0x080002d2   0x080002d2   0x00000012   Code   RO         1675    .text               mc_w.l(strcpy.o)
    0x080002e4   0x080002e4   0x0000001e   Code   RO         1677    .text               mc_w.l(strncmp.o)
    0x08000302   0x08000302   0x0000001a   Code   RO         1970    .text               mc_w.l(atoi.o)
    0x0800031c   0x0800031c   0x0000002c   Code   RO         1991    .text               mc_w.l(uidiv.o)
    0x08000348   0x08000348   0x0000001e   Code   RO         1993    .text               mc_w.l(llshl.o)
    0x08000366   0x08000366   0x00000020   Code   RO         1995    .text               mc_w.l(llushr.o)
    0x08000386   0x08000386   0x00000070   Code   RO         2006    .text               mc_w.l(strtol.o)
    0x080003f6   0x080003f6   0x00000000   Code   RO         2008    .text               mc_w.l(iusefp.o)
    0x080003f6   0x080003f6   0x0000015e   Code   RO         2009    .text               mf_w.l(dadd.o)
    0x08000554   0x08000554   0x000000ea   Code   RO         2011    .text               mf_w.l(dmul.o)
    0x0800063e   0x0800063e   0x000000de   Code   RO         2013    .text               mf_w.l(ddiv.o)
    0x0800071c   0x0800071c   0x00000030   Code   RO         2015    .text               mf_w.l(dfixul.o)
    0x0800074c   0x0800074c   0x00000030   Code   RO         2017    .text               mf_w.l(cdrcmple.o)
    0x0800077c   0x0800077c   0x00000024   Code   RO         2019    .text               mc_w.l(init.o)
    0x080007a0   0x080007a0   0x00000024   Code   RO         2022    .text               mc_w.l(llsshr.o)
    0x080007c4   0x080007c4   0x00000008   Code   RO         2024    .text               mc_w.l(ctype_o.o)
    0x080007cc   0x080007cc   0x000000a4   Code   RO         2052    .text               mc_w.l(_strtoul.o)
    0x08000870   0x08000870   0x000000ba   Code   RO         2055    .text               mf_w.l(depilogue.o)
    0x0800092a   0x0800092a   0x0000001c   Code   RO         2057    .text               mc_w.l(_chval.o)
    0x08000946   0x08000946   0x0000005e   Code   RO         2067    .text               mc_w.l(__dclz77c.o)
    0x080009a4   0x080009a4   0x00000010   Code   RO           75    .text.AT_ResultReport  me3616.o
    0x080009b4   0x080009b4   0x00000064   Code   RO           81    .text.Active_Report  me3616.o
    0x08000a18   0x08000a18   0x000000bc   Code   RO         1542    .text.AddBuffer     easyiot.o
    0x08000ad4   0x08000ad4   0x00000014   Code   RO         1552    .text.AddInt32      easyiot.o
    0x08000ae8   0x08000ae8   0x00000018   Code   RO         1548    .text.AddInt8       easyiot.o
    0x08000b00   0x08000b00   0x00000002   Code   RO          274    .text.BusFault_Handler  stm32l4xx_it.o
    0x08000b02   0x08000b02   0x00000002   PAD
    0x08000b04   0x08000b04   0x0000005c   Code   RO           13    .text.CFUN_Callback  me3616.o
    0x08000b60   0x08000b60   0x00000024   Code   RO           77    .text.CME_Callback  me3616.o
    0x08000b84   0x08000b84   0x00000068   Code   RO           15    .text.CPIN_Callback  me3616.o
    0x08000bec   0x08000bec   0x000000c4   Code   RO           73    .text.Check_Response  me3616.o
    0x08000cb0   0x08000cb0   0x0000000a   Code   RO           59    .text.Clear_Sys_State  me3616.o
    0x08000cba   0x08000cba   0x00000002   PAD
    0x08000cbc   0x08000cbc   0x000000c4   Code   RO         1640    .text.CoapHexInputStatic  easyiot.o
    0x08000d80   0x08000d80   0x0000016c   Code   RO         1632    .text.CoapInput     easyiot.o
    0x08000eec   0x08000eec   0x00000028   Code   RO         1626    .text.CoapOutput    easyiot.o
    0x08000f14   0x08000f14   0x00000108   Code   RO          119    .text.Command_Response  me3616_app.o
    0x0800101c   0x0800101c   0x0000007c   Code   RO          180    .text.DBG_Forward   me3616_if.o
    0x08001098   0x08001098   0x0000008c   Code   RO           49    .text.DBG_Print     me3616.o
    0x08001124   0x08001124   0x0000000c   Code   RO          286    .text.DMA1_Channel4_IRQHandler  stm32l4xx_it.o
    0x08001130   0x08001130   0x0000000c   Code   RO          288    .text.DMA1_Channel5_IRQHandler  stm32l4xx_it.o
    0x0800113c   0x0800113c   0x0000000c   Code   RO          290    .text.DMA1_Channel7_IRQHandler  stm32l4xx_it.o
    0x08001148   0x08001148   0x0000002c   Code   RO         1272    .text.DMA_SetConfig  stm32l4xx_hal_dma.o
    0x08001174   0x08001174   0x00000002   Code   RO          280    .text.DebugMon_Handler  stm32l4xx_it.o
    0x08001176   0x08001176   0x00000002   PAD
    0x08001178   0x08001178   0x00000028   Code   RO           27    .text.ECOAPNMI_Callback  me3616.o
    0x080011a0   0x080011a0   0x0000002c   Code   RO           23    .text.EMQDISCON_Callback  me3616.o
    0x080011cc   0x080011cc   0x00000028   Code   RO           25    .text.EMQPUB_Callback  me3616.o
    0x080011f4   0x080011f4   0x00000028   Code   RO           21    .text.ESODATA_Callback  me3616.o
    0x0800121c   0x0800121c   0x00000028   Code   RO           19    .text.ESONMI_Callback  me3616.o
    0x08001244   0x08001244   0x00000114   Code   RO         1488    .text.EasyIotInit   easyiot.o
    0x08001358   0x08001358   0x00000058   Code   RO         1514    .text.FreeMessage   easyiot.o
    0x080013b0   0x080013b0   0x00000034   Code   RO         1516    .text.FreeTLV       easyiot.o
    0x080013e4   0x080013e4   0x00000034   Code   RO         1566    .text.GetInt8       easyiot.o
    0x08001418   0x08001418   0x00000004   Code   RO           67    .text.Get_AT_State  me3616.o
    0x0800141c   0x0800141c   0x00000004   Code   RO           61    .text.Get_Last_AT_CMD  me3616.o
    0x08001420   0x08001420   0x0000000a   Code   RO           57    .text.Get_Sys_State  me3616.o
    0x0800142a   0x0800142a   0x0000004e   Code   RO         1278    .text.HAL_DMA_Abort_IT  stm32l4xx_hal_dma.o
    0x08001478   0x08001478   0x000000aa   Code   RO         1282    .text.HAL_DMA_IRQHandler  stm32l4xx_hal_dma.o
    0x08001522   0x08001522   0x00000002   PAD
    0x08001524   0x08001524   0x000000c6   Code   RO         1266    .text.HAL_DMA_Init  stm32l4xx_hal_dma.o
    0x080015ea   0x080015ea   0x0000006e   Code   RO         1274    .text.HAL_DMA_Start_IT  stm32l4xx_hal_dma.o
    0x08001658   0x08001658   0x0000001a   Code   RO          820    .text.HAL_Delay     stm32l4xx_hal.o
    0x08001672   0x08001672   0x00000002   PAD
    0x08001674   0x08001674   0x0000019e   Code   RO         1239    .text.HAL_GPIO_Init  stm32l4xx_hal_gpio.o
    0x08001812   0x08001812   0x0000000a   Code   RO         1243    .text.HAL_GPIO_ReadPin  stm32l4xx_hal_gpio.o
    0x0800181c   0x0800181c   0x0000000c   Code   RO         1245    .text.HAL_GPIO_WritePin  stm32l4xx_hal_gpio.o
    0x08001828   0x08001828   0x00000008   Code   RO          818    .text.HAL_GetTick   stm32l4xx_hal.o
    0x08001830   0x08001830   0x00000010   Code   RO          816    .text.HAL_IncTick   stm32l4xx_hal.o
    0x08001840   0x08001840   0x0000002c   Code   RO          806    .text.HAL_Init      stm32l4xx_hal.o
    0x0800186c   0x0800186c   0x00000074   Code   RO          321    .text.HAL_InitTick  stm32l4xx_hal_timebase_tim.o
    0x080018e0   0x080018e0   0x00000088   Code   RO          308    .text.HAL_MspInit   stm32l4xx_hal_msp.o
    0x08001968   0x08001968   0x00000018   Code   RO         1424    .text.HAL_NVIC_EnableIRQ  stm32l4xx_hal_cortex.o
    0x08001980   0x08001980   0x00000044   Code   RO         1420    .text.HAL_NVIC_SetPriority  stm32l4xx_hal_cortex.o
    0x080019c4   0x080019c4   0x00000020   Code   RO         1418    .text.HAL_NVIC_SetPriorityGrouping  stm32l4xx_hal_cortex.o
    0x080019e4   0x080019e4   0x00000060   Code   RO         1349    .text.HAL_PWREx_ControlVoltageScaling  stm32l4xx_hal_pwr_ex.o
    0x08001a44   0x08001a44   0x0000000c   Code   RO         1347    .text.HAL_PWREx_GetVoltageRange  stm32l4xx_hal_pwr_ex.o
    0x08001a50   0x08001a50   0x00000250   Code   RO         1101    .text.HAL_RCCEx_PeriphCLKConfig  stm32l4xx_hal_rcc_ex.o
    0x08001ca0   0x08001ca0   0x00000128   Code   RO         1070    .text.HAL_RCC_ClockConfig  stm32l4xx_hal_rcc.o
    0x08001dc8   0x08001dc8   0x0000003c   Code   RO         1082    .text.HAL_RCC_GetClockConfig  stm32l4xx_hal_rcc.o
    0x08001e04   0x08001e04   0x00000008   Code   RO         1074    .text.HAL_RCC_GetHCLKFreq  stm32l4xx_hal_rcc.o
    0x08001e0c   0x08001e0c   0x00000018   Code   RO         1076    .text.HAL_RCC_GetPCLK1Freq  stm32l4xx_hal_rcc.o
    0x08001e24   0x08001e24   0x00000024   Code   RO         1078    .text.HAL_RCC_GetPCLK2Freq  stm32l4xx_hal_rcc.o
    0x08001e48   0x08001e48   0x000000a8   Code   RO         1068    .text.HAL_RCC_GetSysClockFreq  stm32l4xx_hal_rcc.o
    0x08001ef0   0x08001ef0   0x0000055c   Code   RO         1064    .text.HAL_RCC_OscConfig  stm32l4xx_hal_rcc.o
    0x0800244c   0x0800244c   0x00000014   Code   RO         1446    .text.HAL_SYSTICK_CLKSourceConfig  stm32l4xx_hal_cortex.o
    0x08002460   0x08002460   0x00000002   Code   RO         1450    .text.HAL_SYSTICK_Callback  stm32l4xx_hal_cortex.o
    0x08002462   0x08002462   0x00000002   PAD
    0x08002464   0x08002464   0x00000028   Code   RO         1432    .text.HAL_SYSTICK_Config  stm32l4xx_hal_cortex.o
    0x0800248c   0x0800248c   0x00000004   Code   RO         1448    .text.HAL_SYSTICK_IRQHandler  stm32l4xx_hal_cortex.o
    0x08002490   0x08002490   0x00000002   Code   RO          637    .text.HAL_TIMEx_Break2Callback  stm32l4xx_hal_tim_ex.o
    0x08002492   0x08002492   0x00000002   Code   RO          635    .text.HAL_TIMEx_BreakCallback  stm32l4xx_hal_tim_ex.o
    0x08002494   0x08002494   0x00000002   Code   RO          633    .text.HAL_TIMEx_CommutationCallback  stm32l4xx_hal_tim_ex.o
    0x08002496   0x08002496   0x00000034   Code   RO          340    .text.HAL_TIM_Base_Init  stm32l4xx_hal_tim.o
    0x080024ca   0x080024ca   0x00000002   Code   RO          342    .text.HAL_TIM_Base_MspInit  stm32l4xx_hal_tim.o
    0x080024cc   0x080024cc   0x00000030   Code   RO          354    .text.HAL_TIM_Base_Start_IT  stm32l4xx_hal_tim.o
    0x080024fc   0x080024fc   0x00000002   Code   RO          470    .text.HAL_TIM_IC_CaptureCallback  stm32l4xx_hal_tim.o
    0x080024fe   0x080024fe   0x00000002   PAD
    0x08002500   0x08002500   0x00000194   Code   RO          468    .text.HAL_TIM_IRQHandler  stm32l4xx_hal_tim.o
    0x08002694   0x08002694   0x00000002   Code   RO          472    .text.HAL_TIM_OC_DelayElapsedCallback  stm32l4xx_hal_tim.o
    0x08002696   0x08002696   0x00000002   Code   RO          474    .text.HAL_TIM_PWM_PulseFinishedCallback  stm32l4xx_hal_tim.o
    0x08002698   0x08002698   0x00000014   Code   RO          203    .text.HAL_TIM_PeriodElapsedCallback  main.o
    0x080026ac   0x080026ac   0x00000002   Code   RO          478    .text.HAL_TIM_TriggerCallback  stm32l4xx_hal_tim.o
    0x080026ae   0x080026ae   0x00000002   Code   RO          781    .text.HAL_UARTEx_WakeupCallback  stm32l4xx_hal_uart_ex.o
    0x080026b0   0x080026b0   0x00000068   Code   RO          182    .text.HAL_UART_AbortReceiveCpltCallback  me3616_if.o
    0x08002718   0x08002718   0x00000074   Code   RO          732    .text.HAL_UART_AbortReceive_IT  stm32l4xx_hal_uart.o
    0x0800278c   0x0800278c   0x00000020   Code   RO          164    .text.HAL_UART_ErrorCallback  me3616_if.o
    0x080027ac   0x080027ac   0x00000150   Code   RO          738    .text.HAL_UART_IRQHandler  stm32l4xx_hal_uart.o
    0x080028fc   0x080028fc   0x00000064   Code   RO          652    .text.HAL_UART_Init  stm32l4xx_hal_uart.o
    0x08002960   0x08002960   0x00000184   Code   RO          247    .text.HAL_UART_MspInit  usart.o
    0x08002ae4   0x08002ae4   0x00000084   Code   RO          698    .text.HAL_UART_Receive_DMA  stm32l4xx_hal_uart.o
    0x08002b68   0x08002b68   0x000000a0   Code   RO          684    .text.HAL_UART_Receive_IT  stm32l4xx_hal_uart.o
    0x08002c08   0x08002c08   0x00000002   Code   RO          748    .text.HAL_UART_RxCpltCallback  stm32l4xx_hal_uart.o
    0x08002c0a   0x08002c0a   0x00000002   Code   RO          750    .text.HAL_UART_RxHalfCpltCallback  stm32l4xx_hal_uart.o
    0x08002c0c   0x08002c0c   0x0000007c   Code   RO          690    .text.HAL_UART_Transmit_DMA  stm32l4xx_hal_uart.o
    0x08002c88   0x08002c88   0x00000002   Code   RO          744    .text.HAL_UART_TxCpltCallback  stm32l4xx_hal_uart.o
    0x08002c8a   0x08002c8a   0x00000002   Code   RO          746    .text.HAL_UART_TxHalfCpltCallback  stm32l4xx_hal_uart.o
    0x08002c8c   0x08002c8c   0x00000002   Code   RO          270    .text.HardFault_Handler  stm32l4xx_it.o
    0x08002c8e   0x08002c8e   0x00000002   PAD
    0x08002c90   0x08002c90   0x00000038   Code   RO           91    .text.Hex2Str       me3616.o
    0x08002cc8   0x08002cc8   0x00000028   Code   RO           33    .text.IPERF_Callback  me3616.o
    0x08002cf0   0x08002cf0   0x000000a0   Code   RO           17    .text.IP_Callback   me3616.o
    0x08002d90   0x08002d90   0x00000032   Code   RO          172    .text.Init_UART_CM  me3616_if.o
    0x08002dc2   0x08002dc2   0x00000002   PAD
    0x08002dc4   0x08002dc4   0x00000040   Code   RO         1490    .text.Logging       easyiot.o
    0x08002e04   0x08002e04   0x0000003c   Code   RO          121    .text.M2MCLIRECV_Callback  me3616_app.o
    0x08002e40   0x08002e40   0x000000e0   Code   RO           31    .text.M2MCLI_Callback  me3616.o
    0x08002f20   0x08002f20   0x00000064   Code   RO           11    .text.MATREADY_Callback  me3616.o
    0x08002f84   0x08002f84   0x00000012   Code   RO          143    .text.ME3616_APP    me3616_app.o
    0x08002f96   0x08002f96   0x00000002   PAD
    0x08002f98   0x08002f98   0x00000014   Code   RO          117    .text.ME3616_APP_ErrorHandler  me3616_app.o
    0x08002fac   0x08002fac   0x00000018   Code   RO           53    .text.ME3616_ErrorHandler  me3616.o
    0x08002fc4   0x08002fc4   0x00000018   Code   RO          162    .text.ME3616_IF_ErrorHandler  me3616_if.o
    0x08002fdc   0x08002fdc   0x000000e4   Code   RO           89    .text.ME3616_Init   me3616.o
    0x080030c0   0x080030c0   0x00000024   Code   RO          168    .text.ME3616_PowerOn  me3616_if.o
    0x080030e4   0x080030e4   0x00000028   Code   RO          170    .text.ME3616_Reset  me3616_if.o
    0x0800310c   0x0800310c   0x00000238   Code   RO           71    .text.ME3616_Send_AT_Command  me3616.o
    0x08003344   0x08003344   0x00000122   Code   RO           85    .text.ME3616_String_Receive  me3616.o
    0x08003466   0x08003466   0x00000002   PAD
    0x08003468   0x08003468   0x0000002c   Code   RO           45    .text.MIPLDISCOVER_Callback  me3616.o
    0x08003494   0x08003494   0x0000002c   Code   RO           37    .text.MIPLEVENT_Callback  me3616.o
    0x080034c0   0x080034c0   0x0000002c   Code   RO           43    .text.MIPLOBSERVE_Callback  me3616.o
    0x080034ec   0x080034ec   0x00000030   Code   RO           47    .text.MIPLPARAMETER_Callback  me3616.o
    0x0800351c   0x0800351c   0x00000028   Code   RO           39    .text.MIPLREAD_Callback  me3616.o
    0x08003544   0x08003544   0x0000002c   Code   RO           41    .text.MIPLWRITE_Callback  me3616.o
    0x08003570   0x08003570   0x00000050   Code   RO          230    .text.MX_DMA_Init   dma.o
    0x080035c0   0x080035c0   0x0000006c   Code   RO          217    .text.MX_GPIO_Init  gpio.o
    0x0800362c   0x0800362c   0x00000040   Code   RO          243    .text.MX_USART1_UART_Init  usart.o
    0x0800366c   0x0800366c   0x00000044   Code   RO          245    .text.MX_USART2_UART_Init  usart.o
    0x080036b0   0x080036b0   0x00000002   Code   RO          272    .text.MemManage_Handler  stm32l4xx_it.o
    0x080036b2   0x080036b2   0x00000002   PAD
    0x080036b4   0x080036b4   0x000000b4   Code   RO         1614    .text.MessageDeserializeBodyData  easyiot.o
    0x08003768   0x08003768   0x00000104   Code   RO         1620    .text.MessagesDeserialize  easyiot.o
    0x0800386c   0x0800386c   0x000000d4   Code   RO         1622    .text.MessagesSerialize  easyiot.o
    0x08003940   0x08003940   0x0000006c   Code   RO         1512    .text.MessagesStaticMalloc  easyiot.o
    0x080039ac   0x080039ac   0x00000002   Code   RO          268    .text.NMI_Handler   stm32l4xx_it.o
    0x080039ae   0x080039ae   0x00000002   PAD
    0x080039b0   0x080039b0   0x00000024   Code   RO         1422    .text.NVIC_SetPriority  stm32l4xx_hal_cortex.o
    0x080039d4   0x080039d4   0x000000a0   Code   RO         1510    .text.NewMessageStatic  easyiot.o
    0x08003a74   0x08003a74   0x00000024   Code   RO         1546    .text.NewTLV        easyiot.o
    0x08003a98   0x08003a98   0x00000044   Code   RO         1544    .text.NewTLVStatic  easyiot.o
    0x08003adc   0x08003adc   0x00000002   Code   RO          282    .text.PendSV_Handler  stm32l4xx_it.o
    0x08003ade   0x08003ade   0x00000002   PAD
    0x08003ae0   0x08003ae0   0x00000134   Code   RO         1103    .text.RCCEx_PLLSAI1_Config  stm32l4xx_hal_rcc_ex.o
    0x08003c14   0x08003c14   0x00000088   Code   RO         1066    .text.RCC_SetFlashLatencyFromMSIRange  stm32l4xx_hal_rcc.o
    0x08003c9c   0x08003c9c   0x00000034   Code   RO           83    .text.RxHandler     me3616.o
    0x08003cd0   0x08003cd0   0x00000002   Code   RO          278    .text.SVC_Handler   stm32l4xx_it.o
    0x08003cd2   0x08003cd2   0x00000006   Code   RO          137    .text.SendtoDBG     me3616_app.o
    0x08003cd8   0x08003cd8   0x0000006c   Code   RO          135    .text.SendtoModule  me3616_app.o
    0x08003d44   0x08003d44   0x00000082   Code   RO         1606    .text.SerializeBody  easyiot.o
    0x08003dc6   0x08003dc6   0x00000014   Code   RO           69    .text.Set_AT_Info   me3616.o
    0x08003dda   0x08003dda   0x00000006   Code   RO           63    .text.Set_Last_AT_CMD_None  me3616.o
    0x08003de0   0x08003de0   0x00000008   Code   RO           55    .text.Set_Sys_State  me3616.o
    0x08003de8   0x08003de8   0x0000000c   Code   RO           51    .text.State_Hex2Str  me3616.o
    0x08003df4   0x08003df4   0x00000004   Code   RO          284    .text.SysTick_Handler  stm32l4xx_it.o
    0x08003df8   0x08003df8   0x0000007e   Code   RO          199    .text.SystemClock_Config  main.o
    0x08003e76   0x08003e76   0x00000002   PAD
    0x08003e78   0x08003e78   0x0000004c   Code   RO         1469    .text.SystemInit    system_stm32l4xx.o
    0x08003ec4   0x08003ec4   0x0000000c   Code   RO          292    .text.TIM1_UP_TIM16_IRQHandler  stm32l4xx_it.o
    0x08003ed0   0x08003ed0   0x00000094   Code   RO          344    .text.TIM_Base_SetConfig  stm32l4xx_hal_tim.o
    0x08003f64   0x08003f64   0x000000c4   Code   RO         1604    .text.TLVSerialize  easyiot.o
    0x08004028   0x08004028   0x00000014   Code   RO          184    .text.UART_AT_Receive  me3616_if.o
    0x0800403c   0x0800403c   0x000000b0   Code   RO          176    .text.UART_AT_Send  me3616_if.o
    0x080040ec   0x080040ec   0x000000d4   Code   RO          658    .text.UART_AdvFeatureConfig  stm32l4xx_hal_uart.o
    0x080041c0   0x080041c0   0x00000068   Code   RO          660    .text.UART_CheckIdleState  stm32l4xx_hal_uart.o
    0x08004228   0x08004228   0x00000010   Code   RO          740    .text.UART_DMAAbortOnError  stm32l4xx_hal_uart.o
    0x08004238   0x08004238   0x0000005a   Code   RO          696    .text.UART_DMAError  stm32l4xx_hal_uart.o
    0x08004292   0x08004292   0x0000003a   Code   RO          700    .text.UART_DMAReceiveCplt  stm32l4xx_hal_uart.o
    0x080042cc   0x080042cc   0x00000006   Code   RO          702    .text.UART_DMARxHalfCplt  stm32l4xx_hal_uart.o
    0x080042d2   0x080042d2   0x00000020   Code   RO          734    .text.UART_DMARxOnlyAbortCallback  stm32l4xx_hal_uart.o
    0x080042f2   0x080042f2   0x0000002a   Code   RO          692    .text.UART_DMATransmitCplt  stm32l4xx_hal_uart.o
    0x0800431c   0x0800431c   0x00000006   Code   RO          694    .text.UART_DMATxHalfCplt  stm32l4xx_hal_uart.o
    0x08004322   0x08004322   0x0000001e   Code   RO          710    .text.UART_EndRxTransfer  stm32l4xx_hal_uart.o
    0x08004340   0x08004340   0x00000056   Code   RO          686    .text.UART_RxISR_16BIT  stm32l4xx_hal_uart.o
    0x08004396   0x08004396   0x0000005c   Code   RO          688    .text.UART_RxISR_8BIT  stm32l4xx_hal_uart.o
    0x080043f2   0x080043f2   0x00000002   PAD
    0x080043f4   0x080043f4   0x00000208   Code   RO          656    .text.UART_SetConfig  stm32l4xx_hal_uart.o
    0x080045fc   0x080045fc   0x0000006c   Code   RO          674    .text.UART_WaitOnFlagUntilTimeout  stm32l4xx_hal_uart.o
    0x08004668   0x08004668   0x00000024   Code   RO          294    .text.USART1_IRQHandler  stm32l4xx_it.o
    0x0800468c   0x0800468c   0x00000028   Code   RO          296    .text.USART2_IRQHandler  stm32l4xx_it.o
    0x080046b4   0x080046b4   0x00000034   Code   RO           87    .text.UnknowActiveReport_Callback  me3616.o
    0x080046e8   0x080046e8   0x00000002   Code   RO          276    .text.UsageFault_Handler  stm32l4xx_it.o
    0x080046ea   0x080046ea   0x00000002   PAD
    0x080046ec   0x080046ec   0x000000c4   Code   RO         1618    .text.UserCmdReqMsgDeserialize  easyiot.o
    0x080047b0   0x080047b0   0x00000080   Code   RO         1610    .text.UserCmdRspMsgSerialize  easyiot.o
    0x08004830   0x08004830   0x000001be   Code   RO         1612    .text.UserUpMsgSerialize  easyiot.o
    0x080049ee   0x080049ee   0x00000040   Code   RO          178    .text.Wait_AT_Response  me3616_if.o
    0x08004a2e   0x08004a2e   0x00000038   Code   RO          174    .text.Wait_AT_SendReady  me3616_if.o
    0x08004a66   0x08004a66   0x00000002   PAD
    0x08004a68   0x08004a68   0x00000028   Code   RO           35    .text.ZGPSR_Callback  me3616.o
    0x08004a90   0x08004a90   0x00000002   Code   RO          201    .text._Error_Handler  main.o
    0x08004a92   0x08004a92   0x00000002   PAD
    0x08004a94   0x08004a94   0x000000ac   Code   RO         1636    .text.a2b_hex       easyiot.o
    0x08004b40   0x08004b40   0x0000001c   Code   RO          133    .text.ack_handler   me3616_app.o
    0x08004b5c   0x08004b5c   0x0000006c   Code   RO          139    .text.cmd_handler_callback  me3616_app.o
    0x08004bc8   0x08004bc8   0x00000008   Code   RO          127    .text.getBattery    me3616_app.o
    0x08004bd0   0x08004bd0   0x00000008   Code   RO          131    .text.getSignal     me3616_app.o
    0x08004bd8   0x08004bd8   0x0000000a   Code   RO          129    .text.getTimestamp  me3616_app.o
    0x08004be2   0x08004be2   0x00000002   PAD
    0x08004be4   0x08004be4   0x000000a4   Code   RO         1564    .text.get_tlv_from_msg  easyiot.o
    0x08004c88   0x08004c88   0x00000022   Code   RO         1520    .text.host2NetDouble  easyiot.o
    0x08004caa   0x08004caa   0x00000002   PAD
    0x08004cac   0x08004cac   0x000000d0   Code   RO          197    .text.main          main.o
    0x08004d7c   0x08004d7c   0x00000274   Code   RO          141    .text.me3616_test_easyiot  me3616_app.o
    0x08004ff0   0x08004ff0   0x0000003c   Code   RO         1624    .text.pushMessageStackedBuffer  easyiot.o
    0x0800502c   0x0800502c   0x0000004c   Code   RO         1628    .text.pushMessageStatic  easyiot.o
    0x08005078   0x08005078   0x00000060   Code   RO         1630    .text.pushMessages  easyiot.o
    0x080050d8   0x080050d8   0x00000030   Code   RO         1500    .text.setAckHandler  easyiot.o
    0x08005108   0x08005108   0x00000034   Code   RO         1496    .text.setBatteryCb  easyiot.o
    0x0800513c   0x0800513c   0x000000dc   Code   RO         1498    .text.setCmdHandler  easyiot.o
    0x08005218   0x08005218   0x00000040   Code   RO         1504    .text.setLogSerialOutputCb  easyiot.o
    0x08005258   0x08005258   0x00000040   Code   RO         1508    .text.setMessages   easyiot.o
    0x08005298   0x08005298   0x00000040   Code   RO         1502    .text.setNbSerialOutputCb  easyiot.o
    0x080052d8   0x080052d8   0x00000034   Code   RO         1494    .text.setSignalCb   easyiot.o
    0x0800530c   0x0800530c   0x00000038   Code   RO         1492    .text.setsTimestampCb  easyiot.o
    0x08005344   0x08005344   0x0000006e   Code   RO         1602    .text.value_serialize  easyiot.o
    0x080053b2   0x080053b2   0x00000002   PAD
    0x080053b4   0x080053b4   0x00000028   Code   RO         1916    i.__0sprintf        mc_w.l(printfa.o)
    0x080053dc   0x080053dc   0x00000024   Code   RO         1920    i.__0vsprintf       mc_w.l(printfa.o)
    0x08005400   0x08005400   0x00000008   Code   RO         1999    i.__aeabi_errno_addr  mc_w.l(errno.o)
    0x08005408   0x08005408   0x0000000e   Code   RO         2061    i.__scatterload_copy  mc_w.l(handlers.o)
    0x08005416   0x08005416   0x00000002   Code   RO         2062    i.__scatterload_null  mc_w.l(handlers.o)
    0x08005418   0x08005418   0x0000000e   Code   RO         2063    i.__scatterload_zeroinit  mc_w.l(handlers.o)
    0x08005426   0x08005426   0x00000002   PAD
    0x08005428   0x08005428   0x0000018a   Code   RO         1921    i._fp_digits        mc_w.l(printfa.o)
    0x080055b2   0x080055b2   0x00000002   PAD
    0x080055b4   0x080055b4   0x000006e2   Code   RO         1922    i._printf_core      mc_w.l(printfa.o)
    0x08005c96   0x08005c96   0x00000024   Code   RO         1923    i._printf_post_padding  mc_w.l(printfa.o)
    0x08005cba   0x08005cba   0x0000002e   Code   RO         1924    i._printf_pre_padding  mc_w.l(printfa.o)
    0x08005ce8   0x08005ce8   0x0000000a   Code   RO         1926    i._sputc            mc_w.l(printfa.o)
    0x08005cf2   0x08005cf2   0x00000002   PAD
    0x08005cf4   0x08005cf4   0x00000050   Code   RO         1942    i.free              mc_w.l(malloc.o)
    0x08005d44   0x08005d44   0x0000006c   Code   RO         1943    i.malloc            mc_w.l(malloc.o)
    0x08005db0   0x08005db0   0x00000081   Data   RO         2025    .constdata          mc_w.l(ctype_o.o)
    0x08005e31   0x08005e31   0x00000003   PAD
    0x08005e34   0x08005e34   0x00000004   Data   RO         2026    .constdata          mc_w.l(ctype_o.o)
    0x08005e38   0x08005e38   0x00000010   Data   RO          103    .rodata..Lswitch.table.DBG_Print  me3616.o
    0x08005e48   0x08005e48   0x00000010   Data   RO         1474    .rodata.AHBPrescTable  system_stm32l4xx.o
    0x08005e58   0x08005e58   0x00000008   Data   RO         1475    .rodata.APBPrescTable  system_stm32l4xx.o
    0x08005e60   0x08005e60   0x00000030   Data   RO         1476    .rodata.MSIRangeTable  system_stm32l4xx.o
    0x08005e90   0x08005e90   0x0000059f   Data   RO           95    .rodata.str1.1      me3616.o
    0x0800642f   0x0800642f   0x0000005b   Data   RO          145    .rodata.str1.1      me3616_app.o
    0x0800648a   0x0800648a   0x00000014   Data   RO          252    .rodata.str1.1      usart.o
    0x0800649e   0x0800649e   0x000002dc   Data   RO         1643    .rodata.str1.1      easyiot.o
    0x0800677a   0x0800677a   0x00000002   PAD
    0x0800677c   0x0800677c   0x00000020   Data   RO         2059    Region$$Table       anon$$obj.o


    Execution Region RW_IRAM1 (Exec base: 0x20000000, Load base: 0x080067a0, Size: 0x00002150, Max: 0x00010000, ABSOLUTE, COMPRESSED[0x00000220])

    Exec Addr    Load Addr    Size         Type   Attr      Idx    E Section Name        Object

    0x20000000   COMPRESSED   0x00000004   Data   RW         1997    .data               mc_w.l(mvars.o)
    0x20000004   COMPRESSED   0x00000004   Data   RW         1998    .data               mc_w.l(mvars.o)
    0x20000008   COMPRESSED   0x00000004   Data   RW         2002    .data               mc_w.l(errno.o)
    0x2000000c   COMPRESSED   0x00000004   PAD
    0x20000010   COMPRESSED   0x00000050   Data   RW          104    .data..L_MergedGlobals  me3616.o
    0x20000060   COMPRESSED   0x00000010   Data   RW          150    .data..L_MergedGlobals  me3616_app.o
    0x20000070   COMPRESSED   0x00000050   Data   RW          105    .data..L_MergedGlobals.198  me3616.o
    0x200000c0   COMPRESSED   0x00000224   Data   RW          101    .data.AT_CMD_String  me3616.o
    0x200002e4   COMPRESSED   0x00000004   Data   RW         1473    .data.SystemCoreClock  system_stm32l4xx.o
    0x200002e8   COMPRESSED   0x000000fa   Data   RW          147    .data.receive_buff  me3616_app.o
    0x200003e2   COMPRESSED   0x0000000e   PAD
    0x200003f0        -       0x00000048   Zero   RW          254    .bss..L_MergedGlobals  usart.o
    0x20000438   COMPRESSED   0x00000008   PAD
    0x20000440        -       0x00000044   Zero   RW         1644    .bss..L_MergedGlobals  easyiot.o
    0x20000484   COMPRESSED   0x0000000c   PAD
    0x20000490        -       0x00000048   Zero   RW          255    .bss..L_MergedGlobals.1  usart.o
    0x200004d8   COMPRESSED   0x00000008   PAD
    0x200004e0        -       0x00000048   Zero   RW          256    .bss..L_MergedGlobals.2  usart.o
    0x20000528   COMPRESSED   0x00000008   PAD
    0x20000530        -       0x00000040   Zero   RW         1645    .bss..L_MergedGlobals.76  easyiot.o
    0x20000570        -       0x00000450   Zero   RW          102    .bss.ME3616_Instance  me3616.o
    0x200009c0        -       0x000000c8   Zero   RW          148    .bss.cmd_ack_buff   me3616_app.o
    0x20000a88        -       0x000000c8   Zero   RW          149    .bss.convert_buff   me3616_app.o
    0x20000b50        -       0x00000004   Zero   RW         1642    .bss.gl_nb_out      easyiot.o
    0x20000b54        -       0x00000040   Zero   RW          328    .bss.htim16         stm32l4xx_hal_timebase_tim.o
    0x20000b94        -       0x00000078   Zero   RW          251    .bss.huart1         usart.o
    0x20000c0c        -       0x00000078   Zero   RW          253    .bss.huart2         usart.o
    0x20000c84        -       0x000000c8   Zero   RW          146    .bss.msg_buff       me3616_app.o
    0x20000d4c        -       0x00000004   Zero   RW          860    .bss.uwTick         stm32l4xx_hal.o
    0x20000d50        -       0x00000400   Zero   RW            2    HEAP                startup_stm32l432xx.o
    0x20001150        -       0x00001000   Zero   RW            1    STACK               startup_stm32l432xx.o


==============================================================================

Image component sizes


      Code (inc. data)   RO Data    RW Data    ZI Data      Debug   Object Name

        80         12          0          0          0       3144   dma.o
      4816       2036        732          0        136      26661   easyiot.o
       108          8          0          0          0       2577   gpio.o
       356        120          0          0          0       7564   main.o
      3060        760       1455        708       1104      24462   me3616.o
      1266        332         91        266        600      14647   me3616_app.o
       726        164          0          0          0      12340   me3616_if.o
        36          8        396          0       5120        836   startup_stm32l432xx.o
        94          8          0          0          4       7973   stm32l4xx_hal.o
       226         28          0          0          0      10360   stm32l4xx_hal_cortex.o
       600          8          0          0          0       6796   stm32l4xx_hal_dma.o
       436         24          0          0          0       5595   stm32l4xx_hal_gpio.o
       136          8          0          0          0       3197   stm32l4xx_hal_msp.o
       108          4          0          0          0       8297   stm32l4xx_hal_pwr_ex.o
      2100         76          0          0          0       9608   stm32l4xx_hal_rcc.o
       900         20          0          0          0      12859   stm32l4xx_hal_rcc_ex.o
       662         16          0          0          0      37409   stm32l4xx_hal_tim.o
         6          0          0          0          0      15909   stm32l4xx_hal_tim_ex.o
       116         12          0          0         64       7070   stm32l4xx_hal_timebase_tim.o
      2378        140          0          0          0      20366   stm32l4xx_hal_uart.o
         2          0          0          0          0       6396   stm32l4xx_hal_uart_ex.o
       144         28          0          0          0       2006   stm32l4xx_it.o
        76         12         72          4          0       3257   system_stm32l4xx.o
       520         52         20          0        456       8054   usart.o

    ----------------------------------------------------------------------
     18996       3876       2800        980       7532     257383   Object Totals
         0          0         32          0          0          0   (incl. Generated)
        44          0          2          2         48          0   (incl. Padding)

    ----------------------------------------------------------------------

      Code (inc. data)   RO Data    RW Data    ZI Data      Debug   Library Member Name

        94          0          0          0          0          0   __dclz77c.o
        28          0          0          0          0         68   _chval.o
       164          0          0          0          0         92   _strtoul.o
        26          0          0          0          0         80   atoi.o
         8          4        133          0          0         68   ctype_o.o
         0          0          0          0          0          0   entry.o
         0          0          0          0          0          0   entry10a.o
         0          0          0          0          0          0   entry11a.o
         8          4          0          0          0          0   entry2.o
         4          0          0          0          0          0   entry5.o
         0          0          0          0          0          0   entry7b.o
         0          0          0          0          0          0   entry8b.o
         8          4          0          0          0          0   entry9a.o
         8          4          0          4          0         68   errno.o
        30          0          0          0          0          0   handlers.o
        36          8          0          0          0         68   init.o
         0          0          0          0          0          0   iusefp.o
        30          0          0          0          0         68   llshl.o
        36          0          0          0          0         68   llsshr.o
        32          0          0          0          0         68   llushr.o
       188         20          0          0          0        160   malloc.o
        36          0          0          0          0         68   memcpya.o
        36          0          0          0          0        108   memseta.o
         0          0          0          8          0          0   mvars.o
      2324         92          0          0          0        600   printfa.o
        20          0          0          0          0         68   strchr.o
        18          0          0          0          0         68   strcpy.o
        14          0          0          0          0         68   strlen.o
        30          0          0          0          0         80   strncmp.o
        24          0          0          0          0         76   strncpy.o
        36          0          0          0          0         80   strstr.o
       112          0          0          0          0         88   strtol.o
        44          0          0          0          0         80   uidiv.o
       104          0          0          0          0         92   uldiv.o
        48          0          0          0          0         68   cdrcmple.o
       350          0          0          0          0        148   dadd.o
       222          0          0          0          0        100   ddiv.o
       186          0          0          0          0        176   depilogue.o
        48          0          0          0          0         68   dfixul.o
       234          0          0          0          0         96   dmul.o

    ----------------------------------------------------------------------
      4592        136        136         16          0       2940   Library Totals
         6          0          3          4          0          0   (incl. Padding)

    ----------------------------------------------------------------------

      Code (inc. data)   RO Data    RW Data    ZI Data      Debug   Library Name

      3498        136        133         12          0       2284   mc_w.l
      1088          0          0          0          0        656   mf_w.l

    ----------------------------------------------------------------------
      4592        136        136         16          0       2940   Library Totals

    ----------------------------------------------------------------------

==============================================================================


      Code (inc. data)   RO Data    RW Data    ZI Data      Debug   

     23588       4012       2936        996       7532     258643   Grand Totals
     23588       4012       2936        544       7532     258643   ELF Image Totals (compressed)
     23588       4012       2936        544          0          0   ROM Totals

==============================================================================

    Total RO  Size (Code + RO Data)                26524 (  25.90kB)
    Total RW  Size (RW Data + ZI Data)              8528 (   8.33kB)
    Total ROM Size (Code + RO Data + RW Data)      27068 (  26.43kB)

==============================================================================

