Component: ARM Compiler 5.06 update 5 (build 528) Tool: armlink [4d35e2]

==============================================================================

Section Cross References

    startup_stm32l031xx.o(RESET) refers to startup_stm32l031xx.o(STACK) for __initial_sp
    startup_stm32l031xx.o(RESET) refers to startup_stm32l031xx.o(.text) for Reset_Handler
    startup_stm32l031xx.o(RESET) refers to stm32l0xx_it.o(i.NMI_Handler) for NMI_Handler
    startup_stm32l031xx.o(RESET) refers to stm32l0xx_it.o(i.HardFault_Handler) for HardFault_Handler
    startup_stm32l031xx.o(RESET) refers to stm32l0xx_it.o(i.SVC_Handler) for SVC_Handler
    startup_stm32l031xx.o(RESET) refers to stm32l0xx_it.o(i.PendSV_Handler) for PendSV_Handler
    startup_stm32l031xx.o(RESET) refers to stm32l0xx_it.o(i.SysTick_Handler) for SysTick_Handler
    startup_stm32l031xx.o(RESET) refers to stm32l0xx_it.o(i.DMA1_Channel2_3_IRQHandler) for DMA1_Channel2_3_IRQHandler
    startup_stm32l031xx.o(RESET) refers to stm32l0xx_it.o(i.DMA1_Channel4_5_6_7_IRQHandler) for DMA1_Channel4_5_6_7_IRQHandler
    startup_stm32l031xx.o(RESET) refers to stm32l0xx_it.o(i.USART2_IRQHandler) for USART2_IRQHandler
    startup_stm32l031xx.o(RESET) refers to stm32l0xx_it.o(i.LPUART1_IRQHandler) for LPUART1_IRQHandler
    startup_stm32l031xx.o(.text) refers to system_stm32l0xx.o(i.SystemInit) for SystemInit
    startup_stm32l031xx.o(.text) refers to entry.o(.ARM.Collect$$$$00000000) for __main
    me3616.o(i.AT_ResultReport) refers to me3616.o(i.DBG_Print) for DBG_Print
    me3616.o(i.Active_Report) refers to strlen.o(.text) for strlen
    me3616.o(i.Active_Report) refers to strncmp.o(.text) for strncmp
    me3616.o(i.Active_Report) refers to me3616.o(i.UnknowActiveReport_Callback) for UnknowActiveReport_Callback
    me3616.o(i.Active_Report) refers to me3616.o(.data) for .data
    me3616.o(i.CFUN_Callback) refers to me3616.o(i.DBG_Print) for DBG_Print
    me3616.o(i.CFUN_Callback) refers to strstr.o(.text) for strstr
    me3616.o(i.CFUN_Callback) refers to me3616.o(i.State_Hex2Str) for State_Hex2Str
    me3616.o(i.CME_Callback) refers to me3616.o(i.DBG_Print) for DBG_Print
    me3616.o(i.CPIN_Callback) refers to me3616.o(i.DBG_Print) for DBG_Print
    me3616.o(i.CPIN_Callback) refers to strstr.o(.text) for strstr
    me3616.o(i.CPIN_Callback) refers to me3616.o(i.State_Hex2Str) for State_Hex2Str
    me3616.o(i.Check_Response) refers to me3616.o(i.Active_Report) for Active_Report
    me3616.o(i.Check_Response) refers to strncmp.o(.text) for strncmp
    me3616.o(i.Check_Response) refers to me3616_app.o(i.Command_Response) for Command_Response
    me3616.o(i.Check_Response) refers to me3616.o(i.Set_AT_Info) for Set_AT_Info
    me3616.o(i.Check_Response) refers to me3616.o(i.DBG_Print) for DBG_Print
    me3616.o(i.Check_Response) refers to me3616.o(i.AT_ResultReport) for AT_ResultReport
    me3616.o(i.Check_Response) refers to me3616.o(i.CME_Callback) for CME_Callback
    me3616.o(i.Command_Response) refers to me3616.o(i.DBG_Print) for DBG_Print
    me3616.o(i.DBG_Print) refers to stm32l0xx_hal.o(i.HAL_GetTick) for HAL_GetTick
    me3616.o(i.DBG_Print) refers to printfa.o(i.__0sprintf) for __2sprintf
    me3616.o(i.DBG_Print) refers to stm32l0xx_hal_uart.o(i.HAL_UART_Transmit_DMA) for HAL_UART_Transmit_DMA
    me3616.o(i.DBG_Print) refers to usart.o(.bss) for hlpuart1
    me3616.o(i.DBG_Print) refers to me3616.o(.bss) for .bss
    me3616.o(i.ECOAPNMI_Callback) refers to me3616.o(i.DBG_Print) for DBG_Print
    me3616.o(i.EMQDISCON_Callback) refers to me3616.o(i.DBG_Print) for DBG_Print
    me3616.o(i.EMQPUB_Callback) refers to me3616.o(i.DBG_Print) for DBG_Print
    me3616.o(i.ESODATA_Callback) refers to me3616.o(i.DBG_Print) for DBG_Print
    me3616.o(i.ESONMI_Callback) refers to me3616.o(i.DBG_Print) for DBG_Print
    me3616.o(i.Hex2Str) refers to printfa.o(i.__0sprintf) for __2sprintf
    me3616.o(i.HexStrToByte) refers to toupper.o(.text) for toupper
    me3616.o(i.IPERF_Callback) refers to me3616.o(i.DBG_Print) for DBG_Print
    me3616.o(i.IP_Callback) refers to me3616.o(i.DBG_Print) for DBG_Print
    me3616.o(i.IP_Callback) refers to strstr.o(.text) for strstr
    me3616.o(i.IP_Callback) refers to memcpya.o(.text) for __aeabi_memcpy
    me3616.o(i.IP_Callback) refers to memseta.o(.text) for __aeabi_memclr
    me3616.o(i.IP_Callback) refers to me3616.o(i.State_Hex2Str) for State_Hex2Str
    me3616.o(i.M2MCLIRECV_Callback) refers to me3616.o(i.DBG_Print) for DBG_Print
    me3616.o(i.M2MCLI_Callback) refers to me3616.o(i.DBG_Print) for DBG_Print
    me3616.o(i.M2MCLI_Callback) refers to strstr.o(.text) for strstr
    me3616.o(i.M2MCLI_Callback) refers to me3616.o(i.State_Hex2Str) for State_Hex2Str
    me3616.o(i.MATREADY_Callback) refers to me3616.o(i.DBG_Print) for DBG_Print
    me3616.o(i.MATREADY_Callback) refers to strstr.o(.text) for strstr
    me3616.o(i.MATREADY_Callback) refers to me3616.o(i.State_Hex2Str) for State_Hex2Str
[...]
    ../clib/microlib/stdio/semi.s            0x00000000   Number         0  semi.o ABSOLUTE
    ../clib/microlib/stdio/streams.c         0x00000000   Number         0  stdout.o ABSOLUTE
    ../clib/microlib/string/memcpy.c         0x00000000   Number         0  memcpya.o ABSOLUTE
    ../clib/microlib/string/memcpy.c         0x00000000   Number         0  memcpyb.o ABSOLUTE
    ../clib/microlib/string/memset.c         0x00000000   Number         0  memseta.o ABSOLUTE
    ../clib/microlib/string/strcpy.c         0x00000000   Number         0  strcpy.o ABSOLUTE
    ../clib/microlib/string/strlen.c         0x00000000   Number         0  strlen.o ABSOLUTE
    ../clib/microlib/string/strncmp.c        0x00000000   Number         0  strncmp.o ABSOLUTE
    ../clib/microlib/string/strncpy.c        0x00000000   Number         0  strncpy.o ABSOLUTE
    ../clib/microlib/string/strstr.c         0x00000000   Number         0  strstr.o ABSOLUTE
    ../clib/microlib/stubs.s                 0x00000000   Number         0  iusesemip.o ABSOLUTE
    ../clib/microlib/stubs.s                 0x00000000   Number         0  iusefp.o ABSOLUTE
    ../clib/scanf.c                          0x00000000   Number         0  strtol.o ABSOLUTE
    ../clib/scanf.c                          0x00000000   Number         0  _chval.o ABSOLUTE
    ../clib/scanf.c                          0x00000000   Number         0  atoi.o ABSOLUTE
    ../clib/scanf.c                          0x00000000   Number         0  _strtoul.o ABSOLUTE
    ../fplib/microlib/fpadd.c                0x00000000   Number         0  dadd.o ABSOLUTE
    ../fplib/microlib/fpdiv.c                0x00000000   Number         0  ddiv.o ABSOLUTE
    ../fplib/microlib/fpepilogue.c           0x00000000   Number         0  depilogue.o ABSOLUTE
    ../fplib/microlib/fpfix.c                0x00000000   Number         0  dfixul.o ABSOLUTE
    ../fplib/microlib/fpmul.c                0x00000000   Number         0  dmul.o ABSOLUTE
    ..\Drivers\EASYIOT\src\easyiot.c         0x00000000   Number         0  easyiot.o ABSOLUTE
    ..\Drivers\ME3616\SRC\Me3616_app.c       0x00000000   Number         0  me3616_app.o ABSOLUTE
    ..\Drivers\ME3616\SRC\me3616.c           0x00000000   Number         0  me3616.o ABSOLUTE
    ..\Drivers\ME3616\SRC\me3616_if.c        0x00000000   Number         0  me3616_if.o ABSOLUTE
    ..\Drivers\STM32L0xx_HAL_Driver\Src\stm32l0xx_hal.c 0x00000000   Number         0  stm32l0xx_hal.o ABSOLUTE
    ..\Drivers\STM32L0xx_HAL_Driver\Src\stm32l0xx_hal_cortex.c 0x00000000   Number         0  stm32l0xx_hal_cortex.o ABSOLUTE
    ..\Drivers\STM32L0xx_HAL_Driver\Src\stm32l0xx_hal_dma.c 0x00000000   Number         0  stm32l0xx_hal_dma.o ABSOLUTE
    ..\Drivers\STM32L0xx_HAL_Driver\Src\stm32l0xx_hal_flash.c 0x00000000   Number         0  stm32l0xx_hal_flash.o ABSOLUTE
    ..\Drivers\STM32L0xx_HAL_Driver\Src\stm32l0xx_hal_flash_ex.c 0x00000000   Number         0  stm32l0xx_hal_flash_ex.o ABSOLUTE
    ..\Drivers\STM32L0xx_HAL_Driver\Src\stm32l0xx_hal_flash_ramfunc.c 0x00000000   Number         0  stm32l0xx_hal_flash_ramfunc.o ABSOLUTE
    ..\Drivers\STM32L0xx_HAL_Driver\Src\stm32l0xx_hal_gpio.c 0x00000000   Number         0  stm32l0xx_hal_gpio.o ABSOLUTE
    ..\Drivers\STM32L0xx_HAL_Driver\Src\stm32l0xx_hal_i2c.c 0x00000000   Number         0  stm32l0xx_hal_i2c.o ABSOLUTE
    ..\Drivers\STM32L0xx_HAL_Driver\Src\stm32l0xx_hal_i2c_ex.c 0x00000000   Number         0  stm32l0xx_hal_i2c_ex.o ABSOLUTE
    ..\Drivers\STM32L0xx_HAL_Driver\Src\stm32l0xx_hal_pwr.c 0x00000000   Number         0  stm32l0xx_hal_pwr.o ABSOLUTE
    ..\Drivers\STM32L0xx_HAL_Driver\Src\stm32l0xx_hal_pwr_ex.c 0x00000000   Number         0  stm32l0xx_hal_pwr_ex.o ABSOLUTE
    ..\Drivers\STM32L0xx_HAL_Driver\Src\stm32l0xx_hal_rcc.c 0x00000000   Number         0  stm32l0xx_hal_rcc.o ABSOLUTE
    ..\Drivers\STM32L0xx_HAL_Driver\Src\stm32l0xx_hal_rcc_ex.c 0x00000000   Number         0  stm32l0xx_hal_rcc_ex.o ABSOLUTE
    ..\Drivers\STM32L0xx_HAL_Driver\Src\stm32l0xx_hal_tim.c 0x00000000   Number         0  stm32l0xx_hal_tim.o ABSOLUTE
    ..\Drivers\STM32L0xx_HAL_Driver\Src\stm32l0xx_hal_tim_ex.c 0x00000000   Number         0  stm32l0xx_hal_tim_ex.o ABSOLUTE
    ..\Drivers\STM32L0xx_HAL_Driver\Src\stm32l0xx_hal_uart.c 0x00000000   Number         0  stm32l0xx_hal_uart.o ABSOLUTE
    ..\Drivers\STM32L0xx_HAL_Driver\Src\stm32l0xx_hal_uart_ex.c 0x00000000   Number         0  stm32l0xx_hal_uart_ex.o ABSOLUTE
    ..\Src\dma.c                             0x00000000   Number         0  dma.o ABSOLUTE
    ..\Src\gpio.c                            0x00000000   Number         0  gpio.o ABSOLUTE
    ..\Src\main.c                            0x00000000   Number         0  main.o ABSOLUTE
    ..\Src\stm32l0xx_hal_msp.c               0x00000000   Number         0  stm32l0xx_hal_msp.o ABSOLUTE
    ..\Src\stm32l0xx_it.c                    0x00000000   Number         0  stm32l0xx_it.o ABSOLUTE
    ..\Src\usart.c                           0x00000000   Number         0  usart.o ABSOLUTE
    ..\\Drivers\\ME3616\\SRC\\Me3616_app.c   0x00000000   Number         0  me3616_app.o ABSOLUTE
    ..\\Drivers\\ME3616\\SRC\\me3616.c       0x00000000   Number         0  me3616.o ABSOLUTE
    ..\\Drivers\\ME3616\\SRC\\me3616_if.c    0x00000000   Number         0  me3616_if.o ABSOLUTE
    ..\\Src\system_stm32l0xx.c               0x00000000   Number         0  system_stm32l0xx.o ABSOLUTE
    cdrcmple.s                               0x00000000   Number         0  cdrcmple.o ABSOLUTE
    dc.s                                     0x00000000   Number         0  dc.o ABSOLUTE
    handlers.s                               0x00000000   Number         0  handlers.o ABSOLUTE
    init.s                                   0x00000000   Number         0  init.o ABSOLUTE
    startup_stm32l031xx.s                    0x00000000   Number         0  startup_stm32l031xx.o ABSOLUTE
    RESET                                    0x08000000   Section      192  startup_stm32l031xx.o(RESET)
    .ARM.Collect$$$$00000000                 0x080000c0   Section        0  entry.o(.ARM.Collect$$$$00000000)
    .ARM.Collect$$$$00000001                 0x080000c0   Section        4  entry2.o(.ARM.Collect$$$$00000001)
    .ARM.Collect$$$$00000004                 0x080000c4   Section        4  entry5.o(.ARM.Collect$$$$00000004)
    .ARM.Collect$$$$00000008                 0x080000c8   Section        0  entry7b.o(.ARM.Collect$$$$00000008)
    .ARM.Collect$$$$0000000A                 0x080000c8   Section        0  entry8b.o(.ARM.Collect$$$$0000000A)
    .ARM.Collect$$$$0000000B                 0x080000c8   Section        8  entry9a.o(.ARM.Collect$$$$0000000B)
    .ARM.Collect$$$$0000000D                 0x080000d0   Section        0  entry10a.o(.ARM.Collect$$$$0000000D)
    .ARM.Collect$$$$0000000F                 0x080000d0   Section        0  entry11a.o(.ARM.Collect$$$$0000000F)
    .ARM.Collect$$$$00002712                 0x080000d0   Section        4  entry2.o(.ARM.Collect$$$$00002712)
    __lit__00000000                          0x080000d0   Data           4  entry2.o(.ARM.Collect$$$$00002712)
    .text                                    0x080000d4   Section       28  startup_stm32l031xx.o(.text)
    .text                                    0x080000f0   Section        0  uidiv.o(.text)
    .text                                    0x0800011c   Section        0  uldiv.o(.text)
    .text                                    0x0800017c   Section        0  memcpya.o(.text)
    .text                                    0x080001a0   Section        0  memseta.o(.text)
    .text                                    0x080001c4   Section        0  strstr.o(.text)
    .text                                    0x080001ec   Section        0  strncpy.o(.text)
    .text                                    0x08000206   Section        0  strlen.o(.text)
    .text                                    0x08000214   Section        0  strcpy.o(.text)
    .text                                    0x08000226   Section        0  strncmp.o(.text)
    .text                                    0x08000244   Section        0  atoi.o(.text)
    .text                                    0x0800025e   Section        0  llshl.o(.text)
    .text                                    0x0800027e   Section        0  llushr.o(.text)
    .text                                    0x080002a0   Section        0  strtol.o(.text)
    .text                                    0x08000310   Section        0  iusefp.o(.text)
    .text                                    0x08000310   Section        0  dadd.o(.text)
    .text                                    0x08000474   Section        0  dmul.o(.text)
    .text                                    0x08000544   Section        0  ddiv.o(.text)
    .text                                    0x08000634   Section        0  dfixul.o(.text)
    .text                                    0x08000674   Section       40  cdrcmple.o(.text)
    .text                                    0x0800069c   Section       36  init.o(.text)
    .text                                    0x080006c0   Section        0  llsshr.o(.text)
    .text                                    0x080006e8   Section        0  ctype_o.o(.text)
    .text                                    0x080006f0   Section        0  _strtoul.o(.text)
    .text                                    0x08000796   Section        0  depilogue.o(.text)
    .text                                    0x08000854   Section        0  _chval.o(.text)
    .text                                    0x08000872   Section        0  __dczerorl2.o(.text)
    i.AT_ResultReport                        0x080008c8   Section        0  me3616.o(i.AT_ResultReport)
    i.Active_Report                          0x080008ec   Section        0  me3616.o(i.Active_Report)
    i.AddBuffer                              0x08000948   Section        0  easyiot.o(i.AddBuffer)
    i.CFUN_Callback                          0x08000a24   Section        0  me3616.o(i.CFUN_Callback)
    i.CME_Callback                           0x08000aac   Section        0  me3616.o(i.CME_Callback)
    i.CPIN_Callback                          0x08000ad0   Section        0  me3616.o(i.CPIN_Callback)
    i.CalcCheckSum                           0x08000b5c   Section        0  easyiot.o(i.CalcCheckSum)
    i.Check_Response                         0x08000b74   Section        0  me3616.o(i.Check_Response)
    i.CoapHexInputStatic                     0x08000c5c   Section        0  easyiot.o(i.CoapHexInputStatic)
    i.CoapInput                              0x08000d40   Section        0  easyiot.o(i.CoapInput)
    i.Command_Response                       0x08000f34   Section        0  me3616_app.o(i.Command_Response)
    i.DBG_Forward                            0x08001030   Section        0  me3616_if.o(i.DBG_Forward)
    i.DBG_Print                              0x080010ac   Section        0  me3616.o(i.DBG_Print)
    i.DMA1_Channel2_3_IRQHandler             0x08001178   Section        0  stm32l0xx_it.o(i.DMA1_Channel2_3_IRQHandler)
    i.DMA1_Channel4_5_6_7_IRQHandler         0x08001188   Section        0  stm32l0xx_it.o(i.DMA1_Channel4_5_6_7_IRQHandler)
    i.DMA_SetConfig                          0x080011a0   Section        0  stm32l0xx_hal_dma.o(i.DMA_SetConfig)
    DMA_SetConfig                            0x080011a1   Thumb Code    30  stm32l0xx_hal_dma.o(i.DMA_SetConfig)
    i.ECOAPNMI_Callback                      0x080011c0   Section        0  me3616.o(i.ECOAPNMI_Callback)
    i.EMQDISCON_Callback                     0x080011e8   Section        0  me3616.o(i.EMQDISCON_Callback)
    i.EMQPUB_Callback                        0x08001214   Section        0  me3616.o(i.EMQPUB_Callback)
    i.ESODATA_Callback                       0x0800123c   Section        0  me3616.o(i.ESODATA_Callback)
    i.ESONMI_Callback                        0x08001264   Section        0  me3616.o(i.ESONMI_Callback)
    i.FreeMessage                            0x0800128c   Section        0  easyiot.o(i.FreeMessage)
    i.FreeTLV                                0x08001314   Section        0  easyiot.o(i.FreeTLV)
    i.Get_AT_State                           0x08001348   Section        0  me3616.o(i.Get_AT_State)
    i.Get_Last_AT_CMD                        0x0800134c   Section        0  me3616.o(i.Get_Last_AT_CMD)
    i.Get_Sys_State                          0x08001350   Section        0  me3616.o(i.Get_Sys_State)
    i.HAL_DMA_Abort_IT                       0x0800135c   Section        0  stm32l0xx_hal_dma.o(i.HAL_DMA_Abort_IT)
    i.HAL_DMA_IRQHandler                     0x080013f4   Section        0  stm32l0xx_hal_dma.o(i.HAL_DMA_IRQHandler)
    i.HAL_DMA_Init                           0x08001674   Section        0  stm32l0xx_hal_dma.o(i.HAL_DMA_Init)
    i.HAL_DMA_Start_IT                       0x0800177c   Section        0  stm32l0xx_hal_dma.o(i.HAL_DMA_Start_IT)
    i.HAL_Delay                              0x080017ca   Section        0  stm32l0xx_hal.o(i.HAL_Delay)
    i.HAL_GPIO_Init                          0x080017e0   Section        0  stm32l0xx_hal_gpio.o(i.HAL_GPIO_Init)
    i.HAL_GPIO_WritePin                      0x08001948   Section        0  stm32l0xx_hal_gpio.o(i.HAL_GPIO_WritePin)
    i.HAL_GetTick                            0x08001954   Section        0  stm32l0xx_hal.o(i.HAL_GetTick)
    i.HAL_IncTick                            0x08001960   Section        0  stm32l0xx_hal.o(i.HAL_IncTick)
    i.HAL_Init                               0x08001970   Section        0  stm32l0xx_hal.o(i.HAL_Init)
    i.HAL_InitTick                           0x08001998   Section        0  stm32l0xx_hal.o(i.HAL_InitTick)
    i.HAL_MspInit                            0x080019c0   Section        0  stm32l0xx_hal_msp.o(i.HAL_MspInit)
    i.HAL_NVIC_EnableIRQ                     0x080019f8   Section        0  stm32l0xx_hal_cortex.o(i.HAL_NVIC_EnableIRQ)
    i.HAL_NVIC_SetPriority                   0x08001a0c   Section        0  stm32l0xx_hal_cortex.o(i.HAL_NVIC_SetPriority)
    i.HAL_RCCEx_GetPeriphCLKFreq             0x08001a14   Section        0  stm32l0xx_hal_rcc_ex.o(i.HAL_RCCEx_GetPeriphCLKFreq)
    i.HAL_RCCEx_PeriphCLKConfig              0x08001b18   Section        0  stm32l0xx_hal_rcc_ex.o(i.HAL_RCCEx_PeriphCLKConfig)
    i.HAL_RCC_ClockConfig                    0x08001c68   Section        0  stm32l0xx_hal_rcc.o(i.HAL_RCC_ClockConfig)
    i.HAL_RCC_GetHCLKFreq                    0x08001dd0   Section        0  stm32l0xx_hal_rcc.o(i.HAL_RCC_GetHCLKFreq)
    i.HAL_RCC_GetPCLK1Freq                   0x08001ddc   Section        0  stm32l0xx_hal_rcc.o(i.HAL_RCC_GetPCLK1Freq)
    i.HAL_RCC_GetPCLK2Freq                   0x08001dfc   Section        0  stm32l0xx_hal_rcc.o(i.HAL_RCC_GetPCLK2Freq)
    i.HAL_RCC_GetSysClockFreq                0x08001e1c   Section        0  stm32l0xx_hal_rcc.o(i.HAL_RCC_GetSysClockFreq)
    i.HAL_RCC_OscConfig                      0x08001e94   Section        0  stm32l0xx_hal_rcc.o(i.HAL_RCC_OscConfig)
    i.HAL_SYSTICK_CLKSourceConfig            0x08002280   Section        0  stm32l0xx_hal_cortex.o(i.HAL_SYSTICK_CLKSourceConfig)
    i.HAL_SYSTICK_Callback                   0x08002298   Section        0  stm32l0xx_hal_cortex.o(i.HAL_SYSTICK_Callback)
    i.HAL_SYSTICK_Config                     0x0800229c   Section        0  stm32l0xx_hal_cortex.o(i.HAL_SYSTICK_Config)
    i.HAL_SYSTICK_IRQHandler                 0x080022cc   Section        0  stm32l0xx_hal_cortex.o(i.HAL_SYSTICK_IRQHandler)
    i.HAL_UARTEx_WakeupCallback              0x080022d4   Section        0  stm32l0xx_hal_uart_ex.o(i.HAL_UARTEx_WakeupCallback)
    i.HAL_UART_AbortReceiveCpltCallback      0x080022d8   Section        0  me3616_if.o(i.HAL_UART_AbortReceiveCpltCallback)
    i.HAL_UART_AbortReceive_IT               0x08002334   Section        0  stm32l0xx_hal_uart.o(i.HAL_UART_AbortReceive_IT)
    i.HAL_UART_ErrorCallback                 0x080023a8   Section        0  me3616_if.o(i.HAL_UART_ErrorCallback)
    i.HAL_UART_IRQHandler                    0x080023c8   Section        0  stm32l0xx_hal_uart.o(i.HAL_UART_IRQHandler)
    i.HAL_UART_Init                          0x0800250c   Section        0  stm32l0xx_hal_uart.o(i.HAL_UART_Init)
    i.HAL_UART_MspInit                       0x08002578   Section        0  usart.o(i.HAL_UART_MspInit)
    i.HAL_UART_Receive_DMA                   0x080026bc   Section        0  stm32l0xx_hal_uart.o(i.HAL_UART_Receive_DMA)
    i.HAL_UART_Receive_IT                    0x08002760   Section        0  stm32l0xx_hal_uart.o(i.HAL_UART_Receive_IT)
    i.HAL_UART_RxCpltCallback                0x08002800   Section        0  stm32l0xx_hal_uart.o(i.HAL_UART_RxCpltCallback)
    i.HAL_UART_RxHalfCpltCallback            0x08002802   Section        0  stm32l0xx_hal_uart.o(i.HAL_UART_RxHalfCpltCallback)
    i.HAL_UART_Transmit_DMA                  0x08002804   Section        0  stm32l0xx_hal_uart.o(i.HAL_UART_Transmit_DMA)
    i.HAL_UART_TxCpltCallback                0x0800289c   Section        0  stm32l0xx_hal_uart.o(i.HAL_UART_TxCpltCallback)
    i.HAL_UART_TxHalfCpltCallback            0x0800289e   Section        0  stm32l0xx_hal_uart.o(i.HAL_UART_TxHalfCpltCallback)
    i.HardFault_Handler                      0x080028a0   Section        0  stm32l0xx_it.o(i.HardFault_Handler)
    i.IPERF_Callback                         0x080028a4   Section        0  me3616.o(i.IPERF_Callback)
    i.IP_Callback                            0x080028cc   Section        0  me3616.o(i.IP_Callback)
    i.Init_UART_CM                           0x080029ac   Section        0  me3616_if.o(i.Init_UART_CM)
    i.LPUART1_IRQHandler                     0x080029ec   Section        0  stm32l0xx_it.o(i.LPUART1_IRQHandler)
    i.Logging                                0x08002a10   Section        0  easyiot.o(i.Logging)
    i.M2MCLIRECV_Callback                    0x08002a4c   Section        0  me3616_app.o(i.M2MCLIRECV_Callback)
    i.M2MCLI_Callback                        0x08002a88   Section        0  me3616.o(i.M2MCLI_Callback)
    i.MATREADY_Callback                      0x08002b90   Section        0  me3616.o(i.MATREADY_Callback)
    i.ME3616_APP                             0x08002c1c   Section        0  me3616_app.o(i.ME3616_APP)
    i.ME3616_APP_ErrorHandler                0x08002c38   Section        0  me3616_app.o(i.ME3616_APP_ErrorHandler)
    i.ME3616_ErrorHandler                    0x08002c50   Section        0  me3616.o(i.ME3616_ErrorHandler)
    i.ME3616_IF_ErrorHandler                 0x08002c68   Section        0  me3616_if.o(i.ME3616_IF_ErrorHandler)
    i.ME3616_Init                            0x08002c80   Section        0  me3616.o(i.ME3616_Init)
    i.ME3616_PowerOn                         0x08002d88   Section        0  me3616_if.o(i.ME3616_PowerOn)
    i.ME3616_Reset                           0x08002db0   Section        0  me3616_if.o(i.ME3616_Reset)
    i.ME3616_Send_AT_Command                 0x08002dd8   Section        0  me3616.o(i.ME3616_Send_AT_Command)
    i.ME3616_String_Receive                  0x08003000   Section        0  me3616.o(i.ME3616_String_Receive)
    i.MIPLDISCOVER_Callback                  0x0800317c   Section        0  me3616.o(i.MIPLDISCOVER_Callback)
    i.MIPLEVENT_Callback                     0x080031a8   Section        0  me3616.o(i.MIPLEVENT_Callback)
    i.MIPLOBSERVE_Callback                   0x080031d4   Section        0  me3616.o(i.MIPLOBSERVE_Callback)
    i.MIPLPARAMETER_Callback                 0x08003200   Section        0  me3616.o(i.MIPLPARAMETER_Callback)
    i.MIPLREAD_Callback                      0x08003230   Section        0  me3616.o(i.MIPLREAD_Callback)
    i.MIPLWRITE_Callback                     0x08003258   Section        0  me3616.o(i.MIPLWRITE_Callback)
    i.MX_DMA_Init                            0x08003284   Section        0  dma.o(i.MX_DMA_Init)
    i.MX_GPIO_Init                           0x080032bc   Section        0  gpio.o(i.MX_GPIO_Init)
    i.MX_LPUART1_UART_Init                   0x08003318   Section        0  usart.o(i.MX_LPUART1_UART_Init)
    i.MX_USART2_UART_Init                    0x08003364   Section        0  usart.o(i.MX_USART2_UART_Init)
    i.MessageDeserializeBodyData             0x080033b0   Section        0  easyiot.o(i.MessageDeserializeBodyData)
    i.MessagesDeserialize                    0x08003474   Section        0  easyiot.o(i.MessagesDeserialize)
    i.MessagesStaticMalloc                   0x080035b0   Section        0  easyiot.o(i.MessagesStaticMalloc)
    i.NMI_Handler                            0x08003620   Section        0  stm32l0xx_it.o(i.NMI_Handler)
    i.NVIC_SetPriority                       0x08003624   Section        0  stm32l0xx_hal_cortex.o(i.NVIC_SetPriority)
    NVIC_SetPriority                         0x08003625   Thumb Code    60  stm32l0xx_hal_cortex.o(i.NVIC_SetPriority)
    i.NewMessageStatic                       0x08003668   Section        0  easyiot.o(i.NewMessageStatic)
    i.NewTLV                                 0x08003730   Section        0  easyiot.o(i.NewTLV)
    i.NewTLVStatic                           0x08003770   Section        0  easyiot.o(i.NewTLVStatic)
    i.PendSV_Handler                         0x080037b4   Section        0  stm32l0xx_it.o(i.PendSV_Handler)
    i.RCC_SetFlashLatencyFromMSIRange        0x080037b8   Section        0  stm32l0xx_hal_rcc.o(i.RCC_SetFlashLatencyFromMSIRange)
    RCC_SetFlashLatencyFromMSIRange          0x080037b9   Thumb Code    94  stm32l0xx_hal_rcc.o(i.RCC_SetFlashLatencyFromMSIRange)
    i.RxHandler                              0x08003828   Section        0  me3616.o(i.RxHandler)
    i.SVC_Handler                            0x08003856   Section        0  stm32l0xx_it.o(i.SVC_Handler)
    i.Set_AT_Info                            0x08003858   Section        0  me3616.o(i.Set_AT_Info)
    i.Set_Last_AT_CMD_None                   0x0800386c   Section        0  me3616.o(i.Set_Last_AT_CMD_None)
    i.Set_Sys_State                          0x08003872   Section        0  me3616.o(i.Set_Sys_State)
    i.State_Hex2Str                          0x0800387c   Section        0  me3616.o(i.State_Hex2Str)
    State_Hex2Str                            0x0800387d   Thumb Code    12  me3616.o(i.State_Hex2Str)
    i.SysTick_Handler                        0x0800388c   Section        0  stm32l0xx_it.o(i.SysTick_Handler)
    i.SystemClock_Config                     0x08003898   Section        0  main.o(i.SystemClock_Config)
    i.SystemInit                             0x0800392c   Section        0  system_stm32l0xx.o(i.SystemInit)
    i.UART_AT_Receive                        0x08003980   Section        0  me3616_if.o(i.UART_AT_Receive)
    i.UART_AT_Send                           0x08003994   Section        0  me3616_if.o(i.UART_AT_Send)
    i.UART_AdvFeatureConfig                  0x08003a68   Section        0  stm32l0xx_hal_uart.o(i.UART_AdvFeatureConfig)
    i.UART_CheckIdleState                    0x08003b34   Section        0  stm32l0xx_hal_uart.o(i.UART_CheckIdleState)
    i.UART_DMAAbortOnError                   0x08003b94   Section        0  stm32l0xx_hal_uart.o(i.UART_DMAAbortOnError)
    UART_DMAAbortOnError                     0x08003b95   Thumb Code    20  stm32l0xx_hal_uart.o(i.UART_DMAAbortOnError)
    i.UART_DMAError                          0x08003ba8   Section        0  stm32l0xx_hal_uart.o(i.UART_DMAError)
    UART_DMAError                            0x08003ba9   Thumb Code    74  stm32l0xx_hal_uart.o(i.UART_DMAError)
    i.UART_DMAReceiveCplt                    0x08003bf2   Section        0  stm32l0xx_hal_uart.o(i.UART_DMAReceiveCplt)
    UART_DMAReceiveCplt                      0x08003bf3   Thumb Code    64  stm32l0xx_hal_uart.o(i.UART_DMAReceiveCplt)
    i.UART_DMARxHalfCplt                     0x08003c32   Section        0  stm32l0xx_hal_uart.o(i.UART_DMARxHalfCplt)
    UART_DMARxHalfCplt                       0x08003c33   Thumb Code    10  stm32l0xx_hal_uart.o(i.UART_DMARxHalfCplt)
    i.UART_DMARxOnlyAbortCallback            0x08003c3c   Section        0  stm32l0xx_hal_uart.o(i.UART_DMARxOnlyAbortCallback)
    UART_DMARxOnlyAbortCallback              0x08003c3d   Thumb Code    28  stm32l0xx_hal_uart.o(i.UART_DMARxOnlyAbortCallback)
    i.UART_DMATransmitCplt                   0x08003c58   Section        0  stm32l0xx_hal_uart.o(i.UART_DMATransmitCplt)
    UART_DMATransmitCplt                     0x08003c59   Thumb Code    48  stm32l0xx_hal_uart.o(i.UART_DMATransmitCplt)
    i.UART_DMATxHalfCplt                     0x08003c88   Section        0  stm32l0xx_hal_uart.o(i.UART_DMATxHalfCplt)
    UART_DMATxHalfCplt                       0x08003c89   Thumb Code    10  stm32l0xx_hal_uart.o(i.UART_DMATxHalfCplt)
    i.UART_EndRxTransfer                     0x08003c92   Section        0  stm32l0xx_hal_uart.o(i.UART_EndRxTransfer)
    UART_EndRxTransfer                       0x08003c93   Thumb Code    30  stm32l0xx_hal_uart.o(i.UART_EndRxTransfer)
    i.UART_EndTxTransfer                     0x08003cb0   Section        0  stm32l0xx_hal_uart.o(i.UART_EndTxTransfer)
    UART_EndTxTransfer                       0x08003cb1   Thumb Code    18  stm32l0xx_hal_uart.o(i.UART_EndTxTransfer)
    i.UART_Receive_IT                        0x08003cc2   Section        0  stm32l0xx_hal_uart.o(i.UART_Receive_IT)
    UART_Receive_IT                          0x08003cc3   Thumb Code   126  stm32l0xx_hal_uart.o(i.UART_Receive_IT)
    i.UART_SetConfig                         0x08003d40   Section        0  stm32l0xx_hal_uart.o(i.UART_SetConfig)
    i.UART_Transmit_IT                       0x08003f38   Section        0  stm32l0xx_hal_uart.o(i.UART_Transmit_IT)
    UART_Transmit_IT                         0x08003f39   Thumb Code   102  stm32l0xx_hal_uart.o(i.UART_Transmit_IT)
    i.UART_WaitOnFlagUntilTimeout            0x08003f9e   Section        0  stm32l0xx_hal_uart.o(i.UART_WaitOnFlagUntilTimeout)
    i.USART2_IRQHandler                      0x08004000   Section        0  stm32l0xx_it.o(i.USART2_IRQHandler)
    i.UnknowActiveReport_Callback            0x08004024   Section        0  me3616.o(i.UnknowActiveReport_Callback)
    i.UserCmdReqMsgDeserialize               0x08004058   Section        0  easyiot.o(i.UserCmdReqMsgDeserialize)
    i.Wait_AT_Response                       0x08004124   Section        0  me3616_if.o(i.Wait_AT_Response)
    i.Wait_AT_SendReady                      0x08004168   Section        0  me3616_if.o(i.Wait_AT_SendReady)
    i.ZGPSR_Callback                         0x080041a0   Section        0  me3616.o(i.ZGPSR_Callback)
    i._Error_Handler                         0x080041c8   Section        0  main.o(i._Error_Handler)
    i.__0sprintf                             0x080041cc   Section        0  printfa.o(i.__0sprintf)
    i.__0vsprintf                            0x080041f4   Section        0  printfa.o(i.__0vsprintf)
    i.__ARM_clz                              0x08004218   Section        0  depilogue.o(i.__ARM_clz)
    i.__ARM_common_switch8                   0x08004246   Section        0  stm32l0xx_hal_uart.o(i.__ARM_common_switch8)
    i.__aeabi_errno_addr                     0x08004260   Section        0  errno.o(i.__aeabi_errno_addr)
    i.__scatterload_copy                     0x08004268   Section       14  handlers.o(i.__scatterload_copy)
    i.__scatterload_null                     0x08004276   Section        2  handlers.o(i.__scatterload_null)
    i.__scatterload_zeroinit                 0x08004278   Section       14  handlers.o(i.__scatterload_zeroinit)
    i._fp_digits                             0x08004288   Section        0  printfa.o(i._fp_digits)
    _fp_digits                               0x08004289   Thumb Code   344  printfa.o(i._fp_digits)
    i._printf_core                           0x080043fc   Section        0  printfa.o(i._printf_core)
    _printf_core                             0x080043fd   Thumb Code  1754  printfa.o(i._printf_core)
    i._printf_post_padding                   0x08004ae8   Section        0  printfa.o(i._printf_post_padding)
    _printf_post_padding                     0x08004ae9   Thumb Code    32  printfa.o(i._printf_post_padding)
    i._printf_pre_padding                    0x08004b08   Section        0  printfa.o(i._printf_pre_padding)
    _printf_pre_padding                      0x08004b09   Thumb Code    44  printfa.o(i._printf_pre_padding)
    i._sputc                                 0x08004b34   Section        0  printfa.o(i._sputc)
    _sputc                                   0x08004b35   Thumb Code    10  printfa.o(i._sputc)
    i.a2b_hex                                0x08004b40   Section        0  easyiot.o(i.a2b_hex)
    i.alignment_u16_r                        0x08004be0   Section        0  easyiot.o(i.alignment_u16_r)
    i.free                                   0x08004bf0   Section        0  malloc.o(i.free)
    i.main                                   0x08004c44   Section        0  main.o(i.main)
    i.malloc                                 0x08004d14   Section        0  malloc.o(i.malloc)
    i.me3616_test_information                0x08004d80   Section        0  me3616_app.o(i.me3616_test_information)
    i.me3616_test_lwm                        0x08004ef0   Section        0  me3616_app.o(i.me3616_test_lwm)
    .constdata                               0x08005020   Section       20  me3616.o(.constdata)
    .constdata                               0x08005034   Section       25  system_stm32l0xx.o(.constdata)
    .constdata                               0x0800504d   Section        8  system_stm32l0xx.o(.constdata)
    .constdata                               0x08005055   Section      129  ctype_o.o(.constdata)
    .constdata                               0x080050d8   Section        4  ctype_o.o(.constdata)
    table                                    0x080050d8   Data           4  ctype_o.o(.constdata)
    .conststring                             0x080050dc   Section     1445  me3616.o(.conststring)
    .conststring                             0x08005684   Section       32  me3616_app.o(.conststring)
    .data                                    0x20000000   Section      708  me3616.o(.data)
    .data                                    0x200002c4   Section       16  me3616_app.o(.data)
    .data                                    0x200002d4   Section        4  stm32l0xx_hal.o(.data)
    .data                                    0x200002d8   Section        4  system_stm32l0xx.o(.data)
    .data                                    0x200002dc   Section       32  easyiot.o(.data)
    gl_loglevel                              0x200002dc   Data           1  easyiot.o(.data)
    gl_timestampcb                           0x200002e0   Data           4  easyiot.o(.data)
    gl_signalcb                              0x200002e4   Data           4  easyiot.o(.data)
    gl_batterycb                             0x200002e8   Data           4  easyiot.o(.data)
    gl_ackhandler                            0x200002ec   Data           4  easyiot.o(.data)
    gl_nb_out                                0x200002f0   Data           4  easyiot.o(.data)
    gl_log_out                               0x200002f4   Data           4  easyiot.o(.data)
    cmd_handler_count                        0x200002f8   Data           4  easyiot.o(.data)
    .data                                    0x200002fc   Section        4  mvars.o(.data)
    .data                                    0x20000300   Section        4  mvars.o(.data)
    .data                                    0x20000304   Section        4  errno.o(.data)
    _errno                                   0x20000304   Data           4  errno.o(.data)
    .bss                                     0x20000308   Section     1104  me3616.o(.bss)
    .bss                                     0x20000758   Section     1500  me3616_app.o(.bss)
    .bss                                     0x20000d34   Section      416  usart.o(.bss)
    .bss                                     0x20000ed4   Section      104  easyiot.o(.bss)
    gl_imei                                  0x20000ed4   Data          20  easyiot.o(.bss)
    gl_imsi                                  0x20000ee8   Data          20  easyiot.o(.bss)
    gl_cmd_handlers                          0x20000efc   Data          64  easyiot.o(.bss)
    HEAP                                     0x20000f40   Section      512  startup_stm32l031xx.o(HEAP)
    STACK                                    0x20001140   Section     2048  startup_stm32l031xx.o(STACK)

    Global Symbols

    Symbol Name                              Value     Ov Type        Size  Object(Section)

    BuildAttributes$$THM_ISAv3M$S$PE$A:L22$X:L11$S22$IEEE1$IW$USESV6$~STKCKD$USESV7$~SHL$OSPACE$ROPI$EBA8$MICROLIB$REQ8$PRES8$EABIv2 0x00000000   Number         0  anon$$obj.o ABSOLUTE
    __ARM_use_no_argv                        0x00000000   Number         0  main.o ABSOLUTE
    _printf_a                                0x00000000   Number         0  stubs.o ABSOLUTE
    _printf_c                                0x00000000   Number         0  stubs.o ABSOLUTE
    _printf_charcount                        0x00000000   Number         0  stubs.o ABSOLUTE
    _printf_d                                0x00000000   Number         0  stubs.o ABSOLUTE
    _printf_e                                0x00000000   Number         0  stubs.o ABSOLUTE
    _printf_f                                0x00000000   Number         0  stubs.o ABSOLUTE
    _printf_flags                            0x00000000   Number         0  stubs.o ABSOLUTE
    _printf_fp_dec                           0x00000000   Number         0  stubs.o ABSOLUTE
    _printf_fp_hex                           0x00000000   Number         0  stubs.o ABSOLUTE
    _printf_g                                0x00000000   Number         0  stubs.o ABSOLUTE
    _printf_i                                0x00000000   Number         0  stubs.o ABSOLUTE
    _printf_int_dec                          0x00000000   Number         0  stubs.o ABSOLUTE
    _printf_l                                0x00000000   Number         0  stubs.o ABSOLUTE
    _printf_lc                               0x00000000   Number         0  stubs.o ABSOLUTE
    _printf_ll                               0x00000000   Number         0  stubs.o ABSOLUTE
    _printf_lld                              0x00000000   Number         0  stubs.o ABSOLUTE
    _printf_lli                              0x00000000   Number         0  stubs.o ABSOLUTE
    _printf_llo                              0x00000000   Number         0  stubs.o ABSOLUTE
    _printf_llu                              0x00000000   Number         0  stubs.o ABSOLUTE
    _printf_llx                              0x00000000   Number         0  stubs.o ABSOLUTE
    _printf_longlong_dec                     0x00000000   Number         0  stubs.o ABSOLUTE
    _printf_longlong_hex                     0x00000000   Number         0  stubs.o ABSOLUTE
    _printf_longlong_oct                     0x00000000   Number         0  stubs.o ABSOLUTE
    _printf_ls                               0x00000000   Number         0  stubs.o ABSOLUTE
    _printf_mbtowc                           0x00000000   Number         0  stubs.o ABSOLUTE
    _printf_n                                0x00000000   Number         0  stubs.o ABSOLUTE
    _printf_o                                0x00000000   Number         0  stubs.o ABSOLUTE
    _printf_p                                0x00000000   Number         0  stubs.o ABSOLUTE
    _printf_percent                          0x00000000   Number         0  stubs.o ABSOLUTE
    _printf_pre_padding                      0x00000000   Number         0  stubs.o ABSOLUTE
    _printf_return_value                     0x00000000   Number         0  stubs.o ABSOLUTE
    _printf_s                                0x00000000   Number         0  stubs.o ABSOLUTE
    _printf_sizespec                         0x00000000   Number         0  stubs.o ABSOLUTE
    _printf_str                              0x00000000   Number         0  stubs.o ABSOLUTE
    _printf_truncate_signed                  0x00000000   Number         0  stubs.o ABSOLUTE
    _printf_truncate_unsigned                0x00000000   Number         0  stubs.o ABSOLUTE
    _printf_u                                0x00000000   Number         0  stubs.o ABSOLUTE
    _printf_wc                               0x00000000   Number         0  stubs.o ABSOLUTE
    _printf_wctomb                           0x00000000   Number         0  stubs.o ABSOLUTE
    _printf_widthprec                        0x00000000   Number         0  stubs.o ABSOLUTE
    _printf_x                                0x00000000   Number         0  stubs.o ABSOLUTE
    __cpp_initialize__aeabi_                  - Undefined Weak Reference
    __cxa_finalize                            - Undefined Weak Reference
    _clock_init                               - Undefined Weak Reference
    _microlib_exit                            - Undefined Weak Reference
    __Vectors_Size                           0x000000c0   Number         0  startup_stm32l031xx.o ABSOLUTE
    __Vectors                                0x08000000   Data           4  startup_stm32l031xx.o(RESET)
    __Vectors_End                            0x080000c0   Data           0  startup_stm32l031xx.o(RESET)
    __main                                   0x080000c1   Thumb Code     0  entry.o(.ARM.Collect$$$$00000000)
    _main_stk                                0x080000c1   Thumb Code     0  entry2.o(.ARM.Collect$$$$00000001)
    _main_scatterload                        0x080000c5   Thumb Code     0  entry5.o(.ARM.Collect$$$$00000004)
    __main_after_scatterload                 0x080000c9   Thumb Code     0  entry5.o(.ARM.Collect$$$$00000004)
    _main_clock                              0x080000c9   Thumb Code     0  entry7b.o(.ARM.Collect$$$$00000008)
    _main_cpp_init                           0x080000c9   Thumb Code     0  entry8b.o(.ARM.Collect$$$$0000000A)
    _main_init                               0x080000c9   Thumb Code     0  entry9a.o(.ARM.Collect$$$$0000000B)
    __rt_final_cpp                           0x080000d1   Thumb Code     0  entry10a.o(.ARM.Collect$$$$0000000D)
    __rt_final_exit                          0x080000d1   Thumb Code     0  entry11a.o(.ARM.Collect$$$$0000000F)
    Reset_Handler                            0x080000d5   Thumb Code     8  startup_stm32l031xx.o(.text)
    ADC1_COMP_IRQHandler                     0x080000e7   Thumb Code     0  startup_stm32l031xx.o(.text)
    DMA1_Channel1_IRQHandler                 0x080000e7   Thumb Code     0  startup_stm32l031xx.o(.text)
    EXTI0_1_IRQHandler                       0x080000e7   Thumb Code     0  startup_stm32l031xx.o(.text)
    EXTI2_3_IRQHandler                       0x080000e7   Thumb Code     0  startup_stm32l031xx.o(.text)
    EXTI4_15_IRQHandler                      0x080000e7   Thumb Code     0  startup_stm32l031xx.o(.text)
    FLASH_IRQHandler                         0x080000e7   Thumb Code     0  startup_stm32l031xx.o(.text)
    I2C1_IRQHandler                          0x080000e7   Thumb Code     0  startup_stm32l031xx.o(.text)
    LPTIM1_IRQHandler                        0x080000e7   Thumb Code     0  startup_stm32l031xx.o(.text)
    PVD_IRQHandler                           0x080000e7   Thumb Code     0  startup_stm32l031xx.o(.text)
    RCC_IRQHandler                           0x080000e7   Thumb Code     0  startup_stm32l031xx.o(.text)
    RTC_IRQHandler                           0x080000e7   Thumb Code     0  startup_stm32l031xx.o(.text)
    SPI1_IRQHandler                          0x080000e7   Thumb Code     0  startup_stm32l031xx.o(.text)
    TIM21_IRQHandler                         0x080000e7   Thumb Code     0  startup_stm32l031xx.o(.text)
    TIM22_IRQHandler                         0x080000e7   Thumb Code     0  startup_stm32l031xx.o(.text)
    TIM2_IRQHandler                          0x080000e7   Thumb Code     0  startup_stm32l031xx.o(.text)
    WWDG_IRQHandler                          0x080000e7   Thumb Code     0  startup_stm32l031xx.o(.text)
    __aeabi_uidiv                            0x080000f1   Thumb Code     0  uidiv.o(.text)
    __aeabi_uidivmod                         0x080000f1   Thumb Code    44  uidiv.o(.text)
    __aeabi_uldivmod                         0x0800011d   Thumb Code    96  uldiv.o(.text)
    __aeabi_memcpy                           0x0800017d   Thumb Code    36  memcpya.o(.text)
    __aeabi_memcpy4                          0x0800017d   Thumb Code     0  memcpya.o(.text)
    __aeabi_memcpy8                          0x0800017d   Thumb Code     0  memcpya.o(.text)
    __aeabi_memset                           0x080001a1   Thumb Code    14  memseta.o(.text)
    __aeabi_memset4                          0x080001a1   Thumb Code     0  memseta.o(.text)
    __aeabi_memset8                          0x080001a1   Thumb Code     0  memseta.o(.text)
    __aeabi_memclr                           0x080001af   Thumb Code     4  memseta.o(.text)
    __aeabi_memclr4                          0x080001af   Thumb Code     0  memseta.o(.text)
    __aeabi_memclr8                          0x080001af   Thumb Code     0  memseta.o(.text)
    _memset$wrapper                          0x080001b3   Thumb Code    18  memseta.o(.text)
    strstr                                   0x080001c5   Thumb Code    40  strstr.o(.text)
    strncpy                                  0x080001ed   Thumb Code    26  strncpy.o(.text)
    strlen                                   0x08000207   Thumb Code    14  strlen.o(.text)
    strcpy                                   0x08000215   Thumb Code    18  strcpy.o(.text)
    strncmp                                  0x08000227   Thumb Code    30  strncmp.o(.text)
    atoi                                     0x08000245   Thumb Code    26  atoi.o(.text)
    __aeabi_llsl                             0x0800025f   Thumb Code    32  llshl.o(.text)
    _ll_shift_l                              0x0800025f   Thumb Code     0  llshl.o(.text)
    __aeabi_llsr                             0x0800027f   Thumb Code    34  llushr.o(.text)
    _ll_ushift_r                             0x0800027f   Thumb Code     0  llushr.o(.text)
    strtol                                   0x080002a1   Thumb Code   108  strtol.o(.text)
    __I$use$fp                               0x08000311   Thumb Code     0  iusefp.o(.text)
    __aeabi_dadd                             0x08000311   Thumb Code   328  dadd.o(.text)
    __aeabi_dsub                             0x08000459   Thumb Code    12  dadd.o(.text)
    __aeabi_drsub                            0x08000465   Thumb Code    12  dadd.o(.text)
    __aeabi_dmul                             0x08000475   Thumb Code   202  dmul.o(.text)
    __aeabi_ddiv                             0x08000545   Thumb Code   234  ddiv.o(.text)
    __aeabi_d2ulz                            0x08000635   Thumb Code    54  dfixul.o(.text)
    __aeabi_cdrcmple                         0x08000675   Thumb Code    38  cdrcmple.o(.text)
    __scatterload                            0x0800069d   Thumb Code    28  init.o(.text)
    __scatterload_rt2                        0x0800069d   Thumb Code     0  init.o(.text)
    __aeabi_lasr                             0x080006c1   Thumb Code    38  llsshr.o(.text)
    _ll_sshift_r                             0x080006c1   Thumb Code     0  llsshr.o(.text)
    __rt_ctype_table                         0x080006e9   Thumb Code     4  ctype_o.o(.text)
    _strtoul                                 0x080006f1   Thumb Code   166  _strtoul.o(.text)
    _double_round                            0x08000797   Thumb Code    26  depilogue.o(.text)
    _double_epilogue                         0x080007b1   Thumb Code   164  depilogue.o(.text)
    _chval                                   0x08000855   Thumb Code    30  _chval.o(.text)
    __decompress                             0x08000873   Thumb Code     0  __dczerorl2.o(.text)
    __decompress1                            0x08000873   Thumb Code    86  __dczerorl2.o(.text)
    AT_ResultReport                          0x080008c9   Thumb Code    22  me3616.o(i.AT_ResultReport)
    Active_Report                            0x080008ed   Thumb Code    86  me3616.o(i.Active_Report)
    AddBuffer                                0x08000949   Thumb Code   132  easyiot.o(i.AddBuffer)
    CFUN_Callback                            0x08000a25   Thumb Code    80  me3616.o(i.CFUN_Callback)
    CME_Callback                             0x08000aad   Thumb Code    22  me3616.o(i.CME_Callback)
    CPIN_Callback                            0x08000ad1   Thumb Code    80  me3616.o(i.CPIN_Callback)
    CalcCheckSum                             0x08000b5d   Thumb Code    24  easyiot.o(i.CalcCheckSum)
    Check_Response                           0x08000b75   Thumb Code   166  me3616.o(i.Check_Response)
    CoapHexInputStatic                       0x08000c5d   Thumb Code    88  easyiot.o(i.CoapHexInputStatic)
    CoapInput                                0x08000d41   Thumb Code   196  easyiot.o(i.CoapInput)
    Command_Response                         0x08000f35   Thumb Code   194  me3616_app.o(i.Command_Response)
    DBG_Forward                              0x08001031   Thumb Code    92  me3616_if.o(i.DBG_Forward)
    DBG_Print                                0x080010ad   Thumb Code   118  me3616.o(i.DBG_Print)
    DMA1_Channel2_3_IRQHandler               0x08001179   Thumb Code    10  stm32l0xx_it.o(i.DMA1_Channel2_3_IRQHandler)
    DMA1_Channel4_5_6_7_IRQHandler           0x08001189   Thumb Code    16  stm32l0xx_it.o(i.DMA1_Channel4_5_6_7_IRQHandler)
    ECOAPNMI_Callback                        0x080011c1   Thumb Code    22  me3616.o(i.ECOAPNMI_Callback)
    EMQDISCON_Callback                       0x080011e9   Thumb Code    22  me3616.o(i.EMQDISCON_Callback)
    EMQPUB_Callback                          0x08001215   Thumb Code    22  me3616.o(i.EMQPUB_Callback)
    ESODATA_Callback                         0x0800123d   Thumb Code    22  me3616.o(i.ESODATA_Callback)
    ESONMI_Callback                          0x08001265   Thumb Code    22  me3616.o(i.ESONMI_Callback)
    FreeMessage                              0x0800128d   Thumb Code    78  easyiot.o(i.FreeMessage)
    FreeTLV                                  0x08001315   Thumb Code    34  easyiot.o(i.FreeTLV)
    Get_AT_State                             0x08001349   Thumb Code     4  me3616.o(i.Get_AT_State)
    Get_Last_AT_CMD                          0x0800134d   Thumb Code     4  me3616.o(i.Get_Last_AT_CMD)
    Get_Sys_State                            0x08001351   Thumb Code    10  me3616.o(i.Get_Sys_State)
    HAL_DMA_Abort_IT                         0x0800135d   Thumb Code   148  stm32l0xx_hal_dma.o(i.HAL_DMA_Abort_IT)
    HAL_DMA_IRQHandler                       0x080013f5   Thumb Code   634  stm32l0xx_hal_dma.o(i.HAL_DMA_IRQHandler)
    HAL_DMA_Init                             0x08001675   Thumb Code   254  stm32l0xx_hal_dma.o(i.HAL_DMA_Init)
    HAL_DMA_Start_IT                         0x0800177d   Thumb Code    78  stm32l0xx_hal_dma.o(i.HAL_DMA_Start_IT)
    HAL_Delay                                0x080017cb   Thumb Code    22  stm32l0xx_hal.o(i.HAL_Delay)
    HAL_GPIO_Init                            0x080017e1   Thumb Code   336  stm32l0xx_hal_gpio.o(i.HAL_GPIO_Init)
    HAL_GPIO_WritePin                        0x08001949   Thumb Code    12  stm32l0xx_hal_gpio.o(i.HAL_GPIO_WritePin)
    HAL_GetTick                              0x08001955   Thumb Code     6  stm32l0xx_hal.o(i.HAL_GetTick)
    HAL_IncTick                              0x08001961   Thumb Code    10  stm32l0xx_hal.o(i.HAL_IncTick)
    HAL_Init                                 0x08001971   Thumb Code    34  stm32l0xx_hal.o(i.HAL_Init)
    HAL_InitTick                             0x08001999   Thumb Code    34  stm32l0xx_hal.o(i.HAL_InitTick)
    HAL_MspInit                              0x080019c1   Thumb Code    52  stm32l0xx_hal_msp.o(i.HAL_MspInit)
    HAL_NVIC_EnableIRQ                       0x080019f9   Thumb Code    14  stm32l0xx_hal_cortex.o(i.HAL_NVIC_EnableIRQ)
    HAL_NVIC_SetPriority                     0x08001a0d   Thumb Code     8  stm32l0xx_hal_cortex.o(i.HAL_NVIC_SetPriority)
    HAL_RCCEx_GetPeriphCLKFreq               0x08001a15   Thumb Code   230  stm32l0xx_hal_rcc_ex.o(i.HAL_RCCEx_GetPeriphCLKFreq)
    HAL_RCCEx_PeriphCLKConfig                0x08001b19   Thumb Code   324  stm32l0xx_hal_rcc_ex.o(i.HAL_RCCEx_PeriphCLKConfig)
    HAL_RCC_ClockConfig                      0x08001c69   Thumb Code   340  stm32l0xx_hal_rcc.o(i.HAL_RCC_ClockConfig)
    HAL_RCC_GetHCLKFreq                      0x08001dd1   Thumb Code     6  stm32l0xx_hal_rcc.o(i.HAL_RCC_GetHCLKFreq)
    HAL_RCC_GetPCLK1Freq                     0x08001ddd   Thumb Code    20  stm32l0xx_hal_rcc.o(i.HAL_RCC_GetPCLK1Freq)
    HAL_RCC_GetPCLK2Freq                     0x08001dfd   Thumb Code    20  stm32l0xx_hal_rcc.o(i.HAL_RCC_GetPCLK2Freq)
    HAL_RCC_GetSysClockFreq                  0x08001e1d   Thumb Code   100  stm32l0xx_hal_rcc.o(i.HAL_RCC_GetSysClockFreq)
    HAL_RCC_OscConfig                        0x08001e95   Thumb Code   976  stm32l0xx_hal_rcc.o(i.HAL_RCC_OscConfig)
    HAL_SYSTICK_CLKSourceConfig              0x08002281   Thumb Code    20  stm32l0xx_hal_cortex.o(i.HAL_SYSTICK_CLKSourceConfig)
    HAL_SYSTICK_Callback                     0x08002299   Thumb Code     2  stm32l0xx_hal_cortex.o(i.HAL_SYSTICK_Callback)
    HAL_SYSTICK_Config                       0x0800229d   Thumb Code    38  stm32l0xx_hal_cortex.o(i.HAL_SYSTICK_Config)
    HAL_SYSTICK_IRQHandler                   0x080022cd   Thumb Code     8  stm32l0xx_hal_cortex.o(i.HAL_SYSTICK_IRQHandler)
    HAL_UARTEx_WakeupCallback                0x080022d5   Thumb Code     2  stm32l0xx_hal_uart_ex.o(i.HAL_UARTEx_WakeupCallback)
    HAL_UART_AbortReceiveCpltCallback        0x080022d9   Thumb Code    48  me3616_if.o(i.HAL_UART_AbortReceiveCpltCallback)
    HAL_UART_AbortReceive_IT                 0x08002335   Thumb Code   110  stm32l0xx_hal_uart.o(i.HAL_UART_AbortReceive_IT)
    HAL_UART_ErrorCallback                   0x080023a9   Thumb Code    10  me3616_if.o(i.HAL_UART_ErrorCallback)
    HAL_UART_IRQHandler                      0x080023c9   Thumb Code   318  stm32l0xx_hal_uart.o(i.HAL_UART_IRQHandler)
    HAL_UART_Init                            0x0800250d   Thumb Code   108  stm32l0xx_hal_uart.o(i.HAL_UART_Init)
    HAL_UART_MspInit                         0x08002579   Thumb Code   286  usart.o(i.HAL_UART_MspInit)
    HAL_UART_Receive_DMA                     0x080026bd   Thumb Code   150  stm32l0xx_hal_uart.o(i.HAL_UART_Receive_DMA)
    HAL_UART_Receive_IT                      0x08002761   Thumb Code   154  stm32l0xx_hal_uart.o(i.HAL_UART_Receive_IT)
    HAL_UART_RxCpltCallback                  0x08002801   Thumb Code     2  stm32l0xx_hal_uart.o(i.HAL_UART_RxCpltCallback)
    HAL_UART_RxHalfCpltCallback              0x08002803   Thumb Code     2  stm32l0xx_hal_uart.o(i.HAL_UART_RxHalfCpltCallback)
    HAL_UART_Transmit_DMA                    0x08002805   Thumb Code   138  stm32l0xx_hal_uart.o(i.HAL_UART_Transmit_DMA)
    HAL_UART_TxCpltCallback                  0x0800289d   Thumb Code     2  stm32l0xx_hal_uart.o(i.HAL_UART_TxCpltCallback)
    HAL_UART_TxHalfCpltCallback              0x0800289f   Thumb Code     2  stm32l0xx_hal_uart.o(i.HAL_UART_TxHalfCpltCallback)
    HardFault_Handler                        0x080028a1   Thumb Code     2  stm32l0xx_it.o(i.HardFault_Handler)
    IPERF_Callback                           0x080028a5   Thumb Code    22  me3616.o(i.IPERF_Callback)
    IP_Callback                              0x080028cd   Thumb Code   166  me3616.o(i.IP_Callback)
    Init_UART_CM                             0x080029ad   Thumb Code    64  me3616_if.o(i.Init_UART_CM)
    LPUART1_IRQHandler                       0x080029ed   Thumb Code    28  stm32l0xx_it.o(i.LPUART1_IRQHandler)
    Logging                                  0x08002a11   Thumb Code    54  easyiot.o(i.Logging)
    M2MCLIRECV_Callback                      0x08002a4d   Thumb Code    36  me3616_app.o(i.M2MCLIRECV_Callback)
    M2MCLI_Callback                          0x08002a89   Thumb Code   140  me3616.o(i.M2MCLI_Callback)
    MATREADY_Callback                        0x08002b91   Thumb Code    80  me3616.o(i.MATREADY_Callback)
    ME3616_APP                               0x08002c1d   Thumb Code    26  me3616_app.o(i.ME3616_APP)
    ME3616_APP_ErrorHandler                  0x08002c39   Thumb Code    18  me3616_app.o(i.ME3616_APP_ErrorHandler)
    ME3616_ErrorHandler                      0x08002c51   Thumb Code    20  me3616.o(i.ME3616_ErrorHandler)
    ME3616_IF_ErrorHandler                   0x08002c69   Thumb Code    18  me3616_if.o(i.ME3616_IF_ErrorHandler)
    ME3616_Init                              0x08002c81   Thumb Code   248  me3616.o(i.ME3616_Init)
    ME3616_PowerOn                           0x08002d89   Thumb Code    34  me3616_if.o(i.ME3616_PowerOn)
    ME3616_Reset                             0x08002db1   Thumb Code    34  me3616_if.o(i.ME3616_Reset)
    ME3616_Send_AT_Command                   0x08002dd9   Thumb Code   310  me3616.o(i.ME3616_Send_AT_Command)
    ME3616_String_Receive                    0x08003001   Thumb Code   284  me3616.o(i.ME3616_String_Receive)
    MIPLDISCOVER_Callback                    0x0800317d   Thumb Code    22  me3616.o(i.MIPLDISCOVER_Callback)
    MIPLEVENT_Callback                       0x080031a9   Thumb Code    22  me3616.o(i.MIPLEVENT_Callback)
    MIPLOBSERVE_Callback                     0x080031d5   Thumb Code    22  me3616.o(i.MIPLOBSERVE_Callback)
    MIPLPARAMETER_Callback                   0x08003201   Thumb Code    22  me3616.o(i.MIPLPARAMETER_Callback)
    MIPLREAD_Callback                        0x08003231   Thumb Code    22  me3616.o(i.MIPLREAD_Callback)
    MIPLWRITE_Callback                       0x08003259   Thumb Code    22  me3616.o(i.MIPLWRITE_Callback)
    MX_DMA_Init                              0x08003285   Thumb Code    52  dma.o(i.MX_DMA_Init)
    MX_GPIO_Init                             0x080032bd   Thumb Code    84  gpio.o(i.MX_GPIO_Init)
    MX_LPUART1_UART_Init                     0x08003319   Thumb Code    50  usart.o(i.MX_LPUART1_UART_Init)
    MX_USART2_UART_Init                      0x08003365   Thumb Code    52  usart.o(i.MX_USART2_UART_Init)
    MessageDeserializeBodyData               0x080033b1   Thumb Code    84  easyiot.o(i.MessageDeserializeBodyData)
    MessagesDeserialize                      0x08003475   Thumb Code   134  easyiot.o(i.MessagesDeserialize)
    MessagesStaticMalloc                     0x080035b1   Thumb Code    50  easyiot.o(i.MessagesStaticMalloc)
    NMI_Handler                              0x08003621   Thumb Code     2  stm32l0xx_it.o(i.NMI_Handler)
    NewMessageStatic                         0x08003669   Thumb Code    60  easyiot.o(i.NewMessageStatic)
    NewTLV                                   0x08003731   Thumb Code    34  easyiot.o(i.NewTLV)
    NewTLVStatic                             0x08003771   Thumb Code    36  easyiot.o(i.NewTLVStatic)
    PendSV_Handler                           0x080037b5   Thumb Code     2  stm32l0xx_it.o(i.PendSV_Handler)
    RxHandler                                0x08003829   Thumb Code    46  me3616.o(i.RxHandler)
    SVC_Handler                              0x08003857   Thumb Code     2  stm32l0xx_it.o(i.SVC_Handler)
    Set_AT_Info                              0x08003859   Thumb Code    20  me3616.o(i.Set_AT_Info)
    Set_Last_AT_CMD_None                     0x0800386d   Thumb Code     6  me3616.o(i.Set_Last_AT_CMD_None)
    Set_Sys_State                            0x08003873   Thumb Code     8  me3616.o(i.Set_Sys_State)
    SysTick_Handler                          0x0800388d   Thumb Code    12  stm32l0xx_it.o(i.SysTick_Handler)
    SystemClock_Config                       0x08003899   Thumb Code   142  main.o(i.SystemClock_Config)
    SystemInit                               0x0800392d   Thumb Code    66  system_stm32l0xx.o(i.SystemInit)
    UART_AT_Receive                          0x08003981   Thumb Code    20  me3616_if.o(i.UART_AT_Receive)
    UART_AT_Send                             0x08003995   Thumb Code   112  me3616_if.o(i.UART_AT_Send)
    UART_AdvFeatureConfig                    0x08003a69   Thumb Code   202  stm32l0xx_hal_uart.o(i.UART_AdvFeatureConfig)
    UART_CheckIdleState                      0x08003b35   Thumb Code    90  stm32l0xx_hal_uart.o(i.UART_CheckIdleState)
    UART_SetConfig                           0x08003d41   Thumb Code   466  stm32l0xx_hal_uart.o(i.UART_SetConfig)
    UART_WaitOnFlagUntilTimeout              0x08003f9f   Thumb Code    98  stm32l0xx_hal_uart.o(i.UART_WaitOnFlagUntilTimeout)
    USART2_IRQHandler                        0x08004001   Thumb Code    28  stm32l0xx_it.o(i.USART2_IRQHandler)
    UnknowActiveReport_Callback              0x08004025   Thumb Code    22  me3616.o(i.UnknowActiveReport_Callback)
    UserCmdReqMsgDeserialize                 0x08004059   Thumb Code   106  easyiot.o(i.UserCmdReqMsgDeserialize)
    Wait_AT_Response                         0x08004125   Thumb Code    62  me3616_if.o(i.Wait_AT_Response)
    Wait_AT_SendReady                        0x08004169   Thumb Code    52  me3616_if.o(i.Wait_AT_SendReady)
    ZGPSR_Callback                           0x080041a1   Thumb Code    22  me3616.o(i.ZGPSR_Callback)
    _Error_Handler                           0x080041c9   Thumb Code     2  main.o(i._Error_Handler)
    __0sprintf                               0x080041cd   Thumb Code    36  printfa.o(i.__0sprintf)
    __1sprintf                               0x080041cd   Thumb Code     0  printfa.o(i.__0sprintf)
    __2sprintf                               0x080041cd   Thumb Code     0  printfa.o(i.__0sprintf)
    __c89sprintf                             0x080041cd   Thumb Code     0  printfa.o(i.__0sprintf)
    sprintf                                  0x080041cd   Thumb Code     0  printfa.o(i.__0sprintf)
    __0vsprintf                              0x080041f5   Thumb Code    30  printfa.o(i.__0vsprintf)
    __1vsprintf                              0x080041f5   Thumb Code     0  printfa.o(i.__0vsprintf)
    __2vsprintf                              0x080041f5   Thumb Code     0  printfa.o(i.__0vsprintf)
    __c89vsprintf                            0x080041f5   Thumb Code     0  printfa.o(i.__0vsprintf)
    vsprintf                                 0x080041f5   Thumb Code     0  printfa.o(i.__0vsprintf)
    __ARM_clz                                0x08004219   Thumb Code    46  depilogue.o(i.__ARM_clz)
    __ARM_common_switch8                     0x08004247   Thumb Code    26  stm32l0xx_hal_uart.o(i.__ARM_common_switch8)
    __aeabi_errno_addr                       0x08004261   Thumb Code     4  errno.o(i.__aeabi_errno_addr)
    __rt_errno_addr                          0x08004261   Thumb Code     0  errno.o(i.__aeabi_errno_addr)
    __scatterload_copy                       0x08004269   Thumb Code    14  handlers.o(i.__scatterload_copy)
    __scatterload_null                       0x08004277   Thumb Code     2  handlers.o(i.__scatterload_null)
    __scatterload_zeroinit                   0x08004279   Thumb Code    14  handlers.o(i.__scatterload_zeroinit)
    a2b_hex                                  0x08004b41   Thumb Code    96  easyiot.o(i.a2b_hex)
    alignment_u16_r                          0x08004be1   Thumb Code    16  easyiot.o(i.alignment_u16_r)
    free                                     0x08004bf1   Thumb Code    80  malloc.o(i.free)
    main                                     0x08004c45   Thumb Code    90  main.o(i.main)
    malloc                                   0x08004d15   Thumb Code    92  malloc.o(i.malloc)
    me3616_test_information                  0x08004d81   Thumb Code   278  me3616_app.o(i.me3616_test_information)
    me3616_test_lwm                          0x08004ef1   Thumb Code   172  me3616_app.o(i.me3616_test_lwm)
    AT_Header                                0x08005020   Data           4  me3616.o(.constdata)
    AT_Set                                   0x08005024   Data           4  me3616.o(.constdata)
    AT_Read                                  0x08005028   Data           4  me3616.o(.constdata)
    AT_Test                                  0x0800502c   Data           4  me3616.o(.constdata)
    AT_End                                   0x08005030   Data           4  me3616.o(.constdata)
    AHBPrescTable                            0x08005034   Data          16  system_stm32l0xx.o(.constdata)
    PLLMulTable                              0x08005044   Data           9  system_stm32l0xx.o(.constdata)
    APBPrescTable                            0x0800504d   Data           8  system_stm32l0xx.o(.constdata)
    __ctype_table                            0x08005055   Data         129  ctype_o.o(.constdata)
    Region$$Table$$Base                      0x080056a4   Number         0  anon$$obj.o(Region$$Table)
    Region$$Table$$Limit                     0x080056c4   Number         0  anon$$obj.o(Region$$Table)
    AT_CMD_String                            0x20000000   Data         548  me3616.o(.data)
    AT_Report_String                         0x20000224   Data          80  me3616.o(.data)
    AT_Report_Entry                          0x20000274   Data          80  me3616.o(.data)
    Battery_val                              0x200002c4   Data           1  me3616_app.o(.data)
    last_dtag_mid                            0x200002c6   Data           2  me3616_app.o(.data)
    client_imei                              0x200002c8   Data           4  me3616_app.o(.data)
    client_imsi                              0x200002cc   Data           4  me3616_app.o(.data)
    Signal_val                               0x200002d0   Data           4  me3616_app.o(.data)
    uwTick                                   0x200002d4   Data           4  stm32l0xx_hal.o(.data)
    SystemCoreClock                          0x200002d8   Data           4  system_stm32l0xx.o(.data)
    __microlib_freelist                      0x200002fc   Data           4  mvars.o(.data)
    __microlib_freelist_initialised          0x20000300   Data           4  mvars.o(.data)
    ME3616_Instance                          0x20000308   Data        1104  me3616.o(.bss)
    msg_buff                                 0x20000758   Data         400  me3616_app.o(.bss)
    cmd_buff                                 0x200008e8   Data         400  me3616_app.o(.bss)
    cmd_ack_buff                             0x20000a78   Data         300  me3616_app.o(.bss)
    convert_buff                             0x20000ba4   Data         400  me3616_app.o(.bss)
    hlpuart1                                 0x20000d34   Data         112  usart.o(.bss)
    huart2                                   0x20000da4   Data         112  usart.o(.bss)
    hdma_lpuart1_tx                          0x20000e14   Data          64  usart.o(.bss)
    hdma_usart2_rx                           0x20000e54   Data          64  usart.o(.bss)
    hdma_usart2_tx                           0x20000e94   Data          64  usart.o(.bss)
    __heap_base                              0x20000f40   Data           0  startup_stm32l031xx.o(HEAP)
    __heap_limit                             0x20001140   Data           0  startup_stm32l031xx.o(HEAP)
    __initial_sp                             0x20001940   Data           0  startup_stm32l031xx.o(STACK)



==============================================================================

Memory Map of the image

  Image Entry point : 0x080000c1

  Load Region LR_IROM1 (Base: 0x08000000, Size: 0x000059cc, Max: 0x00008000, ABSOLUTE, COMPRESSED[0x000058d8])

    Execution Region ER_IROM1 (Exec base: 0x08000000, Load base: 0x08000000, Size: 0x000056c4, Max: 0x00008000, ABSOLUTE)

    Exec Addr    Load Addr    Size         Type   Attr      Idx    E Section Name        Object

    0x08000000   0x08000000   0x000000c0   Data   RO            3    RESET               startup_stm32l031xx.o
    0x080000c0   0x080000c0   0x00000000   Code   RO         3223  * .ARM.Collect$$$$00000000  mc_p.l(entry.o)
    0x080000c0   0x080000c0   0x00000004   Code   RO         3539    .ARM.Collect$$$$00000001  mc_p.l(entry2.o)
    0x080000c4   0x080000c4   0x00000004   Code   RO         3542    .ARM.Collect$$$$00000004  mc_p.l(entry5.o)
    0x080000c8   0x080000c8   0x00000000   Code   RO         3544    .ARM.Collect$$$$00000008  mc_p.l(entry7b.o)
    0x080000c8   0x080000c8   0x00000000   Code   RO         3546    .ARM.Collect$$$$0000000A  mc_p.l(entry8b.o)
    0x080000c8   0x080000c8   0x00000008   Code   RO         3547    .ARM.Collect$$$$0000000B  mc_p.l(entry9a.o)
    0x080000d0   0x080000d0   0x00000000   Code   RO         3549    .ARM.Collect$$$$0000000D  mc_p.l(entry10a.o)
    0x080000d0   0x080000d0   0x00000000   Code   RO         3551    .ARM.Collect$$$$0000000F  mc_p.l(entry11a.o)
    0x080000d0   0x080000d0   0x00000004   Code   RO         3540    .ARM.Collect$$$$00002712  mc_p.l(entry2.o)
    0x080000d4   0x080000d4   0x0000001c   Code   RO            4    .text               startup_stm32l031xx.o
    0x080000f0   0x080000f0   0x0000002c   Code   RO         3226    .text               mc_p.l(uidiv.o)
    0x0800011c   0x0800011c   0x00000060   Code   RO         3228    .text               mc_p.l(uldiv.o)
    0x0800017c   0x0800017c   0x00000024   Code   RO         3232    .text               mc_p.l(memcpya.o)
    0x080001a0   0x080001a0   0x00000024   Code   RO         3234    .text               mc_p.l(memseta.o)
    0x080001c4   0x080001c4   0x00000028   Code   RO         3236    .text               mc_p.l(strstr.o)
    0x080001ec   0x080001ec   0x0000001a   Code   RO         3238    .text               mc_p.l(strncpy.o)
    0x08000206   0x08000206   0x0000000e   Code   RO         3240    .text               mc_p.l(strlen.o)
    0x08000214   0x08000214   0x00000012   Code   RO         3242    .text               mc_p.l(strcpy.o)
    0x08000226   0x08000226   0x0000001e   Code   RO         3244    .text               mc_p.l(strncmp.o)
    0x08000244   0x08000244   0x0000001a   Code   RO         3537    .text               mc_p.l(atoi.o)
    0x0800025e   0x0800025e   0x00000020   Code   RO         3556    .text               mc_p.l(llshl.o)
    0x0800027e   0x0800027e   0x00000022   Code   RO         3558    .text               mc_p.l(llushr.o)
    0x080002a0   0x080002a0   0x00000070   Code   RO         3569    .text               mc_p.l(strtol.o)
    0x08000310   0x08000310   0x00000000   Code   RO         3571    .text               mc_p.l(iusefp.o)
    0x08000310   0x08000310   0x00000164   Code   RO         3572    .text               mf_p.l(dadd.o)
    0x08000474   0x08000474   0x000000d0   Code   RO         3574    .text               mf_p.l(dmul.o)
    0x08000544   0x08000544   0x000000f0   Code   RO         3576    .text               mf_p.l(ddiv.o)
    0x08000634   0x08000634   0x00000040   Code   RO         3578    .text               mf_p.l(dfixul.o)
    0x08000674   0x08000674   0x00000028   Code   RO         3580    .text               mf_p.l(cdrcmple.o)
    0x0800069c   0x0800069c   0x00000024   Code   RO         3582    .text               mc_p.l(init.o)
    0x080006c0   0x080006c0   0x00000026   Code   RO         3585    .text               mc_p.l(llsshr.o)
    0x080006e6   0x080006e6   0x00000002   PAD
    0x080006e8   0x080006e8   0x00000008   Code   RO         3587    .text               mc_p.l(ctype_o.o)
    0x080006f0   0x080006f0   0x000000a6   Code   RO         3615    .text               mc_p.l(_strtoul.o)
    0x08000796   0x08000796   0x000000be   Code   RO         3618    .text               mf_p.l(depilogue.o)
    0x08000854   0x08000854   0x0000001e   Code   RO         3622    .text               mc_p.l(_chval.o)
    0x08000872   0x08000872   0x00000056   Code   RO         3632    .text               mc_p.l(__dczerorl2.o)
    0x080008c8   0x080008c8   0x00000024   Code   RO           12    i.AT_ResultReport   me3616.o
    0x080008ec   0x080008ec   0x0000005c   Code   RO           13    i.Active_Report     me3616.o
    0x08000948   0x08000948   0x000000dc   Code   RO         2762    i.AddBuffer         easyiot.o
    0x08000a24   0x08000a24   0x00000088   Code   RO           14    i.CFUN_Callback     me3616.o
    0x08000aac   0x08000aac   0x00000024   Code   RO           15    i.CME_Callback      me3616.o
    0x08000ad0   0x08000ad0   0x0000008c   Code   RO           16    i.CPIN_Callback     me3616.o
    0x08000b5c   0x08000b5c   0x00000018   Code   RO         2770    i.CalcCheckSum      easyiot.o
    0x08000b74   0x08000b74   0x000000e8   Code   RO           17    i.Check_Response    me3616.o
    0x08000c5c   0x08000c5c   0x000000e4   Code   RO         2772    i.CoapHexInputStatic  easyiot.o
    0x08000d40   0x08000d40   0x000001f4   Code   RO         2773    i.CoapInput         easyiot.o
    0x08000f34   0x08000f34   0x000000fc   Code   RO          395    i.Command_Response  me3616_app.o
    0x08001030   0x08001030   0x0000007c   Code   RO          521    i.DBG_Forward       me3616_if.o
    0x080010ac   0x080010ac   0x000000cc   Code   RO           19    i.DBG_Print         me3616.o
    0x08001178   0x08001178   0x00000010   Code   RO          744    i.DMA1_Channel2_3_IRQHandler  stm32l0xx_it.o
    0x08001188   0x08001188   0x00000018   Code   RO          745    i.DMA1_Channel4_5_6_7_IRQHandler  stm32l0xx_it.o
    0x080011a0   0x080011a0   0x0000001e   Code   RO         2384    i.DMA_SetConfig     stm32l0xx_hal_dma.o
    0x080011be   0x080011be   0x00000002   PAD
    0x080011c0   0x080011c0   0x00000028   Code   RO           20    i.ECOAPNMI_Callback  me3616.o
    0x080011e8   0x080011e8   0x0000002c   Code   RO           21    i.EMQDISCON_Callback  me3616.o
    0x08001214   0x08001214   0x00000028   Code   RO           22    i.EMQPUB_Callback   me3616.o
    0x0800123c   0x0800123c   0x00000028   Code   RO           23    i.ESODATA_Callback  me3616.o
    0x08001264   0x08001264   0x00000028   Code   RO           24    i.ESONMI_Callback   me3616.o
    0x0800128c   0x0800128c   0x00000088   Code   RO         2776    i.FreeMessage       easyiot.o
    0x08001314   0x08001314   0x00000034   Code   RO         2777    i.FreeTLV           easyiot.o
    0x08001348   0x08001348   0x00000004   Code   RO          263    i.Get_AT_State      me3616.o
    0x0800134c   0x0800134c   0x00000004   Code   RO          245    i.Get_Last_AT_CMD   me3616.o
    0x08001350   0x08001350   0x0000000a   Code   RO          235    i.Get_Sys_State     me3616.o
    0x0800135a   0x0800135a   0x00000002   PAD
    0x0800135c   0x0800135c   0x00000098   Code   RO         2386    i.HAL_DMA_Abort_IT  stm32l0xx_hal_dma.o
    0x080013f4   0x080013f4   0x00000280   Code   RO         2390    i.HAL_DMA_IRQHandler  stm32l0xx_hal_dma.o
    0x08001674   0x08001674   0x00000108   Code   RO         2391    i.HAL_DMA_Init      stm32l0xx_hal_dma.o
    0x0800177c   0x0800177c   0x0000004e   Code   RO         2394    i.HAL_DMA_Start_IT  stm32l0xx_hal_dma.o
    0x080017ca   0x080017ca   0x00000016   Code   RO         1279    i.HAL_Delay         stm32l0xx_hal.o
    0x080017e0   0x080017e0   0x00000168   Code   RO         2325    i.HAL_GPIO_Init     stm32l0xx_hal_gpio.o
    0x08001948   0x08001948   0x0000000c   Code   RO         2329    i.HAL_GPIO_WritePin  stm32l0xx_hal_gpio.o
    0x08001954   0x08001954   0x0000000c   Code   RO         1283    i.HAL_GetTick       stm32l0xx_hal.o
    0x08001960   0x08001960   0x00000010   Code   RO         1284    i.HAL_IncTick       stm32l0xx_hal.o
    0x08001970   0x08001970   0x00000028   Code   RO         1285    i.HAL_Init          stm32l0xx_hal.o
    0x08001998   0x08001998   0x00000028   Code   RO         1286    i.HAL_InitTick      stm32l0xx_hal.o
    0x080019c0   0x080019c0   0x00000038   Code   RO          816    i.HAL_MspInit       stm32l0xx_hal_msp.o
    0x080019f8   0x080019f8   0x00000014   Code   RO         2637    i.HAL_NVIC_EnableIRQ  stm32l0xx_hal_cortex.o
    0x08001a0c   0x08001a0c   0x00000008   Code   RO         2641    i.HAL_NVIC_SetPriority  stm32l0xx_hal_cortex.o
    0x08001a14   0x08001a14   0x00000104   Code   RO         2012    i.HAL_RCCEx_GetPeriphCLKFreq  stm32l0xx_hal_rcc_ex.o
    0x08001b18   0x08001b18   0x00000150   Code   RO         2015    i.HAL_RCCEx_PeriphCLKConfig  stm32l0xx_hal_rcc_ex.o
    0x08001c68   0x08001c68   0x00000168   Code   RO         1912    i.HAL_RCC_ClockConfig  stm32l0xx_hal_rcc.o
    0x08001dd0   0x08001dd0   0x0000000c   Code   RO         1916    i.HAL_RCC_GetHCLKFreq  stm32l0xx_hal_rcc.o
    0x08001ddc   0x08001ddc   0x00000020   Code   RO         1918    i.HAL_RCC_GetPCLK1Freq  stm32l0xx_hal_rcc.o
    0x08001dfc   0x08001dfc   0x00000020   Code   RO         1919    i.HAL_RCC_GetPCLK2Freq  stm32l0xx_hal_rcc.o
    0x08001e1c   0x08001e1c   0x00000078   Code   RO         1920    i.HAL_RCC_GetSysClockFreq  stm32l0xx_hal_rcc.o
    0x08001e94   0x08001e94   0x000003ec   Code   RO         1923    i.HAL_RCC_OscConfig  stm32l0xx_hal_rcc.o
    0x08002280   0x08002280   0x00000018   Code   RO         2643    i.HAL_SYSTICK_CLKSourceConfig  stm32l0xx_hal_cortex.o
    0x08002298   0x08002298   0x00000002   Code   RO         2644    i.HAL_SYSTICK_Callback  stm32l0xx_hal_cortex.o
    0x0800229a   0x0800229a   0x00000002   PAD
    0x0800229c   0x0800229c   0x00000030   Code   RO         2645    i.HAL_SYSTICK_Config  stm32l0xx_hal_cortex.o
    0x080022cc   0x080022cc   0x00000008   Code   RO         2646    i.HAL_SYSTICK_IRQHandler  stm32l0xx_hal_cortex.o
    0x080022d4   0x080022d4   0x00000002   Code   RO         1187    i.HAL_UARTEx_WakeupCallback  stm32l0xx_hal_uart_ex.o
    0x080022d6   0x080022d6   0x00000002   PAD
    0x080022d8   0x080022d8   0x0000005c   Code   RO          522    i.HAL_UART_AbortReceiveCpltCallback  me3616_if.o
    0x08002334   0x08002334   0x00000074   Code   RO          849    i.HAL_UART_AbortReceive_IT  stm32l0xx_hal_uart.o
    0x080023a8   0x080023a8   0x00000020   Code   RO          523    i.HAL_UART_ErrorCallback  me3616_if.o
    0x080023c8   0x080023c8   0x00000144   Code   RO          861    i.HAL_UART_IRQHandler  stm32l0xx_hal_uart.o
    0x0800250c   0x0800250c   0x0000006c   Code   RO          862    i.HAL_UART_Init     stm32l0xx_hal_uart.o
    0x08002578   0x08002578   0x00000144   Code   RO          701    i.HAL_UART_MspInit  usart.o
    0x080026bc   0x080026bc   0x000000a4   Code   RO          866    i.HAL_UART_Receive_DMA  stm32l0xx_hal_uart.o
    0x08002760   0x08002760   0x000000a0   Code   RO          867    i.HAL_UART_Receive_IT  stm32l0xx_hal_uart.o
    0x08002800   0x08002800   0x00000002   Code   RO          868    i.HAL_UART_RxCpltCallback  stm32l0xx_hal_uart.o
    0x08002802   0x08002802   0x00000002   Code   RO          869    i.HAL_UART_RxHalfCpltCallback  stm32l0xx_hal_uart.o
    0x08002804   0x08002804   0x00000098   Code   RO          871    i.HAL_UART_Transmit_DMA  stm32l0xx_hal_uart.o
    0x0800289c   0x0800289c   0x00000002   Code   RO          873    i.HAL_UART_TxCpltCallback  stm32l0xx_hal_uart.o
    0x0800289e   0x0800289e   0x00000002   Code   RO          874    i.HAL_UART_TxHalfCpltCallback  stm32l0xx_hal_uart.o
    0x080028a0   0x080028a0   0x00000002   Code   RO          746    i.HardFault_Handler  stm32l0xx_it.o
    0x080028a2   0x080028a2   0x00000002   PAD
    0x080028a4   0x080028a4   0x00000028   Code   RO           27    i.IPERF_Callback    me3616.o
    0x080028cc   0x080028cc   0x000000e0   Code   RO           28    i.IP_Callback       me3616.o
    0x080029ac   0x080029ac   0x00000040   Code   RO          524    i.Init_UART_CM      me3616_if.o
    0x080029ec   0x080029ec   0x00000024   Code   RO          747    i.LPUART1_IRQHandler  stm32l0xx_it.o
    0x08002a10   0x08002a10   0x0000003c   Code   RO         2786    i.Logging           easyiot.o
    0x08002a4c   0x08002a4c   0x0000003c   Code   RO          396    i.M2MCLIRECV_Callback  me3616_app.o
    0x08002a88   0x08002a88   0x00000108   Code   RO           30    i.M2MCLI_Callback   me3616.o
    0x08002b90   0x08002b90   0x0000008c   Code   RO           31    i.MATREADY_Callback  me3616.o
    0x08002c1c   0x08002c1c   0x0000001a   Code   RO          397    i.ME3616_APP        me3616_app.o
    0x08002c36   0x08002c36   0x00000002   PAD
    0x08002c38   0x08002c38   0x00000018   Code   RO          398    i.ME3616_APP_ErrorHandler  me3616_app.o
    0x08002c50   0x08002c50   0x00000018   Code   RO           32    i.ME3616_ErrorHandler  me3616.o
    0x08002c68   0x08002c68   0x00000018   Code   RO          525    i.ME3616_IF_ErrorHandler  me3616_if.o
    0x08002c80   0x08002c80   0x00000108   Code   RO           33    i.ME3616_Init       me3616.o
    0x08002d88   0x08002d88   0x00000028   Code   RO          527    i.ME3616_PowerOn    me3616_if.o
    0x08002db0   0x08002db0   0x00000028   Code   RO          528    i.ME3616_Reset      me3616_if.o
    0x08002dd8   0x08002dd8   0x00000228   Code   RO           34    i.ME3616_Send_AT_Command  me3616.o
    0x08003000   0x08003000   0x0000017c   Code   RO           35    i.ME3616_String_Receive  me3616.o
    0x0800317c   0x0800317c   0x0000002c   Code   RO           36    i.MIPLDISCOVER_Callback  me3616.o
    0x080031a8   0x080031a8   0x0000002c   Code   RO           37    i.MIPLEVENT_Callback  me3616.o
    0x080031d4   0x080031d4   0x0000002c   Code   RO           38    i.MIPLOBSERVE_Callback  me3616.o
    0x08003200   0x08003200   0x00000030   Code   RO           39    i.MIPLPARAMETER_Callback  me3616.o
    0x08003230   0x08003230   0x00000028   Code   RO           40    i.MIPLREAD_Callback  me3616.o
    0x08003258   0x08003258   0x0000002c   Code   RO           41    i.MIPLWRITE_Callback  me3616.o
    0x08003284   0x08003284   0x00000038   Code   RO          680    i.MX_DMA_Init       dma.o
    0x080032bc   0x080032bc   0x0000005c   Code   RO          660    i.MX_GPIO_Init      gpio.o
    0x08003318   0x08003318   0x0000004c   Code   RO          702    i.MX_LPUART1_UART_Init  usart.o
    0x08003364   0x08003364   0x0000004c   Code   RO          703    i.MX_USART2_UART_Init  usart.o
    0x080033b0   0x080033b0   0x000000c4   Code   RO         2787    i.MessageDeserializeBodyData  easyiot.o
    0x08003474   0x08003474   0x0000013c   Code   RO         2788    i.MessagesDeserialize  easyiot.o
    0x080035b0   0x080035b0   0x00000070   Code   RO         2790    i.MessagesStaticMalloc  easyiot.o
    0x08003620   0x08003620   0x00000002   Code   RO          748    i.NMI_Handler       stm32l0xx_it.o
    0x08003622   0x08003622   0x00000002   PAD
    0x08003624   0x08003624   0x00000044   Code   RO         2647    i.NVIC_SetPriority  stm32l0xx_hal_cortex.o
    0x08003668   0x08003668   0x000000c8   Code   RO         2792    i.NewMessageStatic  easyiot.o
    0x08003730   0x08003730   0x00000040   Code   RO         2793    i.NewTLV            easyiot.o
    0x08003770   0x08003770   0x00000044   Code   RO         2794    i.NewTLVStatic      easyiot.o
    0x080037b4   0x080037b4   0x00000002   Code   RO          749    i.PendSV_Handler    stm32l0xx_it.o
    0x080037b6   0x080037b6   0x00000002   PAD
    0x080037b8   0x080037b8   0x00000070   Code   RO         1924    i.RCC_SetFlashLatencyFromMSIRange  stm32l0xx_hal_rcc.o
    0x08003828   0x08003828   0x0000002e   Code   RO           42    i.RxHandler         me3616.o
    0x08003856   0x08003856   0x00000002   Code   RO          750    i.SVC_Handler       stm32l0xx_it.o
    0x08003858   0x08003858   0x00000014   Code   RO          269    i.Set_AT_Info       me3616.o
    0x0800386c   0x0800386c   0x00000006   Code   RO          251    i.Set_Last_AT_CMD_None  me3616.o
    0x08003872   0x08003872   0x00000008   Code   RO          230    i.Set_Sys_State     me3616.o
    0x0800387a   0x0800387a   0x00000002   PAD
    0x0800387c   0x0800387c   0x00000010   Code   RO           43    i.State_Hex2Str     me3616.o
    0x0800388c   0x0800388c   0x0000000c   Code   RO          751    i.SysTick_Handler   stm32l0xx_it.o
    0x08003898   0x08003898   0x00000094   Code   RO          607    i.SystemClock_Config  main.o
    0x0800392c   0x0800392c   0x00000054   Code   RO         2730    i.SystemInit        system_stm32l0xx.o
    0x08003980   0x08003980   0x00000014   Code   RO          529    i.UART_AT_Receive   me3616_if.o
    0x08003994   0x08003994   0x000000d4   Code   RO          530    i.UART_AT_Send      me3616_if.o
    0x08003a68   0x08003a68   0x000000ca   Code   RO          875    i.UART_AdvFeatureConfig  stm32l0xx_hal_uart.o
    0x08003b32   0x08003b32   0x00000002   PAD
    0x08003b34   0x08003b34   0x00000060   Code   RO          876    i.UART_CheckIdleState  stm32l0xx_hal_uart.o
    0x08003b94   0x08003b94   0x00000014   Code   RO          877    i.UART_DMAAbortOnError  stm32l0xx_hal_uart.o
    0x08003ba8   0x08003ba8   0x0000004a   Code   RO          878    i.UART_DMAError     stm32l0xx_hal_uart.o
    0x08003bf2   0x08003bf2   0x00000040   Code   RO          879    i.UART_DMAReceiveCplt  stm32l0xx_hal_uart.o
    0x08003c32   0x08003c32   0x0000000a   Code   RO          881    i.UART_DMARxHalfCplt  stm32l0xx_hal_uart.o
    0x08003c3c   0x08003c3c   0x0000001c   Code   RO          882    i.UART_DMARxOnlyAbortCallback  stm32l0xx_hal_uart.o
    0x08003c58   0x08003c58   0x00000030   Code   RO          883    i.UART_DMATransmitCplt  stm32l0xx_hal_uart.o
    0x08003c88   0x08003c88   0x0000000a   Code   RO          885    i.UART_DMATxHalfCplt  stm32l0xx_hal_uart.o
    0x08003c92   0x08003c92   0x0000001e   Code   RO          887    i.UART_EndRxTransfer  stm32l0xx_hal_uart.o
    0x08003cb0   0x08003cb0   0x00000012   Code   RO          888    i.UART_EndTxTransfer  stm32l0xx_hal_uart.o
    0x08003cc2   0x08003cc2   0x0000007e   Code   RO          889    i.UART_Receive_IT   stm32l0xx_hal_uart.o
    0x08003d40   0x08003d40   0x000001f8   Code   RO          890    i.UART_SetConfig    stm32l0xx_hal_uart.o
    0x08003f38   0x08003f38   0x00000066   Code   RO          891    i.UART_Transmit_IT  stm32l0xx_hal_uart.o
    0x08003f9e   0x08003f9e   0x00000062   Code   RO          892    i.UART_WaitOnFlagUntilTimeout  stm32l0xx_hal_uart.o
    0x08004000   0x08004000   0x00000024   Code   RO          752    i.USART2_IRQHandler  stm32l0xx_it.o
    0x08004024   0x08004024   0x00000034   Code   RO           44    i.UnknowActiveReport_Callback  me3616.o
    0x08004058   0x08004058   0x000000cc   Code   RO         2798    i.UserCmdReqMsgDeserialize  easyiot.o
    0x08004124   0x08004124   0x00000044   Code   RO          531    i.Wait_AT_Response  me3616_if.o
    0x08004168   0x08004168   0x00000038   Code   RO          532    i.Wait_AT_SendReady  me3616_if.o
    0x080041a0   0x080041a0   0x00000028   Code   RO           45    i.ZGPSR_Callback    me3616.o
    0x080041c8   0x080041c8   0x00000002   Code   RO          608    i._Error_Handler    main.o
    0x080041ca   0x080041ca   0x00000002   PAD
    0x080041cc   0x080041cc   0x00000028   Code   RO         3483    i.__0sprintf        mc_p.l(printfa.o)
    0x080041f4   0x080041f4   0x00000024   Code   RO         3487    i.__0vsprintf       mc_p.l(printfa.o)
    0x08004218   0x08004218   0x0000002e   Code   RO         3620    i.__ARM_clz         mf_p.l(depilogue.o)
    0x08004246   0x08004246   0x0000001a   Code   RO         1173    i.__ARM_common_switch8  stm32l0xx_hal_uart.o
    0x08004260   0x08004260   0x00000008   Code   RO         3562    i.__aeabi_errno_addr  mc_p.l(errno.o)
    0x08004268   0x08004268   0x0000000e   Code   RO         3626    i.__scatterload_copy  mc_p.l(handlers.o)
    0x08004276   0x08004276   0x00000002   Code   RO         3627    i.__scatterload_null  mc_p.l(handlers.o)
    0x08004278   0x08004278   0x0000000e   Code   RO         3628    i.__scatterload_zeroinit  mc_p.l(handlers.o)
    0x08004286   0x08004286   0x00000002   PAD
    0x08004288   0x08004288   0x00000174   Code   RO         3488    i._fp_digits        mc_p.l(printfa.o)
    0x080043fc   0x080043fc   0x000006ec   Code   RO         3489    i._printf_core      mc_p.l(printfa.o)
    0x08004ae8   0x08004ae8   0x00000020   Code   RO         3490    i._printf_post_padding  mc_p.l(printfa.o)
    0x08004b08   0x08004b08   0x0000002c   Code   RO         3491    i._printf_pre_padding  mc_p.l(printfa.o)
    0x08004b34   0x08004b34   0x0000000a   Code   RO         3493    i._sputc            mc_p.l(printfa.o)
    0x08004b3e   0x08004b3e   0x00000002   PAD
    0x08004b40   0x08004b40   0x000000a0   Code   RO         2802    i.a2b_hex           easyiot.o
    0x08004be0   0x08004be0   0x00000010   Code   RO         2803    i.alignment_u16_r   easyiot.o
    0x08004bf0   0x08004bf0   0x00000054   Code   RO         3509    i.free              mc_p.l(malloc.o)
    0x08004c44   0x08004c44   0x000000d0   Code   RO          609    i.main              main.o
    0x08004d14   0x08004d14   0x0000006c   Code   RO         3510    i.malloc            mc_p.l(malloc.o)
    0x08004d80   0x08004d80   0x00000170   Code   RO          407    i.me3616_test_information  me3616_app.o
    0x08004ef0   0x08004ef0   0x00000130   Code   RO          408    i.me3616_test_lwm   me3616_app.o
    0x08005020   0x08005020   0x00000014   Data   RO           47    .constdata          me3616.o
    0x08005034   0x08005034   0x00000019   Data   RO         2731    .constdata          system_stm32l0xx.o
    0x0800504d   0x0800504d   0x00000008   Data   RO         2732    .constdata          system_stm32l0xx.o
    0x08005055   0x08005055   0x00000081   Data   RO         3588    .constdata          mc_p.l(ctype_o.o)
    0x080050d6   0x080050d6   0x00000002   PAD
    0x080050d8   0x080050d8   0x00000004   Data   RO         3589    .constdata          mc_p.l(ctype_o.o)
    0x080050dc   0x080050dc   0x000005a5   Data   RO           48    .conststring        me3616.o
    0x08005681   0x08005681   0x00000003   PAD
    0x08005684   0x08005684   0x00000020   Data   RO          410    .conststring        me3616_app.o
    0x080056a4   0x080056a4   0x00000020   Data   RO         3624    Region$$Table       anon$$obj.o


    Execution Region RW_IRAM1 (Exec base: 0x20000000, Load base: 0x080056c4, Size: 0x00001940, Max: 0x00002000, ABSOLUTE, COMPRESSED[0x00000214])

    Exec Addr    Load Addr    Size         Type   Attr      Idx    E Section Name        Object

    0x20000000   COMPRESSED   0x000002c4   Data   RW           49    .data               me3616.o
    0x200002c4   COMPRESSED   0x00000010   Data   RW          411    .data               me3616_app.o
    0x200002d4   COMPRESSED   0x00000004   Data   RW         1295    .data               stm32l0xx_hal.o
    0x200002d8   COMPRESSED   0x00000004   Data   RW         2733    .data               system_stm32l0xx.o
    0x200002dc   COMPRESSED   0x00000020   Data   RW         2840    .data               easyiot.o
    0x200002fc   COMPRESSED   0x00000004   Data   RW         3560    .data               mc_p.l(mvars.o)
    0x20000300   COMPRESSED   0x00000004   Data   RW         3561    .data               mc_p.l(mvars.o)
    0x20000304   COMPRESSED   0x00000004   Data   RW         3565    .data               mc_p.l(errno.o)
    0x20000308        -       0x00000450   Zero   RW           46    .bss                me3616.o
    0x20000758        -       0x000005dc   Zero   RW          409    .bss                me3616_app.o
    0x20000d34        -       0x000001a0   Zero   RW          704    .bss                usart.o
    0x20000ed4        -       0x00000068   Zero   RW         2838    .bss                easyiot.o
    0x20000f3c   COMPRESSED   0x00000004   PAD
    0x20000f40        -       0x00000200   Zero   RW            2    HEAP                startup_stm32l031xx.o
    0x20001140        -       0x00000800   Zero   RW            1    STACK               startup_stm32l031xx.o


==============================================================================

Image component sizes


      Code (inc. data)   RO Data    RW Data    ZI Data      Debug   Object Name

        56          4          0          0          0        742   dma.o
      2556       1334          0         32        104      15953   easyiot.o
        92          8          0          0          0        891   gpio.o
       358        124          0          0          0       2191   main.o
      3438       1198       1465        708       1104     309013   me3616.o
      1034        310         32         16       1500      12133   me3616_app.o
       772        226          0          0          0       6838   me3616_if.o
        28          8        192          0       2560        640   startup_stm32l031xx.o
       130         24          0          4          0       3699   stm32l0xx_hal.o
       178         28          0          0          0      10771   stm32l0xx_hal_cortex.o
      1164         20          0          0          0       4534   stm32l0xx_hal_dma.o
       372         24          0          0          0       2384   stm32l0xx_hal_gpio.o
        56          4          0          0          0        470   stm32l0xx_hal_msp.o
      1672        116          0          0          0       6996   stm32l0xx_hal_rcc.o
       596         42          0          0          0       2717   stm32l0xx_hal_rcc_ex.o
      2488        114          0          0          0      18327   stm32l0xx_hal_uart.o
         2          0          0          0          0       1000   stm32l0xx_hal_uart_ex.o
       132         30          0          0          0       4054   stm32l0xx_it.o
        84         18         33          4          0       1235   system_stm32l0xx.o
       476         88          0          0        416       2436   usart.o

    ----------------------------------------------------------------------
     15706       3720       1757        764       5688     407024   Object Totals
         0          0         32          0          0          0   (incl. Generated)
        22          0          3          0          4          0   (incl. Padding)

    ----------------------------------------------------------------------

      Code (inc. data)   RO Data    RW Data    ZI Data      Debug   Library Member Name

        86          0          0          0          0          0   __dczerorl2.o
        30          0          0          0          0         60   _chval.o
       166          0          0          0          0         84   _strtoul.o
        26          0          0          0          0         72   atoi.o
         8          4        133          0          0         60   ctype_o.o
         0          0          0          0          0          0   entry.o
         0          0          0          0          0          0   entry10a.o
         0          0          0          0          0          0   entry11a.o
         8          4          0          0          0          0   entry2.o
         4          0          0          0          0          0   entry5.o
         0          0          0          0          0          0   entry7b.o
         0          0          0          0          0          0   entry8b.o
         8          4          0          0          0          0   entry9a.o
         8          4          0          4          0         60   errno.o
        30          0          0          0          0          0   handlers.o
        36          8          0          0          0         68   init.o
         0          0          0          0          0          0   iusefp.o
        32          0          0          0          0         68   llshl.o
        38          0          0          0          0         68   llsshr.o
        34          0          0          0          0         68   llushr.o
       192         20          0          0          0        144   malloc.o
        36          0          0          0          0         60   memcpya.o
        36          0          0          0          0        100   memseta.o
         0          0          0          8          0          0   mvars.o
      2306        100          0          0          0        544   printfa.o
        18          0          0          0          0         60   strcpy.o
        14          0          0          0          0         60   strlen.o
        30          0          0          0          0         72   strncmp.o
        26          0          0          0          0         68   strncpy.o
        40          0          0          0          0         72   strstr.o
       112          4          0          0          0         76   strtol.o
        44          0          0          0          0         72   uidiv.o
        96          0          0          0          0         84   uldiv.o
        40          2          0          0          0         68   cdrcmple.o
       356          4          0          0          0        140   dadd.o
       240          6          0          0          0         84   ddiv.o
       236          0          0          0          0        216   depilogue.o
        64         10          0          0          0         68   dfixul.o
       208          6          0          0          0         88   dmul.o

    ----------------------------------------------------------------------
      4614        176        135         12          0       2684   Library Totals
         6          0          2          0          0          0   (incl. Padding)

    ----------------------------------------------------------------------

      Code (inc. data)   RO Data    RW Data    ZI Data      Debug   Library Name

      3464        148        133         12          0       2020   mc_p.l
      1144         28          0          0          0        664   mf_p.l

    ----------------------------------------------------------------------
      4614        176        135         12          0       2684   Library Totals

    ----------------------------------------------------------------------

==============================================================================


      Code (inc. data)   RO Data    RW Data    ZI Data      Debug   

     20320       3896       1892        776       5688     402356   Grand Totals
     20320       3896       1892        532       5688     402356   ELF Image Totals (compressed)
     20320       3896       1892        532          0          0   ROM Totals

==============================================================================

    Total RO  Size (Code + RO Data)                22212 (  21.69kB)
    Total RW  Size (RW Data + ZI Data)              6464 (   6.31kB)
    Total ROM Size (Code + RO Data + RW Data)      22744 (  22.21kB)

==============================================================================

