Component: ARM Compiler 6.10.1 Tool: armlink [5d142800]

==============================================================================

Section Cross References

    startup_stm32l031xx.o(RESET) refers to startup_stm32l031xx.o(STACK) for __initial_sp
    startup_stm32l031xx.o(RESET) refers to startup_stm32l031xx.o(.text) for Reset_Handler
    startup_stm32l031xx.o(RESET) refers to stm32l0xx_it.o(.text.NMI_Handler) for NMI_Handler
    startup_stm32l031xx.o(RESET) refers to stm32l0xx_it.o(.text.HardFault_Handler) for HardFault_Handler
    startup_stm32l031xx.o(RESET) refers to stm32l0xx_it.o(.text.SVC_Handler) for SVC_Handler
    startup_stm32l031xx.o(RESET) refers to stm32l0xx_it.o(.text.PendSV_Handler) for PendSV_Handler
    startup_stm32l031xx.o(RESET) refers to stm32l0xx_it.o(.text.SysTick_Handler) for SysTick_Handler
    startup_stm32l031xx.o(RESET) refers to stm32l0xx_it.o(.text.DMA1_Channel2_3_IRQHandler) for DMA1_Channel2_3_IRQHandler
    startup_stm32l031xx.o(RESET) refers to stm32l0xx_it.o(.text.DMA1_Channel4_5_6_7_IRQHandler) for DMA1_Channel4_5_6_7_IRQHandler
    startup_stm32l031xx.o(RESET) refers to stm32l0xx_it.o(.text.USART2_IRQHandler) for USART2_IRQHandler
    startup_stm32l031xx.o(RESET) refers to stm32l0xx_it.o(.text.LPUART1_IRQHandler) for LPUART1_IRQHandler
    startup_stm32l031xx.o(.text) refers to system_stm32l0xx.o(.text.SystemInit) for SystemInit
    startup_stm32l031xx.o(.text) refers to entry.o(.ARM.Collect$$$$00000000) for __main
    me3616.o(.text.MATREADY_Callback) refers to strchr.o(.text) for strchr
    me3616.o(.text.MATREADY_Callback) refers to me3616.o(.text.State_Hex2Str) for State_Hex2Str
    me3616.o(.text.MATREADY_Callback) refers to me3616.o(.text.DBG_Print) for DBG_Print
    me3616.o(.text.MATREADY_Callback) refers to me3616.o(.rodata.str1.1) for .L.str.170
    me3616.o(.ARM.exidx.text.MATREADY_Callback) refers to me3616.o(.text.MATREADY_Callback) for [Anonymous Symbol]
    me3616.o(.text.CFUN_Callback) refers to strchr.o(.text) for strchr
    me3616.o(.text.CFUN_Callback) refers to me3616.o(.text.State_Hex2Str) for State_Hex2Str
    me3616.o(.text.CFUN_Callback) refers to me3616.o(.text.DBG_Print) for DBG_Print
    me3616.o(.text.CFUN_Callback) refers to me3616.o(.rodata.str1.1) for .L.str.170
    me3616.o(.ARM.exidx.text.CFUN_Callback) refers to me3616.o(.text.CFUN_Callback) for [Anonymous Symbol]
    me3616.o(.text.CPIN_Callback) refers to strstr.o(.text) for strstr
    me3616.o(.text.CPIN_Callback) refers to me3616.o(.text.State_Hex2Str) for State_Hex2Str
    me3616.o(.text.CPIN_Callback) refers to me3616.o(.text.DBG_Print) for DBG_Print
    me3616.o(.text.CPIN_Callback) refers to me3616.o(.rodata.str1.1) for .L.str.170
    me3616.o(.ARM.exidx.text.CPIN_Callback) refers to me3616.o(.text.CPIN_Callback) for [Anonymous Symbol]
    me3616.o(.text.IP_Callback) refers to me3616.o(.text.DBG_Print) for DBG_Print
    me3616.o(.text.IP_Callback) refers to strchr.o(.text) for strchr
    me3616.o(.text.IP_Callback) refers to memcpya.o(.text) for __aeabi_memcpy
    me3616.o(.text.IP_Callback) refers to me3616.o(.text.State_Hex2Str) for State_Hex2Str
    me3616.o(.text.IP_Callback) refers to memseta.o(.text) for __aeabi_memclr
    me3616.o(.text.IP_Callback) refers to me3616.o(.rodata.str1.1) for .L.str.170
    me3616.o(.ARM.exidx.text.IP_Callback) refers to me3616.o(.text.IP_Callback) for [Anonymous Symbol]
    me3616.o(.text.ESONMI_Callback) refers to me3616.o(.text.DBG_Print) for DBG_Print
    me3616.o(.ARM.exidx.text.ESONMI_Callback) refers to me3616.o(.text.ESONMI_Callback) for [Anonymous Symbol]
    me3616.o(.text.ESODATA_Callback) refers to me3616.o(.text.DBG_Print) for DBG_Print
    me3616.o(.ARM.exidx.text.ESODATA_Callback) refers to me3616.o(.text.ESODATA_Callback) for [Anonymous Symbol]
    me3616.o(.text.EMQDISCON_Callback) refers to me3616.o(.text.DBG_Print) for DBG_Print
    me3616.o(.ARM.exidx.text.EMQDISCON_Callback) refers to me3616.o(.text.EMQDISCON_Callback) for [Anonymous Symbol]
    me3616.o(.text.EMQPUB_Callback) refers to me3616.o(.text.DBG_Print) for DBG_Print
    me3616.o(.ARM.exidx.text.EMQPUB_Callback) refers to me3616.o(.text.EMQPUB_Callback) for [Anonymous Symbol]
    me3616.o(.text.ECOAPNMI_Callback) refers to me3616.o(.text.DBG_Print) for DBG_Print
    me3616.o(.ARM.exidx.text.ECOAPNMI_Callback) refers to me3616.o(.text.ECOAPNMI_Callback) for [Anonymous Symbol]
    me3616.o(.text.M2MCLIRECV_Callback) refers to me3616.o(.text.DBG_Print) for DBG_Print
    me3616.o(.ARM.exidx.text.M2MCLIRECV_Callback) refers to me3616.o(.text.M2MCLIRECV_Callback) for [Anonymous Symbol]
    me3616.o(.text.M2MCLI_Callback) refers to me3616.o(.text.DBG_Print) for DBG_Print
    me3616.o(.text.M2MCLI_Callback) refers to strstr.o(.text) for strstr
    me3616.o(.text.M2MCLI_Callback) refers to me3616.o(.text.State_Hex2Str) for State_Hex2Str
    me3616.o(.text.M2MCLI_Callback) refers to me3616.o(.rodata.str1.1) for .L.str.170
[...]
    i.__scatterload_copy                     0x08005128   Section       14  handlers.o(i.__scatterload_copy)
    i.__scatterload_null                     0x08005136   Section        2  handlers.o(i.__scatterload_null)
    i.__scatterload_zeroinit                 0x08005138   Section       14  handlers.o(i.__scatterload_zeroinit)
    i._fp_digits                             0x08005148   Section        0  printfa.o(i._fp_digits)
    _fp_digits                               0x08005149   Thumb Code   344  printfa.o(i._fp_digits)
    i._printf_core                           0x080052bc   Section        0  printfa.o(i._printf_core)
    _printf_core                             0x080052bd   Thumb Code  1754  printfa.o(i._printf_core)
    i._printf_post_padding                   0x080059a8   Section        0  printfa.o(i._printf_post_padding)
    _printf_post_padding                     0x080059a9   Thumb Code    32  printfa.o(i._printf_post_padding)
    i._printf_pre_padding                    0x080059c8   Section        0  printfa.o(i._printf_pre_padding)
    _printf_pre_padding                      0x080059c9   Thumb Code    44  printfa.o(i._printf_pre_padding)
    i._sputc                                 0x080059f4   Section        0  printfa.o(i._sputc)
    _sputc                                   0x080059f5   Thumb Code    10  printfa.o(i._sputc)
    i.free                                   0x08005a00   Section        0  malloc.o(i.free)
    i.malloc                                 0x08005a54   Section        0  malloc.o(i.malloc)
    .constdata                               0x08005ac0   Section      129  ctype_o.o(.constdata)
    .constdata                               0x08005b44   Section        4  ctype_o.o(.constdata)
    table                                    0x08005b44   Data           4  ctype_o.o(.constdata)
    [Anonymous Symbol]                       0x08005b48   Section        0  me3616.o(.rodata..Lswitch.table.DBG_Print)
    [Anonymous Symbol]                       0x08005b79   Section        0  me3616.o(.rodata.str1.1)
    .L.str.147                               0x08005b79   Data          19  me3616.o(.rodata.str1.1)
    .L.str.148                               0x08005b8c   Data          20  me3616.o(.rodata.str1.1)
    .L.str.145                               0x08005ba0   Data          15  me3616.o(.rodata.str1.1)
    .L.str.146                               0x08005baf   Data          17  me3616.o(.rodata.str1.1)
    .L.str.4                                 0x08005bbd   Data           3  me3616.o(.rodata.str1.1)
    .L.str.163                               0x08005bc0   Data          20  me3616.o(.rodata.str1.1)
    .L.str.159                               0x08005bd4   Data          29  me3616.o(.rodata.str1.1)
    .L.str.154                               0x08005bf1   Data          18  me3616.o(.rodata.str1.1)
    .L.str.170                               0x08005c03   Data          33  me3616.o(.rodata.str1.1)
    .L.str.1                                 0x08005c24   Data           2  me3616.o(.rodata.str1.1)
    .L.str.3                                 0x08005c26   Data           3  me3616.o(.rodata.str1.1)
    .L.str.2                                 0x08005c27   Data           2  me3616.o(.rodata.str1.1)
    .L.str.118                               0x08005c29   Data           8  me3616.o(.rodata.str1.1)
    .L.str.112                               0x08005c31   Data           8  me3616.o(.rodata.str1.1)
    .L.str.72                                0x08005c39   Data           9  me3616.o(.rodata.str1.1)
    .L.str.82                                0x08005c42   Data          10  me3616.o(.rodata.str1.1)
    .L.str.62                                0x08005c4c   Data          11  me3616.o(.rodata.str1.1)
    .L.str.15                                0x08005c57   Data           6  me3616.o(.rodata.str1.1)
    .L.str.81                                0x08005c5d   Data           8  me3616.o(.rodata.str1.1)
    .L.str.80                                0x08005c65   Data          10  me3616.o(.rodata.str1.1)
    .L.str.79                                0x08005c6f   Data           8  me3616.o(.rodata.str1.1)
    .L.str.58                                0x08005c77   Data           6  me3616.o(.rodata.str1.1)
    .L.str.27                                0x08005c7d   Data           5  me3616.o(.rodata.str1.1)
    .L.str.93                                0x08005c82   Data          11  me3616.o(.rodata.str1.1)
    .L.str.64                                0x08005c8d   Data           6  me3616.o(.rodata.str1.1)
    .L.str.44                                0x08005c93   Data           6  me3616.o(.rodata.str1.1)
    .L.str.41                                0x08005c99   Data           9  me3616.o(.rodata.str1.1)
    .L.str.126                               0x08005ca2   Data          10  me3616.o(.rodata.str1.1)
    .L.str.73                                0x08005cac   Data           9  me3616.o(.rodata.str1.1)
    .L.str.61                                0x08005cb5   Data          10  me3616.o(.rodata.str1.1)
    .L.str.33                                0x08005cbf   Data           8  me3616.o(.rodata.str1.1)
    .L.str.43                                0x08005cc7   Data           7  me3616.o(.rodata.str1.1)
    .L.str.97                                0x08005cce   Data          12  me3616.o(.rodata.str1.1)
    .L.str.66                                0x08005cda   Data           9  me3616.o(.rodata.str1.1)
    .L.str.84                                0x08005ce3   Data          11  me3616.o(.rodata.str1.1)
    .L.str.91                                0x08005cee   Data          11  me3616.o(.rodata.str1.1)
    .L.str.103                               0x08005cf9   Data           9  me3616.o(.rodata.str1.1)
    .L.str.30                                0x08005d02   Data           6  me3616.o(.rodata.str1.1)
    .L.str.109                               0x08005d08   Data           8  me3616.o(.rodata.str1.1)
    .L.str.23                                0x08005d10   Data           6  me3616.o(.rodata.str1.1)
    .L.str.24                                0x08005d16   Data           5  me3616.o(.rodata.str1.1)
    .L.str.51                                0x08005d1b   Data          13  me3616.o(.rodata.str1.1)
    .L.str.122                               0x08005d28   Data          11  me3616.o(.rodata.str1.1)
    .L.str.105                               0x08005d33   Data          11  me3616.o(.rodata.str1.1)
    .L.str.125                               0x08005d3e   Data          12  me3616.o(.rodata.str1.1)
    .L.str.119                               0x08005d4a   Data          12  me3616.o(.rodata.str1.1)
    .L.str.87                                0x08005d56   Data          13  me3616.o(.rodata.str1.1)
    .L.str.120                               0x08005d63   Data          12  me3616.o(.rodata.str1.1)
    .L.str.128                               0x08005d6f   Data          11  me3616.o(.rodata.str1.1)
    .L.str.130                               0x08005d7a   Data          13  me3616.o(.rodata.str1.1)
    .L.str.132                               0x08005d87   Data          13  me3616.o(.rodata.str1.1)
    .L.str.106                               0x08005d94   Data          10  me3616.o(.rodata.str1.1)
    .L.str.20                                0x08005d9c   Data           2  me3616.o(.rodata.str1.1)
    .L.str.16                                0x08005d9e   Data           3  me3616.o(.rodata.str1.1)
    .L.str.60                                0x08005da1   Data          10  me3616.o(.rodata.str1.1)
    .L.str.100                               0x08005dab   Data           7  me3616.o(.rodata.str1.1)
    .L.str.34                                0x08005db2   Data           7  me3616.o(.rodata.str1.1)
    .L.str.99                                0x08005db9   Data          11  me3616.o(.rodata.str1.1)
    .L.str.75                                0x08005dc4   Data           6  me3616.o(.rodata.str1.1)
    .L.str.92                                0x08005dca   Data          11  me3616.o(.rodata.str1.1)
    .L.str.46                                0x08005dd5   Data          11  me3616.o(.rodata.str1.1)
    .L.str.143                               0x08005de0   Data           8  me3616.o(.rodata.str1.1)
    .L.str.6                                 0x08005de8   Data           5  me3616.o(.rodata.str1.1)
    .L.str.7                                 0x08005ded   Data           6  me3616.o(.rodata.str1.1)
    .L.str.14                                0x08005df3   Data           6  me3616.o(.rodata.str1.1)
    .L.str.68                                0x08005df9   Data           8  me3616.o(.rodata.str1.1)
    .L.str.86                                0x08005e01   Data          10  me3616.o(.rodata.str1.1)
    .L.str.5                                 0x08005e09   Data           2  me3616.o(.rodata.str1.1)
    .L.str.123                               0x08005e0b   Data          12  me3616.o(.rodata.str1.1)
    .L.str.124                               0x08005e17   Data          12  me3616.o(.rodata.str1.1)
    .L.str.29                                0x08005e23   Data           6  me3616.o(.rodata.str1.1)
    .L.str.42                                0x08005e29   Data          10  me3616.o(.rodata.str1.1)
    .L.str.114                               0x08005e33   Data           8  me3616.o(.rodata.str1.1)
    .L.str.40                                0x08005e3b   Data           6  me3616.o(.rodata.str1.1)
    .L.str.160                               0x08005e41   Data           3  me3616.o(.rodata.str1.1)
    .L.str.67                                0x08005e44   Data           7  me3616.o(.rodata.str1.1)
    .L.str.96                                0x08005e4b   Data          11  me3616.o(.rodata.str1.1)
    .L.str.85                                0x08005e56   Data          10  me3616.o(.rodata.str1.1)
    .L.str.110                               0x08005e60   Data           7  me3616.o(.rodata.str1.1)
    .L.str.8                                 0x08005e67   Data           5  me3616.o(.rodata.str1.1)
    .L.str.9                                 0x08005e6c   Data           6  me3616.o(.rodata.str1.1)
    .L.str.32                                0x08005e72   Data           6  me3616.o(.rodata.str1.1)
    .L.str.71                                0x08005e78   Data          11  me3616.o(.rodata.str1.1)
    .L.str.121                               0x08005e83   Data          10  me3616.o(.rodata.str1.1)
    .L.str.104                               0x08005e8d   Data          10  me3616.o(.rodata.str1.1)
    .L.str.31                                0x08005e97   Data           6  me3616.o(.rodata.str1.1)
    .L.str.65                                0x08005e9d   Data           8  me3616.o(.rodata.str1.1)
    .L.str.88                                0x08005ea5   Data          10  me3616.o(.rodata.str1.1)
    .L.str.77                                0x08005eaf   Data           8  me3616.o(.rodata.str1.1)
    .L.str.89                                0x08005eb7   Data          13  me3616.o(.rodata.str1.1)
    .L.str.78                                0x08005ec4   Data          11  me3616.o(.rodata.str1.1)
    .L.str.12                                0x08005ecf   Data           5  me3616.o(.rodata.str1.1)
    .L.str.13                                0x08005ed4   Data           6  me3616.o(.rodata.str1.1)
    .L.str.22                                0x08005eda   Data           6  me3616.o(.rodata.str1.1)
    .L.str.113                               0x08005ee0   Data           7  me3616.o(.rodata.str1.1)
    .L.str.45                                0x08005ee7   Data          10  me3616.o(.rodata.str1.1)
    .L.str.111                               0x08005ef1   Data           8  me3616.o(.rodata.str1.1)
    .L.str.55                                0x08005ef9   Data          11  me3616.o(.rodata.str1.1)
    .L.str.48                                0x08005f04   Data          10  me3616.o(.rodata.str1.1)
    .L.str.56                                0x08005f0e   Data           4  me3616.o(.rodata.str1.1)
    .L.str.127                               0x08005f12   Data          13  me3616.o(.rodata.str1.1)
    .L.str.129                               0x08005f1f   Data          14  me3616.o(.rodata.str1.1)
    .L.str.131                               0x08005f2d   Data          15  me3616.o(.rodata.str1.1)
    .L.str.133                               0x08005f3c   Data          16  me3616.o(.rodata.str1.1)
    .L.str.137                               0x08005f4c   Data          18  me3616.o(.rodata.str1.1)
    .L.str.135                               0x08005f5e   Data          17  me3616.o(.rodata.str1.1)
    .L.str.37                                0x08005f6f   Data           5  me3616.o(.rodata.str1.1)
    .L.str.36                                0x08005f74   Data           6  me3616.o(.rodata.str1.1)
    .L.str.19                                0x08005f78   Data           2  me3616.o(.rodata.str1.1)
    .L.str.136                               0x08005f7a   Data          15  me3616.o(.rodata.str1.1)
    .L.str.139                               0x08005f89   Data           9  me3616.o(.rodata.str1.1)
    .L.str.134                               0x08005f92   Data          14  me3616.o(.rodata.str1.1)
    .L.str.50                                0x08005fa0   Data           6  me3616.o(.rodata.str1.1)
    .L.str.10                                0x08005fa6   Data           5  me3616.o(.rodata.str1.1)
    .L.str.11                                0x08005fab   Data           6  me3616.o(.rodata.str1.1)
    .L.str.162                               0x08005fb1   Data           6  me3616.o(.rodata.str1.1)
    .L.str.25                                0x08005fb7   Data           5  me3616.o(.rodata.str1.1)
    .L.str.69                                0x08005fbc   Data           8  me3616.o(.rodata.str1.1)
    .L.str.94                                0x08005fc4   Data          10  me3616.o(.rodata.str1.1)
    .L.str.117                               0x08005fce   Data           7  me3616.o(.rodata.str1.1)
    .L.str.102                               0x08005fd5   Data           9  me3616.o(.rodata.str1.1)
    .L.str.39                                0x08005fde   Data           6  me3616.o(.rodata.str1.1)
    .L.str.49                                0x08005fe4   Data           7  me3616.o(.rodata.str1.1)
    .L.str.63                                0x08005feb   Data           6  me3616.o(.rodata.str1.1)
    .L.str.35                                0x08005ff1   Data           6  me3616.o(.rodata.str1.1)
    .L.str.47                                0x08005ff7   Data           8  me3616.o(.rodata.str1.1)
    .L.str                                   0x08005fff   Data           3  me3616.o(.rodata.str1.1)
    .L.str.2                                 0x08005fff   Data           3  me3616.o(.rodata.str1.1)
    .L.str.57                                0x08006002   Data           7  me3616.o(.rodata.str1.1)
    .L.str.107                               0x08006009   Data           9  me3616.o(.rodata.str1.1)
    .L.str.140                               0x08006012   Data          11  me3616.o(.rodata.str1.1)
    .L.str.52                                0x0800601d   Data          13  me3616.o(.rodata.str1.1)
    .L.str.54                                0x0800602a   Data          12  me3616.o(.rodata.str1.1)
    .L.str.70                                0x08006036   Data          11  me3616.o(.rodata.str1.1)
    .L.str.28                                0x08006041   Data           9  me3616.o(.rodata.str1.1)
    .L.str.116                               0x0800604a   Data           7  me3616.o(.rodata.str1.1)
    .L.str.59                                0x08006051   Data           6  me3616.o(.rodata.str1.1)
    .L.str.115                               0x08006057   Data           9  me3616.o(.rodata.str1.1)
    .L.str.108                               0x08006060   Data           9  me3616.o(.rodata.str1.1)
    .L.str.38                                0x08006069   Data           6  me3616.o(.rodata.str1.1)
    .L.str.17                                0x0800606f   Data           3  me3616.o(.rodata.str1.1)
    .L.str.98                                0x08006072   Data          12  me3616.o(.rodata.str1.1)
    .L.str.101                               0x0800607e   Data           8  me3616.o(.rodata.str1.1)
    .L.str.21                                0x08006084   Data           2  me3616.o(.rodata.str1.1)
    .L.str.74                                0x08006086   Data          12  me3616.o(.rodata.str1.1)
    .L.str.95                                0x08006092   Data          11  me3616.o(.rodata.str1.1)
    .L.str.83                                0x0800609d   Data          10  me3616.o(.rodata.str1.1)
    .L.str.76                                0x080060a7   Data           8  me3616.o(.rodata.str1.1)
    .L.str.26                                0x080060af   Data           6  me3616.o(.rodata.str1.1)
    .L.str.53                                0x080060b5   Data          14  me3616.o(.rodata.str1.1)
    .L.str.142                               0x080060c3   Data          10  me3616.o(.rodata.str1.1)
    .L.str.138                               0x080060cd   Data          12  me3616.o(.rodata.str1.1)
    .L.str.90                                0x080060d9   Data          14  me3616.o(.rodata.str1.1)
    .L.str.18                                0x080060e7   Data           2  me3616.o(.rodata.str1.1)
    .L.str.151                               0x080060e9   Data          31  me3616.o(.rodata.str1.1)
    .L.str.144                               0x08006108   Data           7  me3616.o(.rodata.str1.1)
    .L.str.156                               0x0800610f   Data           9  me3616.o(.rodata.str1.1)
    .L.str.141                               0x08006117   Data           1  me3616.o(.rodata.str1.1)
    [Anonymous Symbol]                       0x08006118   Section        0  me3616_app.o(.rodata.str1.1)
    .L.str.22                                0x08006118   Data          48  me3616_app.o(.rodata.str1.1)
    .L.str.6                                 0x0800613b   Data          25  me3616_app.o(.rodata.str1.1)
    .L.str                                   0x08006148   Data          16  me3616_app.o(.rodata.str1.1)
    .L.str.1                                 0x08006158   Data          16  me3616_app.o(.rodata.str1.1)
    .L.str.14                                0x08006168   Data          11  me3616_app.o(.rodata.str1.1)
    [Anonymous Symbol]                       0x08006173   Section        0  easyiot.o(.rodata.str1.1)
    .L.str.61                                0x08006173   Data          35  easyiot.o(.rodata.str1.1)
    .L.str.62                                0x08006196   Data          41  easyiot.o(.rodata.str1.1)
    .L.str.67                                0x080061bf   Data          67  easyiot.o(.rodata.str1.1)
    .L.str.66                                0x08006202   Data          33  easyiot.o(.rodata.str1.1)
    .L.str.41                                0x08006223   Data          53  easyiot.o(.rodata.str1.1)
    .L.str.42                                0x08006258   Data          43  easyiot.o(.rodata.str1.1)
    .L.str.35                                0x08006283   Data          27  easyiot.o(.rodata.str1.1)
    .L.str.36                                0x0800629e   Data          27  easyiot.o(.rodata.str1.1)
    .L.str.49                                0x080062b9   Data          55  easyiot.o(.rodata.str1.1)
    .L.str.24                                0x080062f0   Data          25  easyiot.o(.rodata.str1.1)
    .L.str.55                                0x08006309   Data          27  easyiot.o(.rodata.str1.1)
    .L.str.38                                0x08006324   Data          33  easyiot.o(.rodata.str1.1)
    .L.str.58                                0x08006345   Data          29  easyiot.o(.rodata.str1.1)
    .L.str.72                                0x08006362   Data          28  easyiot.o(.rodata.str1.1)
    .L.str.56                                0x0800637e   Data          21  easyiot.o(.rodata.str1.1)
    .L.str.70                                0x08006393   Data          29  easyiot.o(.rodata.str1.1)
    .L.str.54                                0x080063b0   Data          23  easyiot.o(.rodata.str1.1)
    .L.str.60                                0x080063c7   Data          11  easyiot.o(.rodata.str1.1)
    .L.str.37                                0x080063d2   Data          38  easyiot.o(.rodata.str1.1)
    .L.str.17                                0x080063f8   Data          46  easyiot.o(.rodata.str1.1)
    .L.str.28                                0x08006426   Data          41  easyiot.o(.rodata.str1.1)
    [Anonymous Symbol]                       0x0800644f   Section        0  usart.o(.rodata.str1.1)
    .L.str                                   0x0800644f   Data          15  usart.o(.rodata.str1.1)
    .data                                    0x20000000   Section        4  mvars.o(.data)
    .data                                    0x20000004   Section        4  mvars.o(.data)
    .data                                    0x20000008   Section        4  errno.o(.data)
    _errno                                   0x20000008   Data           4  errno.o(.data)
    [Anonymous Symbol]                       0x20000010   Section        0  me3616.o(.data..L_MergedGlobals)
    [Anonymous Symbol]                       0x20000060   Section        0  me3616_app.o(.data..L_MergedGlobals)
    [Anonymous Symbol]                       0x20000070   Section        0  me3616.o(.data..L_MergedGlobals.198)
    [Anonymous Symbol]                       0x200003f0   Section        0  easyiot.o(.bss..L_MergedGlobals)
    gl_loglevel                              0x200003f0   Data           1  easyiot.o(.bss..L_MergedGlobals)
    gl_timestampcb                           0x200003f4   Data           4  easyiot.o(.bss..L_MergedGlobals)
    gl_signalcb                              0x200003f8   Data           4  easyiot.o(.bss..L_MergedGlobals)
    gl_batterycb                             0x200003fc   Data           4  easyiot.o(.bss..L_MergedGlobals)
    gl_ackhandler                            0x20000400   Data           4  easyiot.o(.bss..L_MergedGlobals)
    cmd_handler_count                        0x20000404   Data           4  easyiot.o(.bss..L_MergedGlobals)
    gl_log_out                               0x20000408   Data           4  easyiot.o(.bss..L_MergedGlobals)
    gl_imei                                  0x2000040c   Data          20  easyiot.o(.bss..L_MergedGlobals)
    gl_imsi                                  0x20000420   Data          20  easyiot.o(.bss..L_MergedGlobals)
    [Anonymous Symbol]                       0x20000440   Section        0  usart.o(.bss..L_MergedGlobals)
    [Anonymous Symbol]                       0x20000480   Section        0  usart.o(.bss..L_MergedGlobals.1)
    [Anonymous Symbol]                       0x200004c0   Section        0  usart.o(.bss..L_MergedGlobals.2)
    [Anonymous Symbol]                       0x20000500   Section        0  easyiot.o(.bss..L_MergedGlobals.76)
    gl_cmd_handlers                          0x20000500   Data          64  easyiot.o(.bss..L_MergedGlobals.76)
    [Anonymous Symbol]                       0x20000b20   Section        0  easyiot.o(.bss.gl_nb_out)
    gl_nb_out                                0x20000b20   Data           4  easyiot.o(.bss.gl_nb_out)
    HEAP                                     0x20000cd0   Section     1024  startup_stm32l031xx.o(HEAP)
    STACK                                    0x200010d0   Section     1536  startup_stm32l031xx.o(STACK)

    Global Symbols

    Symbol Name                              Value     Ov Type        Size  Object(Section)

    BuildAttributes$$THM_ISAv3M$S$PE$A:L22$X:L11$S22$IEEE1$IW$~IW$USESV6$~STKCKD$USESV7$~SHL$OSPACE$ROPI$EBA8$MICROLIB$REQ8$PRES8$EABIv2 0x00000000   Number         0  anon$$obj.o ABSOLUTE
    _printf_a                                0x00000000   Number         0  stubs.o ABSOLUTE
    _printf_c                                0x00000000   Number         0  stubs.o ABSOLUTE
    _printf_charcount                        0x00000000   Number         0  stubs.o ABSOLUTE
    _printf_d                                0x00000000   Number         0  stubs.o ABSOLUTE
    _printf_e                                0x00000000   Number         0  stubs.o ABSOLUTE
    _printf_f                                0x00000000   Number         0  stubs.o ABSOLUTE
    _printf_flags                            0x00000000   Number         0  stubs.o ABSOLUTE
    _printf_fp_dec                           0x00000000   Number         0  stubs.o ABSOLUTE
    _printf_fp_hex                           0x00000000   Number         0  stubs.o ABSOLUTE
    _printf_g                                0x00000000   Number         0  stubs.o ABSOLUTE
    _printf_i                                0x00000000   Number         0  stubs.o ABSOLUTE
    _printf_int_dec                          0x00000000   Number         0  stubs.o ABSOLUTE
    _printf_l                                0x00000000   Number         0  stubs.o ABSOLUTE
    _printf_lc                               0x00000000   Number         0  stubs.o ABSOLUTE
    _printf_ll                               0x00000000   Number         0  stubs.o ABSOLUTE
    _printf_lld                              0x00000000   Number         0  stubs.o ABSOLUTE
    _printf_lli                              0x00000000   Number         0  stubs.o ABSOLUTE
    _printf_llo                              0x00000000   Number         0  stubs.o ABSOLUTE
    _printf_llu                              0x00000000   Number         0  stubs.o ABSOLUTE
    _printf_llx                              0x00000000   Number         0  stubs.o ABSOLUTE
    _printf_longlong_dec                     0x00000000   Number         0  stubs.o ABSOLUTE
    _printf_longlong_hex                     0x00000000   Number         0  stubs.o ABSOLUTE
    _printf_longlong_oct                     0x00000000   Number         0  stubs.o ABSOLUTE
    _printf_ls                               0x00000000   Number         0  stubs.o ABSOLUTE
    _printf_mbtowc                           0x00000000   Number         0  stubs.o ABSOLUTE
    _printf_n                                0x00000000   Number         0  stubs.o ABSOLUTE
    _printf_o                                0x00000000   Number         0  stubs.o ABSOLUTE
    _printf_p                                0x00000000   Number         0  stubs.o ABSOLUTE
    _printf_percent                          0x00000000   Number         0  stubs.o ABSOLUTE
    _printf_pre_padding                      0x00000000   Number         0  stubs.o ABSOLUTE
    _printf_return_value                     0x00000000   Number         0  stubs.o ABSOLUTE
    _printf_s                                0x00000000   Number         0  stubs.o ABSOLUTE
    _printf_sizespec                         0x00000000   Number         0  stubs.o ABSOLUTE
    _printf_str                              0x00000000   Number         0  stubs.o ABSOLUTE
    _printf_truncate_signed                  0x00000000   Number         0  stubs.o ABSOLUTE
    _printf_truncate_unsigned                0x00000000   Number         0  stubs.o ABSOLUTE
    _printf_u                                0x00000000   Number         0  stubs.o ABSOLUTE
    _printf_wc                               0x00000000   Number         0  stubs.o ABSOLUTE
    _printf_wctomb                           0x00000000   Number         0  stubs.o ABSOLUTE
    _printf_widthprec                        0x00000000   Number         0  stubs.o ABSOLUTE
    _printf_x                                0x00000000   Number         0  stubs.o ABSOLUTE
    __cpp_initialize__aeabi_                  - Undefined Weak Reference
    __cxa_finalize                            - Undefined Weak Reference
    _clock_init                               - Undefined Weak Reference
    _microlib_exit                            - Undefined Weak Reference
    __Vectors_Size                           0x000000c0   Number         0  startup_stm32l031xx.o ABSOLUTE
    __Vectors                                0x08000000   Data           4  startup_stm32l031xx.o(RESET)
    __Vectors_End                            0x080000c0   Data           0  startup_stm32l031xx.o(RESET)
    __main                                   0x080000c1   Thumb Code     0  entry.o(.ARM.Collect$$$$00000000)
    _main_stk                                0x080000c1   Thumb Code     0  entry2.o(.ARM.Collect$$$$00000001)
    _main_scatterload                        0x080000c5   Thumb Code     0  entry5.o(.ARM.Collect$$$$00000004)
    __main_after_scatterload                 0x080000c9   Thumb Code     0  entry5.o(.ARM.Collect$$$$00000004)
    _main_clock                              0x080000c9   Thumb Code     0  entry7b.o(.ARM.Collect$$$$00000008)
    _main_cpp_init                           0x080000c9   Thumb Code     0  entry8b.o(.ARM.Collect$$$$0000000A)
    _main_init                               0x080000c9   Thumb Code     0  entry9a.o(.ARM.Collect$$$$0000000B)
    __rt_final_cpp                           0x080000d1   Thumb Code     0  entry10a.o(.ARM.Collect$$$$0000000D)
    __rt_final_exit                          0x080000d1   Thumb Code     0  entry11a.o(.ARM.Collect$$$$0000000F)
    Reset_Handler                            0x080000d5   Thumb Code     8  startup_stm32l031xx.o(.text)
    ADC1_COMP_IRQHandler                     0x080000e7   Thumb Code     0  startup_stm32l031xx.o(.text)
    DMA1_Channel1_IRQHandler                 0x080000e7   Thumb Code     0  startup_stm32l031xx.o(.text)
    EXTI0_1_IRQHandler                       0x080000e7   Thumb Code     0  startup_stm32l031xx.o(.text)
    EXTI2_3_IRQHandler                       0x080000e7   Thumb Code     0  startup_stm32l031xx.o(.text)
    EXTI4_15_IRQHandler                      0x080000e7   Thumb Code     0  startup_stm32l031xx.o(.text)
    FLASH_IRQHandler                         0x080000e7   Thumb Code     0  startup_stm32l031xx.o(.text)
    I2C1_IRQHandler                          0x080000e7   Thumb Code     0  startup_stm32l031xx.o(.text)
    LPTIM1_IRQHandler                        0x080000e7   Thumb Code     0  startup_stm32l031xx.o(.text)
    PVD_IRQHandler                           0x080000e7   Thumb Code     0  startup_stm32l031xx.o(.text)
    RCC_IRQHandler                           0x080000e7   Thumb Code     0  startup_stm32l031xx.o(.text)
    RTC_IRQHandler                           0x080000e7   Thumb Code     0  startup_stm32l031xx.o(.text)
    SPI1_IRQHandler                          0x080000e7   Thumb Code     0  startup_stm32l031xx.o(.text)
    TIM21_IRQHandler                         0x080000e7   Thumb Code     0  startup_stm32l031xx.o(.text)
    TIM22_IRQHandler                         0x080000e7   Thumb Code     0  startup_stm32l031xx.o(.text)
    TIM2_IRQHandler                          0x080000e7   Thumb Code     0  startup_stm32l031xx.o(.text)
    WWDG_IRQHandler                          0x080000e7   Thumb Code     0  startup_stm32l031xx.o(.text)
    __aeabi_uidiv                            0x080000f1   Thumb Code     0  uidiv.o(.text)
    __aeabi_uidivmod                         0x080000f1   Thumb Code    44  uidiv.o(.text)
    __aeabi_uldivmod                         0x0800011d   Thumb Code    96  uldiv.o(.text)
    __aeabi_memcpy                           0x0800017d   Thumb Code    36  memcpya.o(.text)
    __aeabi_memcpy4                          0x0800017d   Thumb Code     0  memcpya.o(.text)
    __aeabi_memcpy8                          0x0800017d   Thumb Code     0  memcpya.o(.text)
    __aeabi_memset                           0x080001a1   Thumb Code    14  memseta.o(.text)
    __aeabi_memset4                          0x080001a1   Thumb Code     0  memseta.o(.text)
    __aeabi_memset8                          0x080001a1   Thumb Code     0  memseta.o(.text)
    __aeabi_memclr                           0x080001af   Thumb Code     4  memseta.o(.text)
    __aeabi_memclr4                          0x080001af   Thumb Code     0  memseta.o(.text)
    __aeabi_memclr8                          0x080001af   Thumb Code     0  memseta.o(.text)
    _memset$wrapper                          0x080001b3   Thumb Code    18  memseta.o(.text)
    strstr                                   0x080001c5   Thumb Code    40  strstr.o(.text)
    strncpy                                  0x080001ed   Thumb Code    26  strncpy.o(.text)
    strchr                                   0x08000207   Thumb Code    20  strchr.o(.text)
    strlen                                   0x0800021b   Thumb Code    14  strlen.o(.text)
    strcpy                                   0x08000229   Thumb Code    18  strcpy.o(.text)
    strncmp                                  0x0800023b   Thumb Code    30  strncmp.o(.text)
    atoi                                     0x08000259   Thumb Code    26  atoi.o(.text)
    __aeabi_llsl                             0x08000273   Thumb Code    32  llshl.o(.text)
    _ll_shift_l                              0x08000273   Thumb Code     0  llshl.o(.text)
    __aeabi_llsr                             0x08000293   Thumb Code    34  llushr.o(.text)
    _ll_ushift_r                             0x08000293   Thumb Code     0  llushr.o(.text)
    strtol                                   0x080002b5   Thumb Code   108  strtol.o(.text)
    __I$use$fp                               0x08000325   Thumb Code     0  iusefp.o(.text)
    __aeabi_dadd                             0x08000325   Thumb Code   328  dadd.o(.text)
    __aeabi_dsub                             0x0800046d   Thumb Code    12  dadd.o(.text)
    __aeabi_drsub                            0x08000479   Thumb Code    12  dadd.o(.text)
    __aeabi_dmul                             0x08000489   Thumb Code   202  dmul.o(.text)
    __aeabi_ddiv                             0x08000559   Thumb Code   234  ddiv.o(.text)
    __aeabi_d2ulz                            0x08000649   Thumb Code    54  dfixul.o(.text)
    __aeabi_cdrcmple                         0x08000689   Thumb Code    38  cdrcmple.o(.text)
    __scatterload                            0x080006b1   Thumb Code    28  init.o(.text)
    __scatterload_rt2                        0x080006b1   Thumb Code     0  init.o(.text)
    __aeabi_lasr                             0x080006d5   Thumb Code    38  llsshr.o(.text)
    _ll_sshift_r                             0x080006d5   Thumb Code     0  llsshr.o(.text)
    __rt_ctype_table                         0x080006fd   Thumb Code     4  ctype_o.o(.text)
    _strtoul                                 0x08000705   Thumb Code   166  _strtoul.o(.text)
    _double_round                            0x080007ab   Thumb Code    26  depilogue.o(.text)
    _double_epilogue                         0x080007c5   Thumb Code   164  depilogue.o(.text)
    _chval                                   0x08000869   Thumb Code    30  _chval.o(.text)
    __decompress                             0x08000887   Thumb Code     0  __dclz77c.o(.text)
    __decompress2                            0x08000887   Thumb Code    96  __dclz77c.o(.text)
    AT_ResultReport                          0x080008e9   Thumb Code    28  me3616.o(.text.AT_ResultReport)
    Active_Report                            0x080008fd   Thumb Code    96  me3616.o(.text.Active_Report)
    AddBuffer                                0x0800095d   Thumb Code   196  easyiot.o(.text.AddBuffer)
    AddInt32                                 0x08000a21   Thumb Code    22  easyiot.o(.text.AddInt32)
    AddInt8                                  0x08000a37   Thumb Code    22  easyiot.o(.text.AddInt8)
    CFUN_Callback                            0x08000a4d   Thumb Code   104  me3616.o(.text.CFUN_Callback)
    CME_Callback                             0x08000aad   Thumb Code    36  me3616.o(.text.CME_Callback)
    CPIN_Callback                            0x08000ad1   Thumb Code   112  me3616.o(.text.CPIN_Callback)
    Check_Response                           0x08000b41   Thumb Code   200  me3616.o(.text.Check_Response)
    Clear_Sys_State                          0x08000c09   Thumb Code     8  me3616.o(.text.Clear_Sys_State)
    CoapHexInputStatic                       0x08000c11   Thumb Code   208  easyiot.o(.text.CoapHexInputStatic)
    CoapInput                                0x08000ce1   Thumb Code   364  easyiot.o(.text.CoapInput)
    CoapOutput                               0x08000e4d   Thumb Code    44  easyiot.o(.text.CoapOutput)
    Command_Response                         0x08000e79   Thumb Code   260  me3616_app.o(.text.Command_Response)
    DBG_Forward                              0x08000f7d   Thumb Code   128  me3616_if.o(.text.DBG_Forward)
    DBG_Print                                0x08000ff9   Thumb Code   148  me3616.o(.text.DBG_Print)
    DMA1_Channel2_3_IRQHandler               0x08001089   Thumb Code    16  stm32l0xx_it.o(.text.DMA1_Channel2_3_IRQHandler)
    DMA1_Channel4_5_6_7_IRQHandler           0x08001099   Thumb Code    24  stm32l0xx_it.o(.text.DMA1_Channel4_5_6_7_IRQHandler)
    ECOAPNMI_Callback                        0x080010b1   Thumb Code    40  me3616.o(.text.ECOAPNMI_Callback)
    EMQDISCON_Callback                       0x080010d9   Thumb Code    44  me3616.o(.text.EMQDISCON_Callback)
    EMQPUB_Callback                          0x08001105   Thumb Code    40  me3616.o(.text.EMQPUB_Callback)
    ESODATA_Callback                         0x0800112d   Thumb Code    40  me3616.o(.text.ESODATA_Callback)
    ESONMI_Callback                          0x08001155   Thumb Code    40  me3616.o(.text.ESONMI_Callback)
    EasyIotInit                              0x0800117d   Thumb Code   276  easyiot.o(.text.EasyIotInit)
    FreeMessage                              0x08001291   Thumb Code    88  easyiot.o(.text.FreeMessage)
    FreeTLV                                  0x080012e9   Thumb Code    48  easyiot.o(.text.FreeTLV)
    GetInt8                                  0x08001319   Thumb Code    52  easyiot.o(.text.GetInt8)
    Get_AT_State                             0x0800134d   Thumb Code     4  me3616.o(.text.Get_AT_State)
    Get_Last_AT_CMD                          0x08001351   Thumb Code     4  me3616.o(.text.Get_Last_AT_CMD)
    Get_Sys_State                            0x08001355   Thumb Code    14  me3616.o(.text.Get_Sys_State)
    HAL_DMA_Abort_IT                         0x08001365   Thumb Code   164  stm32l0xx_hal_dma.o(.text.HAL_DMA_Abort_IT)
    HAL_DMA_IRQHandler                       0x080013f5   Thumb Code   600  stm32l0xx_hal_dma.o(.text.HAL_DMA_IRQHandler)
    HAL_DMA_Init                             0x08001639   Thumb Code   284  stm32l0xx_hal_dma.o(.text.HAL_DMA_Init)
    HAL_DMA_Start_IT                         0x08001755   Thumb Code    90  stm32l0xx_hal_dma.o(.text.HAL_DMA_Start_IT)
    HAL_Delay                                0x080017af   Thumb Code    24  stm32l0xx_hal.o(.text.HAL_Delay)
    HAL_GPIO_Init                            0x080017c9   Thumb Code   452  stm32l0xx_hal_gpio.o(.text.HAL_GPIO_Init)
    HAL_GPIO_ReadPin                         0x08001989   Thumb Code    14  stm32l0xx_hal_gpio.o(.text.HAL_GPIO_ReadPin)
    HAL_GPIO_WritePin                        0x08001997   Thumb Code    16  stm32l0xx_hal_gpio.o(.text.HAL_GPIO_WritePin)
    HAL_GetTick                              0x080019a9   Thumb Code    12  stm32l0xx_hal.o(.text.HAL_GetTick)
    HAL_IncTick                              0x080019b1   Thumb Code    16  stm32l0xx_hal.o(.text.HAL_IncTick)
    HAL_Init                                 0x080019c1   Thumb Code    40  stm32l0xx_hal.o(.text.HAL_Init)
    HAL_InitTick                             0x080019e9   Thumb Code    40  stm32l0xx_hal.o(.text.HAL_InitTick)
    HAL_MspInit                              0x08001a11   Thumb Code    64  stm32l0xx_hal_msp.o(.text.HAL_MspInit)
    HAL_NVIC_EnableIRQ                       0x08001a51   Thumb Code    20  stm32l0xx_hal_cortex.o(.text.HAL_NVIC_EnableIRQ)
    HAL_NVIC_SetPriority                     0x08001a65   Thumb Code     8  stm32l0xx_hal_cortex.o(.text.HAL_NVIC_SetPriority)
    HAL_RCCEx_GetPeriphCLKFreq               0x08001a6d   Thumb Code   260  stm32l0xx_hal_rcc_ex.o(.text.HAL_RCCEx_GetPeriphCLKFreq)
    HAL_RCCEx_PeriphCLKConfig                0x08001b69   Thumb Code   376  stm32l0xx_hal_rcc_ex.o(.text.HAL_RCCEx_PeriphCLKConfig)
    HAL_RCC_ClockConfig                      0x08001cdd   Thumb Code   408  stm32l0xx_hal_rcc.o(.text.HAL_RCC_ClockConfig)
    HAL_RCC_GetHCLKFreq                      0x08001e6d   Thumb Code    12  stm32l0xx_hal_rcc.o(.text.HAL_RCC_GetHCLKFreq)
    HAL_RCC_GetPCLK1Freq                     0x08001e75   Thumb Code    36  stm32l0xx_hal_rcc.o(.text.HAL_RCC_GetPCLK1Freq)
    HAL_RCC_GetSysClockFreq                  0x08001e99   Thumb Code   128  stm32l0xx_hal_rcc.o(.text.HAL_RCC_GetSysClockFreq)
    HAL_RCC_OscConfig                        0x08001f19   Thumb Code  1168  stm32l0xx_hal_rcc.o(.text.HAL_RCC_OscConfig)
    HAL_SYSTICK_CLKSourceConfig              0x080023a5   Thumb Code    28  stm32l0xx_hal_cortex.o(.text.HAL_SYSTICK_CLKSourceConfig)
    HAL_SYSTICK_Callback                     0x080023bd   Thumb Code     2  stm32l0xx_hal_cortex.o(.text.HAL_SYSTICK_Callback)
    HAL_SYSTICK_Config                       0x080023c1   Thumb Code    52  stm32l0xx_hal_cortex.o(.text.HAL_SYSTICK_Config)
    HAL_SYSTICK_IRQHandler                   0x080023f5   Thumb Code     8  stm32l0xx_hal_cortex.o(.text.HAL_SYSTICK_IRQHandler)
    HAL_UARTEx_WakeupCallback                0x080023fd   Thumb Code     2  stm32l0xx_hal_uart_ex.o(.text.HAL_UARTEx_WakeupCallback)
    HAL_UART_AbortReceiveCpltCallback        0x08002401   Thumb Code   100  me3616_if.o(.text.HAL_UART_AbortReceiveCpltCallback)
    HAL_UART_AbortReceive_IT                 0x08002465   Thumb Code    96  stm32l0xx_hal_uart.o(.text.HAL_UART_AbortReceive_IT)
    HAL_UART_ErrorCallback                   0x080024c5   Thumb Code    32  me3616_if.o(.text.HAL_UART_ErrorCallback)
    HAL_UART_IRQHandler                      0x080024e5   Thumb Code   420  stm32l0xx_hal_uart.o(.text.HAL_UART_IRQHandler)
    HAL_UART_Init                            0x08002685   Thumb Code   110  stm32l0xx_hal_uart.o(.text.HAL_UART_Init)
    HAL_UART_MspInit                         0x080026f5   Thumb Code   336  usart.o(.text.HAL_UART_MspInit)
    HAL_UART_Receive_DMA                     0x08002845   Thumb Code   160  stm32l0xx_hal_uart.o(.text.HAL_UART_Receive_DMA)
    HAL_UART_Receive_IT                      0x080028e1   Thumb Code   188  stm32l0xx_hal_uart.o(.text.HAL_UART_Receive_IT)
    HAL_UART_RxCpltCallback                  0x0800299d   Thumb Code     2  stm32l0xx_hal_uart.o(.text.HAL_UART_RxCpltCallback)
    HAL_UART_RxHalfCpltCallback              0x0800299f   Thumb Code     2  stm32l0xx_hal_uart.o(.text.HAL_UART_RxHalfCpltCallback)
    HAL_UART_Transmit_DMA                    0x080029a1   Thumb Code   152  stm32l0xx_hal_uart.o(.text.HAL_UART_Transmit_DMA)
    HAL_UART_TxCpltCallback                  0x08002a39   Thumb Code     2  stm32l0xx_hal_uart.o(.text.HAL_UART_TxCpltCallback)
    HAL_UART_TxHalfCpltCallback              0x08002a3b   Thumb Code     2  stm32l0xx_hal_uart.o(.text.HAL_UART_TxHalfCpltCallback)
    HardFault_Handler                        0x08002a3d   Thumb Code     2  stm32l0xx_it.o(.text.HardFault_Handler)
    Hex2Str                                  0x08002a41   Thumb Code    48  me3616.o(.text.Hex2Str)
    IPERF_Callback                           0x08002a71   Thumb Code    40  me3616.o(.text.IPERF_Callback)
    IP_Callback                              0x08002a99   Thumb Code   176  me3616.o(.text.IP_Callback)
    Init_UART_CM                             0x08002b41   Thumb Code    50  me3616_if.o(.text.Init_UART_CM)
    LPUART1_IRQHandler                       0x08002b75   Thumb Code    40  stm32l0xx_it.o(.text.LPUART1_IRQHandler)
    Logging                                  0x08002b95   Thumb Code    64  easyiot.o(.text.Logging)
    M2MCLIRECV_Callback                      0x08002bd5   Thumb Code    60  me3616_app.o(.text.M2MCLIRECV_Callback)
    M2MCLI_Callback                          0x08002c11   Thumb Code   232  me3616.o(.text.M2MCLI_Callback)
    MATREADY_Callback                        0x08002cf9   Thumb Code   108  me3616.o(.text.MATREADY_Callback)
    ME3616_APP                               0x08002d65   Thumb Code    18  me3616_app.o(.text.ME3616_APP)
    ME3616_APP_ErrorHandler                  0x08002d79   Thumb Code    24  me3616_app.o(.text.ME3616_APP_ErrorHandler)
    ME3616_ErrorHandler                      0x08002d8d   Thumb Code    28  me3616.o(.text.ME3616_ErrorHandler)
    ME3616_IF_ErrorHandler                   0x08002da5   Thumb Code    24  me3616_if.o(.text.ME3616_IF_ErrorHandler)
    ME3616_Init                              0x08002dbd   Thumb Code   248  me3616.o(.text.ME3616_Init)
    ME3616_PowerOn                           0x08002eb5   Thumb Code    40  me3616_if.o(.text.ME3616_PowerOn)
    ME3616_Reset                             0x08002ed9   Thumb Code    40  me3616_if.o(.text.ME3616_Reset)
    ME3616_Send_AT_Command                   0x08002f01   Thumb Code   636  me3616.o(.text.ME3616_Send_AT_Command)
    ME3616_String_Receive                    0x0800317d   Thumb Code   344  me3616.o(.text.ME3616_String_Receive)
    MIPLDISCOVER_Callback                    0x080032d5   Thumb Code    44  me3616.o(.text.MIPLDISCOVER_Callback)
    MIPLEVENT_Callback                       0x08003301   Thumb Code    44  me3616.o(.text.MIPLEVENT_Callback)
    MIPLOBSERVE_Callback                     0x0800332d   Thumb Code    44  me3616.o(.text.MIPLOBSERVE_Callback)
    MIPLPARAMETER_Callback                   0x08003359   Thumb Code    48  me3616.o(.text.MIPLPARAMETER_Callback)
    MIPLREAD_Callback                        0x08003389   Thumb Code    40  me3616.o(.text.MIPLREAD_Callback)
    MIPLWRITE_Callback                       0x080033b1   Thumb Code    44  me3616.o(.text.MIPLWRITE_Callback)
    MX_DMA_Init                              0x080033dd   Thumb Code    64  dma.o(.text.MX_DMA_Init)
    MX_GPIO_Init                             0x0800341d   Thumb Code   100  gpio.o(.text.MX_GPIO_Init)
    MX_LPUART1_UART_Init                     0x08003481   Thumb Code    64  usart.o(.text.MX_LPUART1_UART_Init)
    MX_USART2_UART_Init                      0x080034bd   Thumb Code    64  usart.o(.text.MX_USART2_UART_Init)
    MessageDeserializeBodyData               0x080034fd   Thumb Code   180  easyiot.o(.text.MessageDeserializeBodyData)
    MessagesDeserialize                      0x080035b1   Thumb Code   272  easyiot.o(.text.MessagesDeserialize)
    MessagesSerialize                        0x080036c1   Thumb Code   212  easyiot.o(.text.MessagesSerialize)
    MessagesStaticMalloc                     0x08003795   Thumb Code   112  easyiot.o(.text.MessagesStaticMalloc)
    NMI_Handler                              0x08003805   Thumb Code     2  stm32l0xx_it.o(.text.NMI_Handler)
    NewMessageStatic                         0x08003849   Thumb Code   164  easyiot.o(.text.NewMessageStatic)
    NewTLV                                   0x080038ed   Thumb Code    40  easyiot.o(.text.NewTLV)
    NewTLVStatic                             0x08003915   Thumb Code    68  easyiot.o(.text.NewTLVStatic)
    PendSV_Handler                           0x08003959   Thumb Code     2  stm32l0xx_it.o(.text.PendSV_Handler)
    RxHandler                                0x080039c1   Thumb Code    52  me3616.o(.text.RxHandler)
    SVC_Handler                              0x080039f5   Thumb Code     2  stm32l0xx_it.o(.text.SVC_Handler)
    SendtoDBG                                0x080039f7   Thumb Code    10  me3616_app.o(.text.SendtoDBG)
    SendtoModule                             0x08003a01   Thumb Code   116  me3616_app.o(.text.SendtoModule)
    SerializeBody                            0x08003a75   Thumb Code   128  easyiot.o(.text.SerializeBody)
    Set_AT_Info                              0x08003af5   Thumb Code    24  me3616.o(.text.Set_AT_Info)
    Set_Last_AT_CMD_None                     0x08003b0d   Thumb Code     6  me3616.o(.text.Set_Last_AT_CMD_None)
    Set_Sys_State                            0x08003b13   Thumb Code     8  me3616.o(.text.Set_Sys_State)
    State_Hex2Str                            0x08003b1d   Thumb Code    16  me3616.o(.text.State_Hex2Str)
    SysTick_Handler                          0x08003b2d   Thumb Code    12  stm32l0xx_it.o(.text.SysTick_Handler)
    SystemClock_Config                       0x08003b39   Thumb Code   128  main.o(.text.SystemClock_Config)
    SystemInit                               0x08003bb9   Thumb Code    80  system_stm32l0xx.o(.text.SystemInit)
    TLVSerialize                             0x08003c09   Thumb Code   212  easyiot.o(.text.TLVSerialize)
    UART_AT_Receive                          0x08003cdd   Thumb Code    20  me3616_if.o(.text.UART_AT_Receive)
    UART_AT_Send                             0x08003cf1   Thumb Code   188  me3616_if.o(.text.UART_AT_Send)
    UART_AdvFeatureConfig                    0x08003dad   Thumb Code   170  stm32l0xx_hal_uart.o(.text.UART_AdvFeatureConfig)
    UART_CheckIdleState                      0x08003e59   Thumb Code   112  stm32l0xx_hal_uart.o(.text.UART_CheckIdleState)
    UART_SetConfig                           0x08004065   Thumb Code   556  stm32l0xx_hal_uart.o(.text.UART_SetConfig)
    UART_WaitOnFlagUntilTimeout              0x08004291   Thumb Code    94  stm32l0xx_hal_uart.o(.text.UART_WaitOnFlagUntilTimeout)
    USART2_IRQHandler                        0x080042f1   Thumb Code    40  stm32l0xx_it.o(.text.USART2_IRQHandler)
    UnknowActiveReport_Callback              0x08004319   Thumb Code    52  me3616.o(.text.UnknowActiveReport_Callback)
    UserCmdReqMsgDeserialize                 0x0800434d   Thumb Code   204  easyiot.o(.text.UserCmdReqMsgDeserialize)
    UserCmdRspMsgSerialize                   0x08004419   Thumb Code   160  easyiot.o(.text.UserCmdRspMsgSerialize)
    UserUpMsgSerialize                       0x080044a9   Thumb Code   484  easyiot.o(.text.UserUpMsgSerialize)
    Wait_AT_Response                         0x0800468d   Thumb Code    72  me3616_if.o(.text.Wait_AT_Response)
    Wait_AT_SendReady                        0x080046d5   Thumb Code    60  me3616_if.o(.text.Wait_AT_SendReady)
    ZGPSR_Callback                           0x08004711   Thumb Code    40  me3616.o(.text.ZGPSR_Callback)
    _Error_Handler                           0x08004739   Thumb Code     2  main.o(.text._Error_Handler)
    a2b_hex                                  0x0800473d   Thumb Code   172  easyiot.o(.text.a2b_hex)
    ack_handler                              0x080047e9   Thumb Code    32  me3616_app.o(.text.ack_handler)
    cmd_handler_callback                     0x08004809   Thumb Code   116  me3616_app.o(.text.cmd_handler_callback)
    getBattery                               0x08004875   Thumb Code    12  me3616_app.o(.text.getBattery)
    getSignal                                0x0800487d   Thumb Code    12  me3616_app.o(.text.getSignal)
    getTimestamp                             0x08004885   Thumb Code    10  me3616_app.o(.text.getTimestamp)
    get_tlv_from_msg                         0x08004891   Thumb Code   172  easyiot.o(.text.get_tlv_from_msg)
    host2NetDouble                           0x0800493d   Thumb Code    38  easyiot.o(.text.host2NetDouble)
    main                                     0x08004965   Thumb Code   212  main.o(.text.main)
    me3616_test_easyiot                      0x08004a39   Thumb Code   660  me3616_app.o(.text.me3616_test_easyiot)
    pushMessageStackedBuffer                 0x08004ccd   Thumb Code    64  easyiot.o(.text.pushMessageStackedBuffer)
    pushMessageStatic                        0x08004d05   Thumb Code    76  easyiot.o(.text.pushMessageStatic)
    pushMessages                             0x08004d51   Thumb Code   100  easyiot.o(.text.pushMessages)
    setAckHandler                            0x08004db5   Thumb Code    52  easyiot.o(.text.setAckHandler)
    setBatteryCb                             0x08004de5   Thumb Code    56  easyiot.o(.text.setBatteryCb)
    setCmdHandler                            0x08004e19   Thumb Code   220  easyiot.o(.text.setCmdHandler)
    setLogSerialOutputCb                     0x08004ef5   Thumb Code    68  easyiot.o(.text.setLogSerialOutputCb)
    setMessages                              0x08004f35   Thumb Code    68  easyiot.o(.text.setMessages)
    setNbSerialOutputCb                      0x08004f79   Thumb Code    64  easyiot.o(.text.setNbSerialOutputCb)
    setSignalCb                              0x08004fb9   Thumb Code    56  easyiot.o(.text.setSignalCb)
    setsTimestampCb                          0x08004fed   Thumb Code    56  easyiot.o(.text.setsTimestampCb)
    value_serialize                          0x08005025   Thumb Code   126  easyiot.o(.text.value_serialize)
    __0sprintf                               0x080050a5   Thumb Code    36  printfa.o(i.__0sprintf)
    __1sprintf                               0x080050a5   Thumb Code     0  printfa.o(i.__0sprintf)
    __2sprintf                               0x080050a5   Thumb Code     0  printfa.o(i.__0sprintf)
    __c89sprintf                             0x080050a5   Thumb Code     0  printfa.o(i.__0sprintf)
    sprintf                                  0x080050a5   Thumb Code     0  printfa.o(i.__0sprintf)
    __0vsprintf                              0x080050cd   Thumb Code    30  printfa.o(i.__0vsprintf)
    __1vsprintf                              0x080050cd   Thumb Code     0  printfa.o(i.__0vsprintf)
    __2vsprintf                              0x080050cd   Thumb Code     0  printfa.o(i.__0vsprintf)
    __c89vsprintf                            0x080050cd   Thumb Code     0  printfa.o(i.__0vsprintf)
    vsprintf                                 0x080050cd   Thumb Code     0  printfa.o(i.__0vsprintf)
    __ARM_clz                                0x080050f1   Thumb Code    46  depilogue.o(i.__ARM_clz)
    __aeabi_errno_addr                       0x08005121   Thumb Code     4  errno.o(i.__aeabi_errno_addr)
    __rt_errno_addr                          0x08005121   Thumb Code     0  errno.o(i.__aeabi_errno_addr)
    __scatterload_copy                       0x08005129   Thumb Code    14  handlers.o(i.__scatterload_copy)
    __scatterload_null                       0x08005137   Thumb Code     2  handlers.o(i.__scatterload_null)
    __scatterload_zeroinit                   0x08005139   Thumb Code    14  handlers.o(i.__scatterload_zeroinit)
    free                                     0x08005a01   Thumb Code    80  malloc.o(i.free)
    malloc                                   0x08005a55   Thumb Code    92  malloc.o(i.malloc)
    __ctype_table                            0x08005ac0   Data         129  ctype_o.o(.constdata)
    AHBPrescTable                            0x08005b58   Data          16  system_stm32l0xx.o(.rodata.AHBPrescTable)
    APBPrescTable                            0x08005b68   Data           8  system_stm32l0xx.o(.rodata.APBPrescTable)
    PLLMulTable                              0x08005b70   Data           9  system_stm32l0xx.o(.rodata.PLLMulTable)
    Region$$Table$$Base                      0x08006460   Number         0  anon$$obj.o(Region$$Table)
    Region$$Table$$Limit                     0x08006480   Number         0  anon$$obj.o(Region$$Table)
    __microlib_freelist                      0x20000000   Data           4  mvars.o(.data)
    __microlib_freelist_initialised          0x20000004   Data           4  mvars.o(.data)
    AT_Report_String                         0x20000010   Data          80  me3616.o(.data..L_MergedGlobals)
    Battery_val                              0x20000060   Data           1  me3616_app.o(.data..L_MergedGlobals)
    last_dtag_mid                            0x20000062   Data           2  me3616_app.o(.data..L_MergedGlobals)
    client_imei                              0x20000064   Data           4  me3616_app.o(.data..L_MergedGlobals)
    client_imsi                              0x20000068   Data           4  me3616_app.o(.data..L_MergedGlobals)
    Signal_val                               0x2000006c   Data           4  me3616_app.o(.data..L_MergedGlobals)
    AT_Report_Entry                          0x20000070   Data          80  me3616.o(.data..L_MergedGlobals.198)
    AT_CMD_String                            0x200000c0   Data         548  me3616.o(.data.AT_CMD_String)
    SystemCoreClock                          0x200002e4   Data           4  system_stm32l0xx.o(.data.SystemCoreClock)
    receive_buff                             0x200002e8   Data         250  me3616_app.o(.data.receive_buff)
    hdma_lpuart1_tx                          0x20000440   Data          64  usart.o(.bss..L_MergedGlobals)
    hdma_usart2_rx                           0x20000480   Data          64  usart.o(.bss..L_MergedGlobals.1)
    hdma_usart2_tx                           0x200004c0   Data          64  usart.o(.bss..L_MergedGlobals.2)
    ME3616_Instance                          0x20000540   Data        1104  me3616.o(.bss.ME3616_Instance)
    cmd_ack_buff                             0x20000990   Data         200  me3616_app.o(.bss.cmd_ack_buff)
    convert_buff                             0x20000a58   Data         200  me3616_app.o(.bss.convert_buff)
    hlpuart1                                 0x20000b24   Data         112  usart.o(.bss.hlpuart1)
    huart2                                   0x20000b94   Data         112  usart.o(.bss.huart2)
    msg_buff                                 0x20000c04   Data         200  me3616_app.o(.bss.msg_buff)
    uwTick                                   0x20000ccc   Data           4  stm32l0xx_hal.o(.bss.uwTick)
    __heap_base                              0x20000cd0   Data           0  startup_stm32l031xx.o(HEAP)
    __heap_limit                             0x200010d0   Data           0  startup_stm32l031xx.o(HEAP)
    __initial_sp                             0x200016d0   Data           0  startup_stm32l031xx.o(STACK)



==============================================================================

Memory Map of the image

  Image Entry point : 0x080000c1

  Load Region LR_IROM1 (Base: 0x08000000, Size: 0x00006870, Max: 0x00008000, ABSOLUTE, COMPRESSED[0x000066a0])

    Execution Region ER_IROM1 (Exec base: 0x08000000, Load base: 0x08000000, Size: 0x00006480, Max: 0x00008000, ABSOLUTE)

    Exec Addr    Load Addr    Size         Type   Attr      Idx    E Section Name        Object

    0x08000000   0x08000000   0x000000c0   Data   RO            3    RESET               startup_stm32l031xx.o
    0x080000c0   0x080000c0   0x00000000   Code   RO         1208  * .ARM.Collect$$$$00000000  mc_p.l(entry.o)
    0x080000c0   0x080000c0   0x00000004   Code   RO         1526    .ARM.Collect$$$$00000001  mc_p.l(entry2.o)
    0x080000c4   0x080000c4   0x00000004   Code   RO         1529    .ARM.Collect$$$$00000004  mc_p.l(entry5.o)
    0x080000c8   0x080000c8   0x00000000   Code   RO         1531    .ARM.Collect$$$$00000008  mc_p.l(entry7b.o)
    0x080000c8   0x080000c8   0x00000000   Code   RO         1533    .ARM.Collect$$$$0000000A  mc_p.l(entry8b.o)
    0x080000c8   0x080000c8   0x00000008   Code   RO         1534    .ARM.Collect$$$$0000000B  mc_p.l(entry9a.o)
    0x080000d0   0x080000d0   0x00000000   Code   RO         1536    .ARM.Collect$$$$0000000D  mc_p.l(entry10a.o)
    0x080000d0   0x080000d0   0x00000000   Code   RO         1538    .ARM.Collect$$$$0000000F  mc_p.l(entry11a.o)
    0x080000d0   0x080000d0   0x00000004   Code   RO         1527    .ARM.Collect$$$$00002712  mc_p.l(entry2.o)
    0x080000d4   0x080000d4   0x0000001c   Code   RO            4    .text               startup_stm32l031xx.o
    0x080000f0   0x080000f0   0x0000002c   Code   RO         1211    .text               mc_p.l(uidiv.o)
    0x0800011c   0x0800011c   0x00000060   Code   RO         1213    .text               mc_p.l(uldiv.o)
    0x0800017c   0x0800017c   0x00000024   Code   RO         1217    .text               mc_p.l(memcpya.o)
    0x080001a0   0x080001a0   0x00000024   Code   RO         1219    .text               mc_p.l(memseta.o)
    0x080001c4   0x080001c4   0x00000028   Code   RO         1221    .text               mc_p.l(strstr.o)
    0x080001ec   0x080001ec   0x0000001a   Code   RO         1223    .text               mc_p.l(strncpy.o)
    0x08000206   0x08000206   0x00000014   Code   RO         1225    .text               mc_p.l(strchr.o)
    0x0800021a   0x0800021a   0x0000000e   Code   RO         1227    .text               mc_p.l(strlen.o)
    0x08000228   0x08000228   0x00000012   Code   RO         1229    .text               mc_p.l(strcpy.o)
    0x0800023a   0x0800023a   0x0000001e   Code   RO         1231    .text               mc_p.l(strncmp.o)
    0x08000258   0x08000258   0x0000001a   Code   RO         1524    .text               mc_p.l(atoi.o)
    0x08000272   0x08000272   0x00000020   Code   RO         1545    .text               mc_p.l(llshl.o)
    0x08000292   0x08000292   0x00000022   Code   RO         1547    .text               mc_p.l(llushr.o)
    0x080002b4   0x080002b4   0x00000070   Code   RO         1558    .text               mc_p.l(strtol.o)
    0x08000324   0x08000324   0x00000000   Code   RO         1560    .text               mc_p.l(iusefp.o)
    0x08000324   0x08000324   0x00000164   Code   RO         1561    .text               mf_p.l(dadd.o)
    0x08000488   0x08000488   0x000000d0   Code   RO         1563    .text               mf_p.l(dmul.o)
    0x08000558   0x08000558   0x000000f0   Code   RO         1565    .text               mf_p.l(ddiv.o)
    0x08000648   0x08000648   0x00000040   Code   RO         1567    .text               mf_p.l(dfixul.o)
    0x08000688   0x08000688   0x00000028   Code   RO         1569    .text               mf_p.l(cdrcmple.o)
    0x080006b0   0x080006b0   0x00000024   Code   RO         1571    .text               mc_p.l(init.o)
    0x080006d4   0x080006d4   0x00000026   Code   RO         1574    .text               mc_p.l(llsshr.o)
    0x080006fa   0x080006fa   0x00000002   PAD
    0x080006fc   0x080006fc   0x00000008   Code   RO         1576    .text               mc_p.l(ctype_o.o)
    0x08000704   0x08000704   0x000000a6   Code   RO         1604    .text               mc_p.l(_strtoul.o)
    0x080007aa   0x080007aa   0x000000be   Code   RO         1607    .text               mf_p.l(depilogue.o)
    0x08000868   0x08000868   0x0000001e   Code   RO         1611    .text               mc_p.l(_chval.o)
    0x08000886   0x08000886   0x00000060   Code   RO         1621    .text               mc_p.l(__dclz77c.o)
    0x080008e6   0x080008e6   0x00000002   PAD
    0x080008e8   0x080008e8   0x00000014   Code   RO           75    .text.AT_ResultReport  me3616.o
    0x080008fc   0x080008fc   0x00000060   Code   RO           81    .text.Active_Report  me3616.o
    0x0800095c   0x0800095c   0x000000c4   Code   RO          251    .text.AddBuffer     easyiot.o
    0x08000a20   0x08000a20   0x00000016   Code   RO          261    .text.AddInt32      easyiot.o
    0x08000a36   0x08000a36   0x00000016   Code   RO          257    .text.AddInt8       easyiot.o
    0x08000a4c   0x08000a4c   0x00000060   Code   RO           13    .text.CFUN_Callback  me3616.o
    0x08000aac   0x08000aac   0x00000024   Code   RO           77    .text.CME_Callback  me3616.o
    0x08000ad0   0x08000ad0   0x00000070   Code   RO           15    .text.CPIN_Callback  me3616.o
    0x08000b40   0x08000b40   0x000000c8   Code   RO           73    .text.Check_Response  me3616.o
    0x08000c08   0x08000c08   0x00000008   Code   RO           59    .text.Clear_Sys_State  me3616.o
    0x08000c10   0x08000c10   0x000000d0   Code   RO          349    .text.CoapHexInputStatic  easyiot.o
    0x08000ce0   0x08000ce0   0x0000016c   Code   RO          341    .text.CoapInput     easyiot.o
    0x08000e4c   0x08000e4c   0x0000002c   Code   RO          335    .text.CoapOutput    easyiot.o
    0x08000e78   0x08000e78   0x00000104   Code   RO          119    .text.Command_Response  me3616_app.o
    0x08000f7c   0x08000f7c   0x0000007c   Code   RO          180    .text.DBG_Forward   me3616_if.o
    0x08000ff8   0x08000ff8   0x00000090   Code   RO           49    .text.DBG_Print     me3616.o
    0x08001088   0x08001088   0x00000010   Code   RO          445    .text.DMA1_Channel2_3_IRQHandler  stm32l0xx_it.o
    0x08001098   0x08001098   0x00000018   Code   RO          447    .text.DMA1_Channel4_5_6_7_IRQHandler  stm32l0xx_it.o
    0x080010b0   0x080010b0   0x00000028   Code   RO           27    .text.ECOAPNMI_Callback  me3616.o
    0x080010d8   0x080010d8   0x0000002c   Code   RO           23    .text.EMQDISCON_Callback  me3616.o
    0x08001104   0x08001104   0x00000028   Code   RO           25    .text.EMQPUB_Callback  me3616.o
    0x0800112c   0x0800112c   0x00000028   Code   RO           21    .text.ESODATA_Callback  me3616.o
    0x08001154   0x08001154   0x00000028   Code   RO           19    .text.ESONMI_Callback  me3616.o
    0x0800117c   0x0800117c   0x00000114   Code   RO          197    .text.EasyIotInit   easyiot.o
    0x08001290   0x08001290   0x00000058   Code   RO          223    .text.FreeMessage   easyiot.o
    0x080012e8   0x080012e8   0x00000030   Code   RO          225    .text.FreeTLV       easyiot.o
    0x08001318   0x08001318   0x00000034   Code   RO          275    .text.GetInt8       easyiot.o
    0x0800134c   0x0800134c   0x00000004   Code   RO           67    .text.Get_AT_State  me3616.o
    0x08001350   0x08001350   0x00000004   Code   RO           61    .text.Get_Last_AT_CMD  me3616.o
    0x08001354   0x08001354   0x0000000e   Code   RO           57    .text.Get_Sys_State  me3616.o
    0x08001362   0x08001362   0x00000002   PAD
    0x08001364   0x08001364   0x00000090   Code   RO         1062    .text.HAL_DMA_Abort_IT  stm32l0xx_hal_dma.o
    0x080013f4   0x080013f4   0x00000244   Code   RO         1066    .text.HAL_DMA_IRQHandler  stm32l0xx_hal_dma.o
    0x08001638   0x08001638   0x0000011c   Code   RO         1052    .text.HAL_DMA_Init  stm32l0xx_hal_dma.o
    0x08001754   0x08001754   0x0000005a   Code   RO         1058    .text.HAL_DMA_Start_IT  stm32l0xx_hal_dma.o
    0x080017ae   0x080017ae   0x00000018   Code   RO          639    .text.HAL_Delay     stm32l0xx_hal.o
    0x080017c6   0x080017c6   0x00000002   PAD
    0x080017c8   0x080017c8   0x000001c0   Code   RO         1025    .text.HAL_GPIO_Init  stm32l0xx_hal_gpio.o
    0x08001988   0x08001988   0x0000000e   Code   RO         1029    .text.HAL_GPIO_ReadPin  stm32l0xx_hal_gpio.o
    0x08001996   0x08001996   0x00000010   Code   RO         1031    .text.HAL_GPIO_WritePin  stm32l0xx_hal_gpio.o
    0x080019a6   0x080019a6   0x00000002   PAD
    0x080019a8   0x080019a8   0x00000008   Code   RO          637    .text.HAL_GetTick   stm32l0xx_hal.o
    0x080019b0   0x080019b0   0x00000010   Code   RO          635    .text.HAL_IncTick   stm32l0xx_hal.o
    0x080019c0   0x080019c0   0x00000028   Code   RO          625    .text.HAL_Init      stm32l0xx_hal.o
    0x080019e8   0x080019e8   0x00000028   Code   RO          627    .text.HAL_InitTick  stm32l0xx_hal.o
    0x08001a10   0x08001a10   0x00000040   Code   RO          463    .text.HAL_MspInit   stm32l0xx_hal_msp.o
    0x08001a50   0x08001a50   0x00000014   Code   RO         1157    .text.HAL_NVIC_EnableIRQ  stm32l0xx_hal_cortex.o
    0x08001a64   0x08001a64   0x00000008   Code   RO         1153    .text.HAL_NVIC_SetPriority  stm32l0xx_hal_cortex.o
    0x08001a6c   0x08001a6c   0x000000fc   Code   RO          908    .text.HAL_RCCEx_GetPeriphCLKFreq  stm32l0xx_hal_rcc_ex.o
    0x08001b68   0x08001b68   0x00000174   Code   RO          904    .text.HAL_RCCEx_PeriphCLKConfig  stm32l0xx_hal_rcc_ex.o
    0x08001cdc   0x08001cdc   0x00000190   Code   RO          871    .text.HAL_RCC_ClockConfig  stm32l0xx_hal_rcc.o
    0x08001e6c   0x08001e6c   0x00000008   Code   RO          879    .text.HAL_RCC_GetHCLKFreq  stm32l0xx_hal_rcc.o
    0x08001e74   0x08001e74   0x00000024   Code   RO          881    .text.HAL_RCC_GetPCLK1Freq  stm32l0xx_hal_rcc.o
    0x08001e98   0x08001e98   0x00000080   Code   RO          873    .text.HAL_RCC_GetSysClockFreq  stm32l0xx_hal_rcc.o
    0x08001f18   0x08001f18   0x0000048c   Code   RO          867    .text.HAL_RCC_OscConfig  stm32l0xx_hal_rcc.o
    0x080023a4   0x080023a4   0x00000018   Code   RO         1173    .text.HAL_SYSTICK_CLKSourceConfig  stm32l0xx_hal_cortex.o
    0x080023bc   0x080023bc   0x00000002   Code   RO         1177    .text.HAL_SYSTICK_Callback  stm32l0xx_hal_cortex.o
    0x080023be   0x080023be   0x00000002   PAD
    0x080023c0   0x080023c0   0x00000034   Code   RO         1163    .text.HAL_SYSTICK_Config  stm32l0xx_hal_cortex.o
    0x080023f4   0x080023f4   0x00000008   Code   RO         1175    .text.HAL_SYSTICK_IRQHandler  stm32l0xx_hal_cortex.o
    0x080023fc   0x080023fc   0x00000002   Code   RO          610    .text.HAL_UARTEx_WakeupCallback  stm32l0xx_hal_uart_ex.o
    0x080023fe   0x080023fe   0x00000002   PAD
    0x08002400   0x08002400   0x00000064   Code   RO          182    .text.HAL_UART_AbortReceiveCpltCallback  me3616_if.o
    0x08002464   0x08002464   0x00000060   Code   RO          547    .text.HAL_UART_AbortReceive_IT  stm32l0xx_hal_uart.o
    0x080024c4   0x080024c4   0x00000020   Code   RO          164    .text.HAL_UART_ErrorCallback  me3616_if.o
    0x080024e4   0x080024e4   0x000001a0   Code   RO          553    .text.HAL_UART_IRQHandler  stm32l0xx_hal_uart.o
    0x08002684   0x08002684   0x0000006e   Code   RO          475    .text.HAL_UART_Init  stm32l0xx_hal_uart.o
    0x080026f2   0x080026f2   0x00000002   PAD
    0x080026f4   0x080026f4   0x00000150   Code   RO          414    .text.HAL_UART_MspInit  usart.o
    0x08002844   0x08002844   0x0000009c   Code   RO          513    .text.HAL_UART_Receive_DMA  stm32l0xx_hal_uart.o
    0x080028e0   0x080028e0   0x000000bc   Code   RO          503    .text.HAL_UART_Receive_IT  stm32l0xx_hal_uart.o
    0x0800299c   0x0800299c   0x00000002   Code   RO          565    .text.HAL_UART_RxCpltCallback  stm32l0xx_hal_uart.o
    0x0800299e   0x0800299e   0x00000002   Code   RO          567    .text.HAL_UART_RxHalfCpltCallback  stm32l0xx_hal_uart.o
    0x080029a0   0x080029a0   0x00000098   Code   RO          505    .text.HAL_UART_Transmit_DMA  stm32l0xx_hal_uart.o
    0x08002a38   0x08002a38   0x00000002   Code   RO          561    .text.HAL_UART_TxCpltCallback  stm32l0xx_hal_uart.o
    0x08002a3a   0x08002a3a   0x00000002   Code   RO          563    .text.HAL_UART_TxHalfCpltCallback  stm32l0xx_hal_uart.o
    0x08002a3c   0x08002a3c   0x00000002   Code   RO          437    .text.HardFault_Handler  stm32l0xx_it.o
    0x08002a3e   0x08002a3e   0x00000002   PAD
    0x08002a40   0x08002a40   0x00000030   Code   RO           91    .text.Hex2Str       me3616.o
    0x08002a70   0x08002a70   0x00000028   Code   RO           33    .text.IPERF_Callback  me3616.o
    0x08002a98   0x08002a98   0x000000a8   Code   RO           17    .text.IP_Callback   me3616.o
    0x08002b40   0x08002b40   0x00000032   Code   RO          172    .text.Init_UART_CM  me3616_if.o
    0x08002b72   0x08002b72   0x00000002   PAD
    0x08002b74   0x08002b74   0x00000020   Code   RO          451    .text.LPUART1_IRQHandler  stm32l0xx_it.o
    0x08002b94   0x08002b94   0x00000040   Code   RO          199    .text.Logging       easyiot.o
    0x08002bd4   0x08002bd4   0x0000003c   Code   RO          121    .text.M2MCLIRECV_Callback  me3616_app.o
    0x08002c10   0x08002c10   0x000000e8   Code   RO           31    .text.M2MCLI_Callback  me3616.o
    0x08002cf8   0x08002cf8   0x0000006c   Code   RO           11    .text.MATREADY_Callback  me3616.o
    0x08002d64   0x08002d64   0x00000012   Code   RO          143    .text.ME3616_APP    me3616_app.o
    0x08002d76   0x08002d76   0x00000002   PAD
    0x08002d78   0x08002d78   0x00000014   Code   RO          117    .text.ME3616_APP_ErrorHandler  me3616_app.o
    0x08002d8c   0x08002d8c   0x00000018   Code   RO           53    .text.ME3616_ErrorHandler  me3616.o
    0x08002da4   0x08002da4   0x00000018   Code   RO          162    .text.ME3616_IF_ErrorHandler  me3616_if.o
    0x08002dbc   0x08002dbc   0x000000f8   Code   RO           89    .text.ME3616_Init   me3616.o
    0x08002eb4   0x08002eb4   0x00000024   Code   RO          168    .text.ME3616_PowerOn  me3616_if.o
    0x08002ed8   0x08002ed8   0x00000028   Code   RO          170    .text.ME3616_Reset  me3616_if.o
    0x08002f00   0x08002f00   0x0000027c   Code   RO           71    .text.ME3616_Send_AT_Command  me3616.o
    0x0800317c   0x0800317c   0x00000158   Code   RO           85    .text.ME3616_String_Receive  me3616.o
    0x080032d4   0x080032d4   0x0000002c   Code   RO           45    .text.MIPLDISCOVER_Callback  me3616.o
    0x08003300   0x08003300   0x0000002c   Code   RO           37    .text.MIPLEVENT_Callback  me3616.o
    0x0800332c   0x0800332c   0x0000002c   Code   RO           43    .text.MIPLOBSERVE_Callback  me3616.o
    0x08003358   0x08003358   0x00000030   Code   RO           47    .text.MIPLPARAMETER_Callback  me3616.o
    0x08003388   0x08003388   0x00000028   Code   RO           39    .text.MIPLREAD_Callback  me3616.o
    0x080033b0   0x080033b0   0x0000002c   Code   RO           41    .text.MIPLWRITE_Callback  me3616.o
    0x080033dc   0x080033dc   0x00000040   Code   RO          397    .text.MX_DMA_Init   dma.o
    0x0800341c   0x0800341c   0x00000064   Code   RO          384    .text.MX_GPIO_Init  gpio.o
    0x08003480   0x08003480   0x0000003c   Code   RO          410    .text.MX_LPUART1_UART_Init  usart.o
    0x080034bc   0x080034bc   0x00000040   Code   RO          412    .text.MX_USART2_UART_Init  usart.o
    0x080034fc   0x080034fc   0x000000b4   Code   RO          323    .text.MessageDeserializeBodyData  easyiot.o
    0x080035b0   0x080035b0   0x00000110   Code   RO          329    .text.MessagesDeserialize  easyiot.o
    0x080036c0   0x080036c0   0x000000d4   Code   RO          331    .text.MessagesSerialize  easyiot.o
    0x08003794   0x08003794   0x00000070   Code   RO          221    .text.MessagesStaticMalloc  easyiot.o
    0x08003804   0x08003804   0x00000002   Code   RO          435    .text.NMI_Handler   stm32l0xx_it.o
    0x08003806   0x08003806   0x00000002   PAD
    0x08003808   0x08003808   0x00000040   Code   RO         1155    .text.NVIC_SetPriority  stm32l0xx_hal_cortex.o
    0x08003848   0x08003848   0x000000a4   Code   RO          219    .text.NewMessageStatic  easyiot.o
    0x080038ec   0x080038ec   0x00000028   Code   RO          255    .text.NewTLV        easyiot.o
    0x08003914   0x08003914   0x00000044   Code   RO          253    .text.NewTLVStatic  easyiot.o
    0x08003958   0x08003958   0x00000002   Code   RO          441    .text.PendSV_Handler  stm32l0xx_it.o
    0x0800395a   0x0800395a   0x00000002   PAD
    0x0800395c   0x0800395c   0x00000064   Code   RO          869    .text.RCC_SetFlashLatencyFromMSIRange  stm32l0xx_hal_rcc.o
    0x080039c0   0x080039c0   0x00000034   Code   RO           83    .text.RxHandler     me3616.o
    0x080039f4   0x080039f4   0x00000002   Code   RO          439    .text.SVC_Handler   stm32l0xx_it.o
    0x080039f6   0x080039f6   0x0000000a   Code   RO          137    .text.SendtoDBG     me3616_app.o
    0x08003a00   0x08003a00   0x00000074   Code   RO          135    .text.SendtoModule  me3616_app.o
    0x08003a74   0x08003a74   0x00000080   Code   RO          315    .text.SerializeBody  easyiot.o
    0x08003af4   0x08003af4   0x00000018   Code   RO           69    .text.Set_AT_Info   me3616.o
    0x08003b0c   0x08003b0c   0x00000006   Code   RO           63    .text.Set_Last_AT_CMD_None  me3616.o
    0x08003b12   0x08003b12   0x00000008   Code   RO           55    .text.Set_Sys_State  me3616.o
    0x08003b1a   0x08003b1a   0x00000002   PAD
    0x08003b1c   0x08003b1c   0x00000010   Code   RO           51    .text.State_Hex2Str  me3616.o
    0x08003b2c   0x08003b2c   0x0000000c   Code   RO          443    .text.SysTick_Handler  stm32l0xx_it.o
    0x08003b38   0x08003b38   0x00000080   Code   RO          368    .text.SystemClock_Config  main.o
    0x08003bb8   0x08003bb8   0x00000050   Code   RO         1190    .text.SystemInit    system_stm32l0xx.o
    0x08003c08   0x08003c08   0x000000d4   Code   RO          313    .text.TLVSerialize  easyiot.o
    0x08003cdc   0x08003cdc   0x00000014   Code   RO          184    .text.UART_AT_Receive  me3616_if.o
    0x08003cf0   0x08003cf0   0x000000bc   Code   RO          176    .text.UART_AT_Send  me3616_if.o
    0x08003dac   0x08003dac   0x000000aa   Code   RO          479    .text.UART_AdvFeatureConfig  stm32l0xx_hal_uart.o
    0x08003e56   0x08003e56   0x00000002   PAD
    0x08003e58   0x08003e58   0x00000070   Code   RO          483    .text.UART_CheckIdleState  stm32l0xx_hal_uart.o
    0x08003ec8   0x08003ec8   0x00000014   Code   RO          557    .text.UART_DMAAbortOnError  stm32l0xx_hal_uart.o
    0x08003edc   0x08003edc   0x0000005a   Code   RO          511    .text.UART_DMAError  stm32l0xx_hal_uart.o
    0x08003f36   0x08003f36   0x0000003c   Code   RO          515    .text.UART_DMAReceiveCplt  stm32l0xx_hal_uart.o
    0x08003f72   0x08003f72   0x0000000a   Code   RO          517    .text.UART_DMARxHalfCplt  stm32l0xx_hal_uart.o
    0x08003f7c   0x08003f7c   0x0000001c   Code   RO          549    .text.UART_DMARxOnlyAbortCallback  stm32l0xx_hal_uart.o
    0x08003f98   0x08003f98   0x00000030   Code   RO          507    .text.UART_DMATransmitCplt  stm32l0xx_hal_uart.o
    0x08003fc8   0x08003fc8   0x0000000a   Code   RO          509    .text.UART_DMATxHalfCplt  stm32l0xx_hal_uart.o
    0x08003fd2   0x08003fd2   0x0000001c   Code   RO          525    .text.UART_EndRxTransfer  stm32l0xx_hal_uart.o
    0x08003fee   0x08003fee   0x00000002   PAD
    0x08003ff0   0x08003ff0   0x00000074   Code   RO          555    .text.UART_Receive_IT  stm32l0xx_hal_uart.o
    0x08004064   0x08004064   0x0000022c   Code   RO          481    .text.UART_SetConfig  stm32l0xx_hal_uart.o
    0x08004290   0x08004290   0x0000005e   Code   RO          497    .text.UART_WaitOnFlagUntilTimeout  stm32l0xx_hal_uart.o
    0x080042ee   0x080042ee   0x00000002   PAD
    0x080042f0   0x080042f0   0x00000028   Code   RO          449    .text.USART2_IRQHandler  stm32l0xx_it.o
    0x08004318   0x08004318   0x00000034   Code   RO           87    .text.UnknowActiveReport_Callback  me3616.o
    0x0800434c   0x0800434c   0x000000cc   Code   RO          327    .text.UserCmdReqMsgDeserialize  easyiot.o
    0x08004418   0x08004418   0x00000090   Code   RO          319    .text.UserCmdRspMsgSerialize  easyiot.o
    0x080044a8   0x080044a8   0x000001e4   Code   RO          321    .text.UserUpMsgSerialize  easyiot.o
    0x0800468c   0x0800468c   0x00000048   Code   RO          178    .text.Wait_AT_Response  me3616_if.o
    0x080046d4   0x080046d4   0x0000003c   Code   RO          174    .text.Wait_AT_SendReady  me3616_if.o
    0x08004710   0x08004710   0x00000028   Code   RO           35    .text.ZGPSR_Callback  me3616.o
    0x08004738   0x08004738   0x00000002   Code   RO          370    .text._Error_Handler  main.o
    0x0800473a   0x0800473a   0x00000002   PAD
    0x0800473c   0x0800473c   0x000000ac   Code   RO          345    .text.a2b_hex       easyiot.o
    0x080047e8   0x080047e8   0x00000020   Code   RO          133    .text.ack_handler   me3616_app.o
    0x08004808   0x08004808   0x0000006c   Code   RO          139    .text.cmd_handler_callback  me3616_app.o
    0x08004874   0x08004874   0x00000008   Code   RO          127    .text.getBattery    me3616_app.o
    0x0800487c   0x0800487c   0x00000008   Code   RO          131    .text.getSignal     me3616_app.o
    0x08004884   0x08004884   0x0000000a   Code   RO          129    .text.getTimestamp  me3616_app.o
    0x0800488e   0x0800488e   0x00000002   PAD
    0x08004890   0x08004890   0x000000ac   Code   RO          273    .text.get_tlv_from_msg  easyiot.o
    0x0800493c   0x0800493c   0x00000026   Code   RO          229    .text.host2NetDouble  easyiot.o
    0x08004962   0x08004962   0x00000002   PAD
    0x08004964   0x08004964   0x000000d4   Code   RO          366    .text.main          main.o
    0x08004a38   0x08004a38   0x00000294   Code   RO          141    .text.me3616_test_easyiot  me3616_app.o
    0x08004ccc   0x08004ccc   0x00000038   Code   RO          333    .text.pushMessageStackedBuffer  easyiot.o
    0x08004d04   0x08004d04   0x0000004c   Code   RO          337    .text.pushMessageStatic  easyiot.o
    0x08004d50   0x08004d50   0x00000064   Code   RO          339    .text.pushMessages  easyiot.o
    0x08004db4   0x08004db4   0x00000030   Code   RO          209    .text.setAckHandler  easyiot.o
    0x08004de4   0x08004de4   0x00000034   Code   RO          205    .text.setBatteryCb  easyiot.o
    0x08004e18   0x08004e18   0x000000dc   Code   RO          207    .text.setCmdHandler  easyiot.o
    0x08004ef4   0x08004ef4   0x00000040   Code   RO          213    .text.setLogSerialOutputCb  easyiot.o
    0x08004f34   0x08004f34   0x00000044   Code   RO          217    .text.setMessages   easyiot.o
    0x08004f78   0x08004f78   0x00000040   Code   RO          211    .text.setNbSerialOutputCb  easyiot.o
    0x08004fb8   0x08004fb8   0x00000034   Code   RO          203    .text.setSignalCb   easyiot.o
    0x08004fec   0x08004fec   0x00000038   Code   RO          201    .text.setsTimestampCb  easyiot.o
    0x08005024   0x08005024   0x0000007e   Code   RO          311    .text.value_serialize  easyiot.o
    0x080050a2   0x080050a2   0x00000002   PAD
    0x080050a4   0x080050a4   0x00000028   Code   RO         1470    i.__0sprintf        mc_p.l(printfa.o)
    0x080050cc   0x080050cc   0x00000024   Code   RO         1474    i.__0vsprintf       mc_p.l(printfa.o)
    0x080050f0   0x080050f0   0x0000002e   Code   RO         1609    i.__ARM_clz         mf_p.l(depilogue.o)
    0x0800511e   0x0800511e   0x00000002   PAD
    0x08005120   0x08005120   0x00000008   Code   RO         1551    i.__aeabi_errno_addr  mc_p.l(errno.o)
    0x08005128   0x08005128   0x0000000e   Code   RO         1615    i.__scatterload_copy  mc_p.l(handlers.o)
    0x08005136   0x08005136   0x00000002   Code   RO         1616    i.__scatterload_null  mc_p.l(handlers.o)
    0x08005138   0x08005138   0x0000000e   Code   RO         1617    i.__scatterload_zeroinit  mc_p.l(handlers.o)
    0x08005146   0x08005146   0x00000002   PAD
    0x08005148   0x08005148   0x00000174   Code   RO         1475    i._fp_digits        mc_p.l(printfa.o)
    0x080052bc   0x080052bc   0x000006ec   Code   RO         1476    i._printf_core      mc_p.l(printfa.o)
    0x080059a8   0x080059a8   0x00000020   Code   RO         1477    i._printf_post_padding  mc_p.l(printfa.o)
    0x080059c8   0x080059c8   0x0000002c   Code   RO         1478    i._printf_pre_padding  mc_p.l(printfa.o)
    0x080059f4   0x080059f4   0x0000000a   Code   RO         1480    i._sputc            mc_p.l(printfa.o)
    0x080059fe   0x080059fe   0x00000002   PAD
    0x08005a00   0x08005a00   0x00000054   Code   RO         1496    i.free              mc_p.l(malloc.o)
    0x08005a54   0x08005a54   0x0000006c   Code   RO         1497    i.malloc            mc_p.l(malloc.o)
    0x08005ac0   0x08005ac0   0x00000081   Data   RO         1577    .constdata          mc_p.l(ctype_o.o)
    0x08005b41   0x08005b41   0x00000003   PAD
    0x08005b44   0x08005b44   0x00000004   Data   RO         1578    .constdata          mc_p.l(ctype_o.o)
    0x08005b48   0x08005b48   0x00000010   Data   RO          103    .rodata..Lswitch.table.DBG_Print  me3616.o
    0x08005b58   0x08005b58   0x00000010   Data   RO         1195    .rodata.AHBPrescTable  system_stm32l0xx.o
    0x08005b68   0x08005b68   0x00000008   Data   RO         1196    .rodata.APBPrescTable  system_stm32l0xx.o
    0x08005b70   0x08005b70   0x00000009   Data   RO         1197    .rodata.PLLMulTable  system_stm32l0xx.o
    0x08005b79   0x08005b79   0x0000059f   Data   RO           95    .rodata.str1.1      me3616.o
    0x08006118   0x08006118   0x0000005b   Data   RO          145    .rodata.str1.1      me3616_app.o
    0x08006173   0x08006173   0x000002dc   Data   RO          352    .rodata.str1.1      easyiot.o
    0x0800644f   0x0800644f   0x0000000f   Data   RO          419    .rodata.str1.1      usart.o
    0x0800645e   0x0800645e   0x00000002   PAD
    0x08006460   0x08006460   0x00000020   Data   RO         1613    Region$$Table       anon$$obj.o


    Execution Region RW_IRAM1 (Exec base: 0x20000000, Load base: 0x08006480, Size: 0x000016d0, Max: 0x00002000, ABSOLUTE, COMPRESSED[0x00000220])

    Exec Addr    Load Addr    Size         Type   Attr      Idx    E Section Name        Object

    0x20000000   COMPRESSED   0x00000004   Data   RW         1549    .data               mc_p.l(mvars.o)
    0x20000004   COMPRESSED   0x00000004   Data   RW         1550    .data               mc_p.l(mvars.o)
    0x20000008   COMPRESSED   0x00000004   Data   RW         1554    .data               mc_p.l(errno.o)
    0x2000000c   COMPRESSED   0x00000004   PAD
    0x20000010   COMPRESSED   0x00000050   Data   RW          104    .data..L_MergedGlobals  me3616.o
    0x20000060   COMPRESSED   0x00000010   Data   RW          150    .data..L_MergedGlobals  me3616_app.o
    0x20000070   COMPRESSED   0x00000050   Data   RW          105    .data..L_MergedGlobals.198  me3616.o
    0x200000c0   COMPRESSED   0x00000224   Data   RW          101    .data.AT_CMD_String  me3616.o
    0x200002e4   COMPRESSED   0x00000004   Data   RW         1194    .data.SystemCoreClock  system_stm32l0xx.o
    0x200002e8   COMPRESSED   0x000000fa   Data   RW          147    .data.receive_buff  me3616_app.o
    0x200003e2   COMPRESSED   0x0000000e   PAD
    0x200003f0        -       0x00000044   Zero   RW          353    .bss..L_MergedGlobals  easyiot.o
    0x20000434   COMPRESSED   0x0000000c   PAD
    0x20000440        -       0x00000040   Zero   RW          421    .bss..L_MergedGlobals  usart.o
    0x20000480        -       0x00000040   Zero   RW          422    .bss..L_MergedGlobals.1  usart.o
    0x200004c0        -       0x00000040   Zero   RW          423    .bss..L_MergedGlobals.2  usart.o
    0x20000500        -       0x00000040   Zero   RW          354    .bss..L_MergedGlobals.76  easyiot.o
    0x20000540        -       0x00000450   Zero   RW          102    .bss.ME3616_Instance  me3616.o
    0x20000990        -       0x000000c8   Zero   RW          148    .bss.cmd_ack_buff   me3616_app.o
    0x20000a58        -       0x000000c8   Zero   RW          149    .bss.convert_buff   me3616_app.o
    0x20000b20        -       0x00000004   Zero   RW          351    .bss.gl_nb_out      easyiot.o
    0x20000b24        -       0x00000070   Zero   RW          418    .bss.hlpuart1       usart.o
    0x20000b94        -       0x00000070   Zero   RW          420    .bss.huart2         usart.o
    0x20000c04        -       0x000000c8   Zero   RW          146    .bss.msg_buff       me3616_app.o
    0x20000ccc        -       0x00000004   Zero   RW          675    .bss.uwTick         stm32l0xx_hal.o
    0x20000cd0        -       0x00000400   Zero   RW            2    HEAP                startup_stm32l031xx.o
    0x200010d0        -       0x00000600   Zero   RW            1    STACK               startup_stm32l031xx.o


==============================================================================

Image component sizes


      Code (inc. data)   RO Data    RW Data    ZI Data      Debug   Object Name

        64          4          0          0          0       1783   dma.o
      4968       2036        732          0        136      26911   easyiot.o
       100          8          0          0          0       2108   gpio.o
       342        120          0          0          0       3279   main.o
      3248        812       1455        708       1104      24627   me3616.o
      1310        344         91        266        600      14466   me3616_app.o
       746        176          0          0          0      12075   me3616_if.o
        28          8        192          0       2560        612   startup_stm32l031xx.o
       128         12          0          0          4       6255   stm32l0xx_hal.o
       178         24          0          0          0       5543   stm32l0xx_hal_cortex.o
      1098         44          0          0          0       6448   stm32l0xx_hal_dma.o
       478         28          0          0          0       5245   stm32l0xx_hal_gpio.o
        64          8          0          0          0       1729   stm32l0xx_hal_msp.o
      1836         76          0          0          0       8234   stm32l0xx_hal_rcc.o
       624         28          0          0          0       4770   stm32l0xx_hal_rcc_ex.o
      2468        136          0          0          0      20663   stm32l0xx_hal_uart.o
         2          0          0          0          0       6257   stm32l0xx_hal_uart_ex.o
       132         20          0          0          0       1372   stm32l0xx_it.o
        80         16         33          4          0       2361   system_stm32l0xx.o
       460         52         15          0        416       6366   usart.o

    ----------------------------------------------------------------------
     18392       3952       2552        980       4844     161104   Object Totals
         0          0         32          0          0          0   (incl. Generated)
        38          0          2          2         24          0   (incl. Padding)

    ----------------------------------------------------------------------

      Code (inc. data)   RO Data    RW Data    ZI Data      Debug   Library Member Name

        96          0          0          0          0          0   __dclz77c.o
        30          0          0          0          0         60   _chval.o
       166          0          0          0          0         84   _strtoul.o
        26          0          0          0          0         72   atoi.o
         8          4        133          0          0         60   ctype_o.o
         0          0          0          0          0          0   entry.o
         0          0          0          0          0          0   entry10a.o
         0          0          0          0          0          0   entry11a.o
         8          4          0          0          0          0   entry2.o
         4          0          0          0          0          0   entry5.o
         0          0          0          0          0          0   entry7b.o
         0          0          0          0          0          0   entry8b.o
         8          4          0          0          0          0   entry9a.o
         8          4          0          4          0         60   errno.o
        30          0          0          0          0          0   handlers.o
        36          8          0          0          0         68   init.o
         0          0          0          0          0          0   iusefp.o
        32          0          0          0          0         68   llshl.o
        38          0          0          0          0         68   llsshr.o
        34          0          0          0          0         68   llushr.o
       192         20          0          0          0        144   malloc.o
        36          0          0          0          0         60   memcpya.o
        36          0          0          0          0        100   memseta.o
         0          0          0          8          0          0   mvars.o
      2306        100          0          0          0        544   printfa.o
        20          0          0          0          0         60   strchr.o
        18          0          0          0          0         60   strcpy.o
        14          0          0          0          0         60   strlen.o
        30          0          0          0          0         72   strncmp.o
        26          0          0          0          0         68   strncpy.o
        40          0          0          0          0         72   strstr.o
       112          4          0          0          0         76   strtol.o
        44          0          0          0          0         72   uidiv.o
        96          0          0          0          0         84   uldiv.o
        40          2          0          0          0         68   cdrcmple.o
       356          4          0          0          0        140   dadd.o
       240          6          0          0          0         84   ddiv.o
       236          0          0          0          0        216   depilogue.o
        64         10          0          0          0         68   dfixul.o
       208          6          0          0          0         88   dmul.o

    ----------------------------------------------------------------------
      4648        176        136         16          0       2744   Library Totals
        10          0          3          4          0          0   (incl. Padding)

    ----------------------------------------------------------------------

      Code (inc. data)   RO Data    RW Data    ZI Data      Debug   Library Name

      3494        148        133         12          0       2080   mc_p.l
      1144         28          0          0          0        664   mf_p.l

    ----------------------------------------------------------------------
      4648        176        136         16          0       2744   Library Totals

    ----------------------------------------------------------------------

==============================================================================


      Code (inc. data)   RO Data    RW Data    ZI Data      Debug   

     23040       4128       2688        996       4844     162368   Grand Totals
     23040       4128       2688        544       4844     162368   ELF Image Totals (compressed)
     23040       4128       2688        544          0          0   ROM Totals

==============================================================================

    Total RO  Size (Code + RO Data)                25728 (  25.13kB)
    Total RW  Size (RW Data + ZI Data)              5840 (   5.70kB)
    Total ROM Size (Code + RO Data + RW Data)      26272 (  25.66kB)

==============================================================================

